<?xml version="1.0" encoding="ISO-8859-1" ?>
<link_info>
   <banner>TI ARM Linker PC v20.2.7.LTS</banner>
   <copyright>Copyright (c) 1996-2018 Texas Instruments Incorporated</copyright>
   <link_time>0x67d090d9</link_time>
   <link_errors>0x0</link_errors>
   <output_file>lab-final.out</output_file>
   <entry_point>
      <name>_c_int00_noargs</name>
      <address>0x20008da9</address>
   </entry_point>
   <input_file_list>
      <input_file id="fl-2">
         <path>.\</path>
         <kind>object</kind>
         <file>Adafruit_GFX.obj</file>
         <name>Adafruit_GFX.obj</name>
      </input_file>
      <input_file id="fl-3">
         <path>.\</path>
         <kind>object</kind>
         <file>Adafruit_OLED.obj</file>
         <name>Adafruit_OLED.obj</name>
      </input_file>
      <input_file id="fl-4">
         <path>.\</path>
         <kind>object</kind>
         <file>gpio_if.obj</file>
         <name>gpio_if.obj</name>
      </input_file>
      <input_file id="fl-5">
         <path>.\</path>
         <kind>object</kind>
         <file>i2c_if.obj</file>
         <name>i2c_if.obj</name>
      </input_file>
      <input_file id="fl-6">
         <path>.\</path>
         <kind>object</kind>
         <file>main.obj</file>
         <name>main.obj</name>
      </input_file>
      <input_file id="fl-7">
         <path>.\</path>
         <kind>object</kind>
         <file>oled_test.obj</file>
         <name>oled_test.obj</name>
      </input_file>
      <input_file id="fl-8">
         <path>.\</path>
         <kind>object</kind>
         <file>pin_mux_config.obj</file>
         <name>pin_mux_config.obj</name>
      </input_file>
      <input_file id="fl-9">
         <path>.\</path>
         <kind>object</kind>
         <file>startup_ccs.obj</file>
         <name>startup_ccs.obj</name>
      </input_file>
      <input_file id="fl-a">
         <path>.\</path>
         <kind>object</kind>
         <file>uart_if.obj</file>
         <name>uart_if.obj</name>
      </input_file>
      <input_file id="fl-f">
         <kind>object</kind>
         <file>&lt;internal&gt;</file>
         <name>&lt;internal&gt;</name>
      </input_file>
      <input_file id="fl-10">
         <path>C:\ti\CC3200SDK_1.5.0\cc3200-sdk\driverlib\ccs\Release\</path>
         <kind>archive</kind>
         <file>driverlib.a</file>
         <name>gpio.obj</name>
      </input_file>
      <input_file id="fl-11">
         <path>C:\ti\CC3200SDK_1.5.0\cc3200-sdk\driverlib\ccs\Release\</path>
         <kind>archive</kind>
         <file>driverlib.a</file>
         <name>i2c.obj</name>
      </input_file>
      <input_file id="fl-12">
         <path>C:\ti\CC3200SDK_1.5.0\cc3200-sdk\driverlib\ccs\Release\</path>
         <kind>archive</kind>
         <file>driverlib.a</file>
         <name>interrupt.obj</name>
      </input_file>
      <input_file id="fl-13">
         <path>C:\ti\CC3200SDK_1.5.0\cc3200-sdk\driverlib\ccs\Release\</path>
         <kind>archive</kind>
         <file>driverlib.a</file>
         <name>pin.obj</name>
      </input_file>
      <input_file id="fl-14">
         <path>C:\ti\CC3200SDK_1.5.0\cc3200-sdk\driverlib\ccs\Release\</path>
         <kind>archive</kind>
         <file>driverlib.a</file>
         <name>prcm.obj</name>
      </input_file>
      <input_file id="fl-15">
         <path>C:\ti\CC3200SDK_1.5.0\cc3200-sdk\driverlib\ccs\Release\</path>
         <kind>archive</kind>
         <file>driverlib.a</file>
         <name>spi.obj</name>
      </input_file>
      <input_file id="fl-16">
         <path>C:\ti\CC3200SDK_1.5.0\cc3200-sdk\driverlib\ccs\Release\</path>
         <kind>archive</kind>
         <file>driverlib.a</file>
         <name>systick.obj</name>
      </input_file>
      <input_file id="fl-17">
         <path>C:\ti\CC3200SDK_1.5.0\cc3200-sdk\driverlib\ccs\Release\</path>
         <kind>archive</kind>
         <file>driverlib.a</file>
         <name>uart.obj</name>
      </input_file>
      <input_file id="fl-18">
         <path>C:\ti\CC3200SDK_1.5.0\cc3200-sdk\driverlib\ccs\Release\</path>
         <kind>archive</kind>
         <file>driverlib.a</file>
         <name>utils.obj</name>
      </input_file>
      <input_file id="fl-19">
         <path>C:\ti\CC3200SDK_1.5.0\cc3200-sdk\driverlib\ccs\Release\</path>
         <kind>archive</kind>
         <file>driverlib.a</file>
         <name>cpu.obj</name>
      </input_file>
      <input_file id="fl-1a">
         <path>C:\ti\CC3200SDK_1.5.0\cc3200-sdk\driverlib\ccs\Release\</path>
         <kind>archive</kind>
         <file>driverlib.a</file>
         <name>flash.obj</name>
      </input_file>
      <input_file id="fl-d0">
         <path>C:\ti\ccs1280\ccs\tools\compiler\ti-cgt-arm_20.2.7.LTS\lib\</path>
         <kind>archive</kind>
         <file>rtsv7M4_T_le_v4SPD16_eabi.lib</file>
         <name>vsnprintf.c.obj</name>
      </input_file>
      <input_file id="fl-d1">
         <path>C:\ti\ccs1280\ccs\tools\compiler\ti-cgt-arm_20.2.7.LTS\lib\</path>
         <kind>archive</kind>
         <file>rtsv7M4_T_le_v4SPD16_eabi.lib</file>
         <name>fd_div_t2.asm.obj</name>
      </input_file>
      <input_file id="fl-d2">
         <path>C:\ti\ccs1280\ccs\tools\compiler\ti-cgt-arm_20.2.7.LTS\lib\</path>
         <kind>archive</kind>
         <file>rtsv7M4_T_le_v4SPD16_eabi.lib</file>
         <name>fd_mul_t2.asm.obj</name>
      </input_file>
      <input_file id="fl-d3">
         <path>C:\ti\ccs1280\ccs\tools\compiler\ti-cgt-arm_20.2.7.LTS\lib\</path>
         <kind>archive</kind>
         <file>rtsv7M4_T_le_v4SPD16_eabi.lib</file>
         <name>fd_toi_t2.asm.obj</name>
      </input_file>
      <input_file id="fl-d4">
         <path>C:\ti\ccs1280\ccs\tools\compiler\ti-cgt-arm_20.2.7.LTS\lib\</path>
         <kind>archive</kind>
         <file>rtsv7M4_T_le_v4SPD16_eabi.lib</file>
         <name>i_tofd_t2.asm.obj</name>
      </input_file>
      <input_file id="fl-d5">
         <path>C:\ti\ccs1280\ccs\tools\compiler\ti-cgt-arm_20.2.7.LTS\lib\</path>
         <kind>archive</kind>
         <file>rtsv7M4_T_le_v4SPD16_eabi.lib</file>
         <name>memcpy_t2.asm.obj</name>
      </input_file>
      <input_file id="fl-d6">
         <path>C:\ti\ccs1280\ccs\tools\compiler\ti-cgt-arm_20.2.7.LTS\lib\</path>
         <kind>archive</kind>
         <file>rtsv7M4_T_le_v4SPD16_eabi.lib</file>
         <name>memset_t2.asm.obj</name>
      </input_file>
      <input_file id="fl-d7">
         <path>C:\ti\ccs1280\ccs\tools\compiler\ti-cgt-arm_20.2.7.LTS\lib\</path>
         <kind>archive</kind>
         <file>rtsv7M4_T_le_v4SPD16_eabi.lib</file>
         <name>ull_div_t2.asm.obj</name>
      </input_file>
      <input_file id="fl-d8">
         <path>C:\ti\ccs1280\ccs\tools\compiler\ti-cgt-arm_20.2.7.LTS\lib\</path>
         <kind>archive</kind>
         <file>rtsv7M4_T_le_v4SPD16_eabi.lib</file>
         <name>copy_zero_init.c.obj</name>
      </input_file>
      <input_file id="fl-d9">
         <path>C:\ti\ccs1280\ccs\tools\compiler\ti-cgt-arm_20.2.7.LTS\lib\</path>
         <kind>archive</kind>
         <file>rtsv7M4_T_le_v4SPD16_eabi.lib</file>
         <name>copy_decompress_none.c.obj</name>
      </input_file>
      <input_file id="fl-da">
         <path>C:\ti\ccs1280\ccs\tools\compiler\ti-cgt-arm_20.2.7.LTS\lib\</path>
         <kind>archive</kind>
         <file>rtsv7M4_T_le_v4SPD16_eabi.lib</file>
         <name>copy_decompress_lzss.c.obj</name>
      </input_file>
      <input_file id="fl-db">
         <path>C:\ti\ccs1280\ccs\tools\compiler\ti-cgt-arm_20.2.7.LTS\lib\</path>
         <kind>archive</kind>
         <file>rtsv7M4_T_le_v4SPD16_eabi.lib</file>
         <name>memmov.c.obj</name>
      </input_file>
      <input_file id="fl-dc">
         <path>C:\ti\ccs1280\ccs\tools\compiler\ti-cgt-arm_20.2.7.LTS\lib\</path>
         <kind>archive</kind>
         <file>rtsv7M4_T_le_v4SPD16_eabi.lib</file>
         <name>memory.c.obj</name>
      </input_file>
      <input_file id="fl-dd">
         <path>C:\ti\ccs1280\ccs\tools\compiler\ti-cgt-arm_20.2.7.LTS\lib\</path>
         <kind>archive</kind>
         <file>rtsv7M4_T_le_v4SPD16_eabi.lib</file>
         <name>strlen.c.obj</name>
      </input_file>
      <input_file id="fl-de">
         <path>C:\ti\ccs1280\ccs\tools\compiler\ti-cgt-arm_20.2.7.LTS\lib\</path>
         <kind>archive</kind>
         <file>rtsv7M4_T_le_v4SPD16_eabi.lib</file>
         <name>strncmp.c.obj</name>
      </input_file>
      <input_file id="fl-df">
         <path>C:\ti\ccs1280\ccs\tools\compiler\ti-cgt-arm_20.2.7.LTS\lib\</path>
         <kind>archive</kind>
         <file>rtsv7M4_T_le_v4SPD16_eabi.lib</file>
         <name>boot_cortex_m.c.obj</name>
      </input_file>
      <input_file id="fl-e0">
         <path>C:\ti\ccs1280\ccs\tools\compiler\ti-cgt-arm_20.2.7.LTS\lib\</path>
         <kind>archive</kind>
         <file>rtsv7M4_T_le_v4SPD16_eabi.lib</file>
         <name>_printfi.c.obj</name>
      </input_file>
      <input_file id="fl-e1">
         <path>C:\ti\ccs1280\ccs\tools\compiler\ti-cgt-arm_20.2.7.LTS\lib\</path>
         <kind>archive</kind>
         <file>rtsv7M4_T_le_v4SPD16_eabi.lib</file>
         <name>div0.asm.obj</name>
      </input_file>
      <input_file id="fl-e2">
         <path>C:\ti\ccs1280\ccs\tools\compiler\ti-cgt-arm_20.2.7.LTS\lib\</path>
         <kind>archive</kind>
         <file>rtsv7M4_T_le_v4SPD16_eabi.lib</file>
         <name>fd_add_t2.asm.obj</name>
      </input_file>
      <input_file id="fl-e3">
         <path>C:\ti\ccs1280\ccs\tools\compiler\ti-cgt-arm_20.2.7.LTS\lib\</path>
         <kind>archive</kind>
         <file>rtsv7M4_T_le_v4SPD16_eabi.lib</file>
         <name>fd_cmp_t2.asm.obj</name>
      </input_file>
      <input_file id="fl-e4">
         <path>C:\ti\ccs1280\ccs\tools\compiler\ti-cgt-arm_20.2.7.LTS\lib\</path>
         <kind>archive</kind>
         <file>rtsv7M4_T_le_v4SPD16_eabi.lib</file>
         <name>autoinit.c.obj</name>
      </input_file>
      <input_file id="fl-e5">
         <path>C:\ti\ccs1280\ccs\tools\compiler\ti-cgt-arm_20.2.7.LTS\lib\</path>
         <kind>archive</kind>
         <file>rtsv7M4_T_le_v4SPD16_eabi.lib</file>
         <name>pre_init.c.obj</name>
      </input_file>
      <input_file id="fl-e6">
         <path>C:\ti\ccs1280\ccs\tools\compiler\ti-cgt-arm_20.2.7.LTS\lib\</path>
         <kind>archive</kind>
         <file>rtsv7M4_T_le_v4SPD16_eabi.lib</file>
         <name>cpy_tbl.c.obj</name>
      </input_file>
      <input_file id="fl-e7">
         <path>C:\ti\ccs1280\ccs\tools\compiler\ti-cgt-arm_20.2.7.LTS\lib\</path>
         <kind>archive</kind>
         <file>rtsv7M4_T_le_v4SPD16_eabi.lib</file>
         <name>exit.c.obj</name>
      </input_file>
      <input_file id="fl-e8">
         <path>C:\ti\ccs1280\ccs\tools\compiler\ti-cgt-arm_20.2.7.LTS\lib\</path>
         <kind>archive</kind>
         <file>rtsv7M4_T_le_v4SPD16_eabi.lib</file>
         <name>_lock.c.obj</name>
      </input_file>
      <input_file id="fl-e9">
         <path>C:\ti\ccs1280\ccs\tools\compiler\ti-cgt-arm_20.2.7.LTS\lib\</path>
         <kind>archive</kind>
         <file>rtsv7M4_T_le_v4SPD16_eabi.lib</file>
         <name>_ltoa.c.obj</name>
      </input_file>
      <input_file id="fl-ea">
         <path>C:\ti\ccs1280\ccs\tools\compiler\ti-cgt-arm_20.2.7.LTS\lib\</path>
         <kind>archive</kind>
         <file>rtsv7M4_T_le_v4SPD16_eabi.lib</file>
         <name>args_main.c.obj</name>
      </input_file>
      <input_file id="fl-eb">
         <path>C:\ti\ccs1280\ccs\tools\compiler\ti-cgt-arm_20.2.7.LTS\lib\</path>
         <kind>archive</kind>
         <file>rtsv7M4_T_le_v4SPD16_eabi.lib</file>
         <name>atoi.c.obj</name>
      </input_file>
      <input_file id="fl-ec">
         <path>C:\ti\ccs1280\ccs\tools\compiler\ti-cgt-arm_20.2.7.LTS\lib\</path>
         <kind>archive</kind>
         <file>rtsv7M4_T_le_v4SPD16_eabi.lib</file>
         <name>ctype.c.obj</name>
      </input_file>
      <input_file id="fl-ed">
         <path>C:\ti\ccs1280\ccs\tools\compiler\ti-cgt-arm_20.2.7.LTS\lib\</path>
         <kind>archive</kind>
         <file>rtsv7M4_T_le_v4SPD16_eabi.lib</file>
         <name>memccpy.c.obj</name>
      </input_file>
      <input_file id="fl-ee">
         <path>C:\ti\ccs1280\ccs\tools\compiler\ti-cgt-arm_20.2.7.LTS\lib\</path>
         <kind>archive</kind>
         <file>rtsv7M4_T_le_v4SPD16_eabi.lib</file>
         <name>strchr.c.obj</name>
      </input_file>
      <input_file id="fl-ef">
         <path>C:\ti\ccs1280\ccs\tools\compiler\ti-cgt-arm_20.2.7.LTS\lib\</path>
         <kind>archive</kind>
         <file>rtsv7M4_T_le_v4SPD16_eabi.lib</file>
         <name>errno.c.obj</name>
      </input_file>
      <input_file id="fl-f0">
         <path>C:\ti\ccs1280\ccs\tools\compiler\ti-cgt-arm_20.2.7.LTS\lib\</path>
         <kind>archive</kind>
         <file>rtsv7M4_T_le_v4SPD16_eabi.lib</file>
         <name>wcslen.c.obj</name>
      </input_file>
      <input_file id="fl-f1">
         <path>C:\ti\ccs1280\ccs\tools\compiler\ti-cgt-arm_20.2.7.LTS\lib\</path>
         <kind>archive</kind>
         <file>rtsv7M4_T_le_v4SPD16_eabi.lib</file>
         <name>s_frexp.c.obj</name>
      </input_file>
      <input_file id="fl-f2">
         <path>C:\ti\ccs1280\ccs\tools\compiler\ti-cgt-arm_20.2.7.LTS\lib\</path>
         <kind>archive</kind>
         <file>rtsv7M4_T_le_v4SPD16_eabi.lib</file>
         <name>s_scalbn.c.obj</name>
      </input_file>
      <input_file id="fl-f3">
         <path>C:\ti\ccs1280\ccs\tools\compiler\ti-cgt-arm_20.2.7.LTS\lib\</path>
         <kind>archive</kind>
         <file>rtsv7M4_T_le_v4SPD16_eabi.lib</file>
         <name>s_copysign.c.obj</name>
      </input_file>
   </input_file_list>
   <object_component_list>
      <object_component id="oc-12">
         <name>.intvecs</name>
         <load_address>0x20004000</load_address>
         <run_address>0x20004000</run_address>
         <size>0x400</size>
         <input_file_ref idref="fl-9"/>
      </object_component>
      <object_component id="oc-97">
         <name>.text</name>
         <load_address>0x20004400</load_address>
         <run_address>0x20004400</run_address>
         <size>0xd38</size>
         <input_file_ref idref="fl-6"/>
      </object_component>
      <object_component id="oc-1a0">
         <name>.text</name>
         <load_address>0x20005138</load_address>
         <run_address>0x20005138</run_address>
         <size>0xa80</size>
         <input_file_ref idref="fl-2"/>
      </object_component>
      <object_component id="oc-354">
         <name>.text:__TI_printfi</name>
         <load_address>0x20005bb8</load_address>
         <run_address>0x20005bb8</run_address>
         <size>0xa4e</size>
         <input_file_ref idref="fl-e0"/>
      </object_component>
      <object_component id="oc-3e3">
         <name>.text:_nop</name>
         <load_address>0x20006606</load_address>
         <run_address>0x20006606</run_address>
         <size>0x2</size>
         <input_file_ref idref="fl-e8"/>
      </object_component>
      <object_component id="oc-e3">
         <name>.text</name>
         <load_address>0x20006608</load_address>
         <run_address>0x20006608</run_address>
         <size>0x4b6</size>
         <input_file_ref idref="fl-3"/>
      </object_component>
      <object_component id="oc-4e4">
         <name>.text</name>
         <load_address>0x20006abe</load_address>
         <run_address>0x20006abe</run_address>
         <size>0x2</size>
         <input_file_ref idref="fl-e1"/>
      </object_component>
      <object_component id="oc-cb">
         <name>.text</name>
         <load_address>0x20006ac0</load_address>
         <run_address>0x20006ac0</run_address>
         <size>0x2a0</size>
         <input_file_ref idref="fl-5"/>
      </object_component>
      <object_component id="oc-c5">
         <name>.text</name>
         <load_address>0x20006d60</load_address>
         <run_address>0x20006d60</run_address>
         <size>0x27c</size>
         <input_file_ref idref="fl-a"/>
      </object_component>
      <object_component id="oc-425">
         <name>.text:_pconv_a</name>
         <load_address>0x20006fdc</load_address>
         <run_address>0x20006fdc</run_address>
         <size>0x270</size>
         <input_file_ref idref="fl-e0"/>
      </object_component>
      <object_component id="oc-413">
         <name>.text:_pconv_g</name>
         <load_address>0x2000724c</load_address>
         <run_address>0x2000724c</run_address>
         <size>0x1d0</size>
         <input_file_ref idref="fl-e0"/>
      </object_component>
      <object_component id="oc-48d">
         <name>.text</name>
         <load_address>0x2000741c</load_address>
         <run_address>0x2000741c</run_address>
         <size>0x1b6</size>
         <input_file_ref idref="fl-e2"/>
      </object_component>
      <object_component id="oc-138">
         <name>.text:PRCMCC3200MCUInit</name>
         <load_address>0x200075d4</load_address>
         <run_address>0x200075d4</run_address>
         <size>0x178</size>
         <input_file_ref idref="fl-14"/>
      </object_component>
      <object_component id="oc-156">
         <name>.text</name>
         <load_address>0x2000774c</load_address>
         <run_address>0x2000774c</run_address>
         <size>0x14c</size>
         <input_file_ref idref="fl-8"/>
      </object_component>
      <object_component id="oc-41f">
         <name>.text:_pconv_e</name>
         <load_address>0x20007898</load_address>
         <run_address>0x20007898</run_address>
         <size>0x13c</size>
         <input_file_ref idref="fl-e0"/>
      </object_component>
      <object_component id="oc-191">
         <name>.text</name>
         <load_address>0x200079d4</load_address>
         <run_address>0x200079d4</run_address>
         <size>0x136</size>
         <input_file_ref idref="fl-d1"/>
      </object_component>
      <object_component id="oc-49f">
         <name>.text:fcvt</name>
         <load_address>0x20007b0c</load_address>
         <run_address>0x20007b0c</run_address>
         <size>0x124</size>
         <input_file_ref idref="fl-e0"/>
      </object_component>
      <object_component id="oc-4b3">
         <name>.text:scalbn</name>
         <load_address>0x20007c30</load_address>
         <run_address>0x20007c30</run_address>
         <size>0x110</size>
         <input_file_ref idref="fl-f2"/>
      </object_component>
      <object_component id="oc-376">
         <name>.text:aligned_alloc</name>
         <load_address>0x20007d40</load_address>
         <run_address>0x20007d40</run_address>
         <size>0x100</size>
         <input_file_ref idref="fl-dc"/>
      </object_component>
      <object_component id="oc-196">
         <name>.text</name>
         <load_address>0x20007e40</load_address>
         <run_address>0x20007e40</run_address>
         <size>0xfc</size>
         <input_file_ref idref="fl-d2"/>
      </object_component>
      <object_component id="oc-215">
         <name>.text:free</name>
         <load_address>0x20007f3c</load_address>
         <run_address>0x20007f3c</run_address>
         <size>0xe4</size>
         <input_file_ref idref="fl-dc"/>
      </object_component>
      <object_component id="oc-20f">
         <name>.text:realloc</name>
         <load_address>0x20008020</load_address>
         <run_address>0x20008020</run_address>
         <size>0xe4</size>
         <input_file_ref idref="fl-dc"/>
      </object_component>
      <object_component id="oc-408">
         <name>.text:_ltostr</name>
         <load_address>0x20008104</load_address>
         <run_address>0x20008104</run_address>
         <size>0xb1</size>
         <input_file_ref idref="fl-e0"/>
      </object_component>
      <object_component id="oc-132">
         <name>.text:IntEnable</name>
         <load_address>0x200081b8</load_address>
         <run_address>0x200081b8</run_address>
         <size>0xa8</size>
         <input_file_ref idref="fl-12"/>
      </object_component>
      <object_component id="oc-16e">
         <name>.text:SPIConfigSetExpClk</name>
         <load_address>0x20008260</load_address>
         <run_address>0x20008260</run_address>
         <size>0xa0</size>
         <input_file_ref idref="fl-15"/>
      </object_component>
      <object_component id="oc-3d">
         <name>.text</name>
         <load_address>0x20008300</load_address>
         <run_address>0x20008300</run_address>
         <size>0x9c</size>
         <input_file_ref idref="fl-d5"/>
      </object_component>
      <object_component id="oc-47b">
         <name>.text</name>
         <load_address>0x2000839c</load_address>
         <run_address>0x2000839c</run_address>
         <size>0x96</size>
         <input_file_ref idref="fl-d7"/>
      </object_component>
      <object_component id="oc-e9">
         <name>.text:PRCMPeripheralClockGet</name>
         <load_address>0x20008434</load_address>
         <run_address>0x20008434</run_address>
         <size>0x94</size>
         <input_file_ref idref="fl-14"/>
      </object_component>
      <object_component id="oc-3c4">
         <name>.text:PinConfigSet</name>
         <load_address>0x200084c8</load_address>
         <run_address>0x200084c8</run_address>
         <size>0x88</size>
         <input_file_ref idref="fl-13"/>
      </object_component>
      <object_component id="oc-40e">
         <name>.text:__aeabi_cdcmple</name>
         <load_address>0x20008550</load_address>
         <run_address>0x20008550</run_address>
         <size>0x86</size>
         <input_file_ref idref="fl-e3"/>
      </object_component>
      <object_component id="oc-482">
         <name>.text:__aeabi_cdrcmple</name>
         <load_address>0x200085d6</load_address>
         <run_address>0x200085d6</run_address>
         <size>0x86</size>
         <input_file_ref idref="fl-e3"/>
      </object_component>
      <object_component id="oc-266">
         <name>.text:I2CMasterInitExpClk</name>
         <load_address>0x2000865c</load_address>
         <run_address>0x2000865c</run_address>
         <size>0x84</size>
         <input_file_ref idref="fl-11"/>
      </object_component>
      <object_component id="oc-180">
         <name>.text:GPIOIntTypeSet</name>
         <load_address>0x200086e0</load_address>
         <run_address>0x200086e0</run_address>
         <size>0x82</size>
         <input_file_ref idref="fl-10"/>
      </object_component>
      <object_component id="oc-8b">
         <name>.text</name>
         <load_address>0x20008762</load_address>
         <run_address>0x20008762</run_address>
         <size>0x7a</size>
         <input_file_ref idref="fl-d6"/>
      </object_component>
      <object_component id="oc-ef">
         <name>.text:UARTConfigSetExpClk</name>
         <load_address>0x200087dc</load_address>
         <run_address>0x200087dc</run_address>
         <size>0x76</size>
         <input_file_ref idref="fl-17"/>
      </object_component>
      <object_component id="oc-383">
         <name>.text:split</name>
         <load_address>0x20008854</load_address>
         <run_address>0x20008854</run_address>
         <size>0x70</size>
         <input_file_ref idref="fl-dc"/>
      </object_component>
      <object_component id="oc-498">
         <name>.text:_mcpy</name>
         <load_address>0x200088c4</load_address>
         <run_address>0x200088c4</run_address>
         <size>0x6e</size>
         <input_file_ref idref="fl-e0"/>
      </object_component>
      <object_component id="oc-15">
         <name>.text:decompress:lzss:__TI_decompress_lzss</name>
         <load_address>0x20008932</load_address>
         <run_address>0x20008932</run_address>
         <size>0x68</size>
         <input_file_ref idref="fl-da"/>
      </object_component>
      <object_component id="oc-4ad">
         <name>.text:frexp</name>
         <load_address>0x2000899c</load_address>
         <run_address>0x2000899c</run_address>
         <size>0x64</size>
         <input_file_ref idref="fl-f1"/>
      </object_component>
      <object_component id="oc-162">
         <name>.text:PRCMPeripheralReset</name>
         <load_address>0x20008a00</load_address>
         <run_address>0x20008a00</run_address>
         <size>0x58</size>
         <input_file_ref idref="fl-14"/>
      </object_component>
      <object_component id="oc-419">
         <name>.text:_pconv_f</name>
         <load_address>0x20008a58</load_address>
         <run_address>0x20008a58</run_address>
         <size>0x56</size>
         <input_file_ref idref="fl-e0"/>
      </object_component>
      <object_component id="oc-487">
         <name>.text:__TI_ltoa</name>
         <load_address>0x20008aae</load_address>
         <run_address>0x20008aae</run_address>
         <size>0x54</size>
         <input_file_ref idref="fl-e9"/>
      </object_component>
      <object_component id="oc-492">
         <name>.text:_ecpy</name>
         <load_address>0x20008b02</load_address>
         <run_address>0x20008b02</run_address>
         <size>0x52</size>
         <input_file_ref idref="fl-e0"/>
      </object_component>
      <object_component id="oc-402">
         <name>.text:atoi</name>
         <load_address>0x20008b54</load_address>
         <run_address>0x20008b54</run_address>
         <size>0x4c</size>
         <input_file_ref idref="fl-eb"/>
      </object_component>
      <object_component id="oc-317">
         <name>.text:GPIOGetIntNumber</name>
         <load_address>0x20008ba0</load_address>
         <run_address>0x20008ba0</run_address>
         <size>0x48</size>
         <input_file_ref idref="fl-10"/>
      </object_component>
      <object_component id="oc-19b">
         <name>.text</name>
         <load_address>0x20008be8</load_address>
         <run_address>0x20008be8</run_address>
         <size>0x48</size>
         <input_file_ref idref="fl-d3"/>
      </object_component>
      <object_component id="oc-1c5">
         <name>.text:__TI_auto_init_nobinit_nopinit:__TI_auto_init_nobinit_nopinit</name>
         <load_address>0x20008c30</load_address>
         <run_address>0x20008c30</run_address>
         <size>0x44</size>
         <input_file_ref idref="fl-e4"/>
      </object_component>
      <object_component id="oc-2e9">
         <name>.text:PinModeSet</name>
         <load_address>0x20008c74</load_address>
         <run_address>0x20008c74</run_address>
         <size>0x40</size>
         <input_file_ref idref="fl-13"/>
      </object_component>
      <object_component id="oc-1f7">
         <name>.text:vsnprintf</name>
         <load_address>0x20008cb4</load_address>
         <run_address>0x20008cb4</run_address>
         <size>0x40</size>
         <input_file_ref idref="fl-d0"/>
      </object_component>
      <object_component id="oc-4a5">
         <name>.text:_fcpy</name>
         <load_address>0x20008cf4</load_address>
         <run_address>0x20008cf4</run_address>
         <size>0x3e</size>
         <input_file_ref idref="fl-e0"/>
      </object_component>
      <object_component id="oc-15c">
         <name>.text:PRCMPeripheralClkEnable</name>
         <load_address>0x20008d34</load_address>
         <run_address>0x20008d34</run_address>
         <size>0x3c</size>
         <input_file_ref idref="fl-14"/>
      </object_component>
      <object_component id="oc-2f5">
         <name>.text:GPIODirModeSet</name>
         <load_address>0x20008d70</load_address>
         <run_address>0x20008d70</run_address>
         <size>0x36</size>
         <input_file_ref idref="fl-10"/>
      </object_component>
      <object_component id="oc-5b">
         <name>.text:_c_int00_noargs:_c_int00_noargs</name>
         <load_address>0x20008da8</load_address>
         <run_address>0x20008da8</run_address>
         <size>0x34</size>
         <input_file_ref idref="fl-df"/>
      </object_component>
      <object_component id="oc-2ef">
         <name>.text:PinTypeGPIO</name>
         <load_address>0x20008ddc</load_address>
         <run_address>0x20008ddc</run_address>
         <size>0x30</size>
         <input_file_ref idref="fl-13"/>
      </object_component>
      <object_component id="oc-29d">
         <name>.text:UARTDisable</name>
         <load_address>0x20008e0c</load_address>
         <run_address>0x20008e0c</run_address>
         <size>0x30</size>
         <input_file_ref idref="fl-17"/>
      </object_component>
      <object_component id="oc-35a">
         <name>.text:_outs</name>
         <load_address>0x20008e3c</load_address>
         <run_address>0x20008e3c</run_address>
         <size>0x30</size>
         <input_file_ref idref="fl-d0"/>
      </object_component>
      <object_component id="oc-18c">
         <name>.text</name>
         <load_address>0x20008e6c</load_address>
         <run_address>0x20008e6c</run_address>
         <size>0x2e</size>
         <input_file_ref idref="fl-d4"/>
      </object_component>
      <object_component id="oc-242">
         <name>.text:I2CMasterErr</name>
         <load_address>0x20008e9a</load_address>
         <run_address>0x20008e9a</run_address>
         <size>0x2c</size>
         <input_file_ref idref="fl-11"/>
      </object_component>
      <object_component id="oc-2cb">
         <name>.text:PRCMSysResetCauseGet</name>
         <load_address>0x20008ec8</load_address>
         <run_address>0x20008ec8</run_address>
         <size>0x2c</size>
         <input_file_ref idref="fl-14"/>
      </object_component>
      <object_component id="oc-120">
         <name>.text:strncmp</name>
         <load_address>0x20008ef4</load_address>
         <run_address>0x20008ef4</run_address>
         <size>0x2c</size>
         <input_file_ref idref="fl-de"/>
      </object_component>
      <object_component id="oc-26c">
         <name>.text:PRCMPeripheralClkDisable</name>
         <load_address>0x20008f20</load_address>
         <run_address>0x20008f20</run_address>
         <size>0x28</size>
         <input_file_ref idref="fl-14"/>
      </object_component>
      <object_component id="oc-38a">
         <name>.text:free_list_insert</name>
         <load_address>0x20008f48</load_address>
         <run_address>0x20008f48</run_address>
         <size>0x28</size>
         <input_file_ref idref="fl-dc"/>
      </object_component>
      <object_component id="oc-203">
         <name>.text:memmove</name>
         <load_address>0x20008f70</load_address>
         <run_address>0x20008f70</run_address>
         <size>0x28</size>
         <input_file_ref idref="fl-db"/>
      </object_component>
      <object_component id="oc-fb">
         <name>.text:UARTEnable</name>
         <load_address>0x20008f98</load_address>
         <run_address>0x20008f98</run_address>
         <size>0x24</size>
         <input_file_ref idref="fl-17"/>
      </object_component>
      <object_component id="oc-d1">
         <name>.text:GPIOIntStatus</name>
         <load_address>0x20008fbc</load_address>
         <run_address>0x20008fbc</run_address>
         <size>0x22</size>
         <input_file_ref idref="fl-10"/>
      </object_component>
      <object_component id="oc-248">
         <name>.text:I2CMasterSlaveAddrSet</name>
         <load_address>0x20008fde</load_address>
         <run_address>0x20008fde</run_address>
         <size>0x22</size>
         <input_file_ref idref="fl-11"/>
      </object_component>
      <object_component id="oc-168">
         <name>.text:SPIReset</name>
         <load_address>0x20009000</load_address>
         <run_address>0x20009000</run_address>
         <size>0x22</size>
         <input_file_ref idref="fl-15"/>
      </object_component>
      <object_component id="oc-27c">
         <name>.text:GPIOPinWrite</name>
         <load_address>0x20009022</load_address>
         <run_address>0x20009022</run_address>
         <size>0x20</size>
         <input_file_ref idref="fl-10"/>
      </object_component>
      <object_component id="oc-2df">
         <name>.text:IntRegister</name>
         <load_address>0x20009044</load_address>
         <run_address>0x20009044</run_address>
         <size>0x20</size>
         <input_file_ref idref="fl-12"/>
      </object_component>
      <object_component id="oc-28e">
         <name>.text:SPIDataGet</name>
         <load_address>0x20009064</load_address>
         <run_address>0x20009064</run_address>
         <size>0x20</size>
         <input_file_ref idref="fl-15"/>
      </object_component>
      <object_component id="oc-17a">
         <name>.text:GPIOIntRegister</name>
         <load_address>0x20009084</load_address>
         <run_address>0x20009084</run_address>
         <size>0x1e</size>
         <input_file_ref idref="fl-10"/>
      </object_component>
      <object_component id="oc-23c">
         <name>.text:I2CMasterIntStatusEx</name>
         <load_address>0x200090a2</load_address>
         <run_address>0x200090a2</run_address>
         <size>0x1e</size>
         <input_file_ref idref="fl-11"/>
      </object_component>
      <object_component id="oc-288">
         <name>.text:SPIDataPut</name>
         <load_address>0x200090c0</load_address>
         <run_address>0x200090c0</run_address>
         <size>0x1e</size>
         <input_file_ref idref="fl-15"/>
      </object_component>
      <object_component id="oc-10e">
         <name>.text:UARTCharPut</name>
         <load_address>0x200090de</load_address>
         <run_address>0x200090de</run_address>
         <size>0x1e</size>
         <input_file_ref idref="fl-17"/>
      </object_component>
      <object_component id="oc-2fb">
         <name>.text:PinTypeI2C</name>
         <load_address>0x200090fc</load_address>
         <run_address>0x200090fc</run_address>
         <size>0x1c</size>
         <input_file_ref idref="fl-13"/>
      </object_component>
      <object_component id="oc-144">
         <name>.text:SysTickIntRegister</name>
         <load_address>0x20009118</load_address>
         <run_address>0x20009118</run_address>
         <size>0x1c</size>
         <input_file_ref idref="fl-16"/>
      </object_component>
      <object_component id="oc-11a">
         <name>.text:UARTCharGetNonBlocking</name>
         <load_address>0x20009134</load_address>
         <run_address>0x20009134</run_address>
         <size>0x1c</size>
         <input_file_ref idref="fl-17"/>
      </object_component>
      <object_component id="oc-49">
         <name>.text:decompress:ZI:__TI_zero_init_nomemset:__TI_zero_init_nomemset</name>
         <load_address>0x20009150</load_address>
         <run_address>0x20009150</run_address>
         <size>0x1c</size>
         <input_file_ref idref="fl-d8"/>
      </object_component>
      <object_component id="oc-37d">
         <name>.text:free_list_remove</name>
         <load_address>0x2000916c</load_address>
         <run_address>0x2000916c</run_address>
         <size>0x1c</size>
         <input_file_ref idref="fl-dc"/>
      </object_component>
      <object_component id="oc-42b">
         <name>.text:memccpy</name>
         <load_address>0x20009188</load_address>
         <run_address>0x20009188</run_address>
         <size>0x1c</size>
         <input_file_ref idref="fl-ed"/>
      </object_component>
      <object_component id="oc-186">
         <name>.text:GPIOIntEnable</name>
         <load_address>0x200091a4</load_address>
         <run_address>0x200091a4</run_address>
         <size>0x1a</size>
         <input_file_ref idref="fl-10"/>
      </object_component>
      <object_component id="oc-301">
         <name>.text:PinTypeSPI</name>
         <load_address>0x200091be</load_address>
         <run_address>0x200091be</run_address>
         <size>0x1a</size>
         <input_file_ref idref="fl-13"/>
      </object_component>
      <object_component id="oc-307">
         <name>.text:PinTypeUART</name>
         <load_address>0x200091d8</load_address>
         <run_address>0x200091d8</run_address>
         <size>0x1a</size>
         <input_file_ref idref="fl-13"/>
      </object_component>
      <object_component id="oc-4f9">
         <name>.text:copysign</name>
         <load_address>0x200091f2</load_address>
         <run_address>0x200091f2</run_address>
         <size>0x1a</size>
         <input_file_ref idref="fl-f3"/>
      </object_component>
      <object_component id="oc-dd">
         <name>.text:GPIOPinRead</name>
         <load_address>0x2000920c</load_address>
         <run_address>0x2000920c</run_address>
         <size>0x18</size>
         <input_file_ref idref="fl-10"/>
      </object_component>
      <object_component id="oc-260">
         <name>.text:I2CMasterIntEnableEx</name>
         <load_address>0x20009224</load_address>
         <run_address>0x20009224</run_address>
         <size>0x18</size>
         <input_file_ref idref="fl-11"/>
      </object_component>
      <object_component id="oc-294">
         <name>.text:SPICSDisable</name>
         <load_address>0x2000923c</load_address>
         <run_address>0x2000923c</run_address>
         <size>0x18</size>
         <input_file_ref idref="fl-15"/>
      </object_component>
      <object_component id="oc-282">
         <name>.text:SPICSEnable</name>
         <load_address>0x20009254</load_address>
         <run_address>0x20009254</run_address>
         <size>0x18</size>
         <input_file_ref idref="fl-15"/>
      </object_component>
      <object_component id="oc-174">
         <name>.text:SPIEnable</name>
         <load_address>0x2000926c</load_address>
         <run_address>0x2000926c</run_address>
         <size>0x18</size>
         <input_file_ref idref="fl-15"/>
      </object_component>
      <object_component id="oc-13e">
         <name>.text:SysTickPeriodSet</name>
         <load_address>0x20009284</load_address>
         <run_address>0x20009284</run_address>
         <size>0x18</size>
         <input_file_ref idref="fl-16"/>
      </object_component>
      <object_component id="oc-108">
         <name>.text:UARTBusy</name>
         <load_address>0x2000929c</load_address>
         <run_address>0x2000929c</run_address>
         <size>0x18</size>
         <input_file_ref idref="fl-17"/>
      </object_component>
      <object_component id="oc-114">
         <name>.text:UARTCharsAvail</name>
         <load_address>0x200092b4</load_address>
         <run_address>0x200092b4</run_address>
         <size>0x18</size>
         <input_file_ref idref="fl-17"/>
      </object_component>
      <object_component id="oc-360">
         <name>.text:_outc</name>
         <load_address>0x200092cc</load_address>
         <run_address>0x200092cc</run_address>
         <size>0x18</size>
         <input_file_ref idref="fl-d0"/>
      </object_component>
      <object_component id="oc-24e">
         <name>.text:I2CMasterDataPut</name>
         <load_address>0x200092e4</load_address>
         <run_address>0x200092e4</run_address>
         <size>0x16</size>
         <input_file_ref idref="fl-11"/>
      </object_component>
      <object_component id="oc-25a">
         <name>.text:I2CMasterEnable</name>
         <load_address>0x200092fa</load_address>
         <run_address>0x200092fa</run_address>
         <size>0x16</size>
         <input_file_ref idref="fl-11"/>
      </object_component>
      <object_component id="oc-22a">
         <name>.text:I2CMasterIntClear</name>
         <load_address>0x20009310</load_address>
         <run_address>0x20009310</run_address>
         <size>0x16</size>
         <input_file_ref idref="fl-11"/>
      </object_component>
      <object_component id="oc-2d1">
         <name>.text:PRCMHIBRegRead</name>
         <load_address>0x20009326</load_address>
         <run_address>0x20009326</run_address>
         <size>0x16</size>
         <input_file_ref idref="fl-14"/>
      </object_component>
      <object_component id="oc-2d7">
         <name>.text:PRCMHIBRegWrite</name>
         <load_address>0x2000933c</load_address>
         <run_address>0x2000933c</run_address>
         <size>0x16</size>
         <input_file_ref idref="fl-14"/>
      </object_component>
      <object_component id="oc-f5">
         <name>.text:UARTFIFOEnable</name>
         <load_address>0x20009352</load_address>
         <run_address>0x20009352</run_address>
         <size>0x16</size>
         <input_file_ref idref="fl-17"/>
      </object_component>
      <object_component id="oc-4b9">
         <name>.text:strchr</name>
         <load_address>0x20009368</load_address>
         <run_address>0x20009368</run_address>
         <size>0x16</size>
         <input_file_ref idref="fl-ee"/>
      </object_component>
      <object_component id="oc-2c0">
         <name>.text:CPUcpsie</name>
         <load_address>0x2000937e</load_address>
         <run_address>0x2000937e</run_address>
         <size>0x14</size>
         <input_file_ref idref="fl-19"/>
      </object_component>
      <object_component id="oc-d7">
         <name>.text:GPIOIntClear</name>
         <load_address>0x20009392</load_address>
         <run_address>0x20009392</run_address>
         <size>0x14</size>
         <input_file_ref idref="fl-10"/>
      </object_component>
      <object_component id="oc-126">
         <name>.text:IntVTableBaseSet</name>
         <load_address>0x200093a8</load_address>
         <run_address>0x200093a8</run_address>
         <size>0x14</size>
         <input_file_ref idref="fl-12"/>
      </object_component>
      <object_component id="oc-1fd">
         <name>.text:strlen</name>
         <load_address>0x200093bc</load_address>
         <run_address>0x200093bc</run_address>
         <size>0x14</size>
         <input_file_ref idref="fl-dd"/>
      </object_component>
      <object_component id="oc-236">
         <name>.text:I2CMasterControl</name>
         <load_address>0x200093d0</load_address>
         <run_address>0x200093d0</run_address>
         <size>0x12</size>
         <input_file_ref idref="fl-11"/>
      </object_component>
      <object_component id="oc-230">
         <name>.text:I2CMasterTimeoutSet</name>
         <load_address>0x200093e2</load_address>
         <run_address>0x200093e2</run_address>
         <size>0x12</size>
         <input_file_ref idref="fl-11"/>
      </object_component>
      <object_component id="oc-431">
         <name>.text:wcslen</name>
         <load_address>0x200093f4</load_address>
         <run_address>0x200093f4</run_address>
         <size>0x12</size>
         <input_file_ref idref="fl-f0"/>
      </object_component>
      <object_component id="oc-150">
         <name>.text:SysTickEnable</name>
         <load_address>0x20009408</load_address>
         <run_address>0x20009408</run_address>
         <size>0x10</size>
         <input_file_ref idref="fl-16"/>
      </object_component>
      <object_component id="oc-14a">
         <name>.text:SysTickIntEnable</name>
         <load_address>0x20009418</load_address>
         <run_address>0x20009418</run_address>
         <size>0x10</size>
         <input_file_ref idref="fl-16"/>
      </object_component>
      <object_component id="oc-254">
         <name>.text:I2CMasterDataGet</name>
         <load_address>0x20009428</load_address>
         <run_address>0x20009428</run_address>
         <size>0xe</size>
         <input_file_ref idref="fl-11"/>
      </object_component>
      <object_component id="oc-1b">
         <name>.text:decompress:none:__TI_decompress_none</name>
         <load_address>0x20009436</load_address>
         <run_address>0x20009436</run_address>
         <size>0xe</size>
         <input_file_ref idref="fl-d9"/>
      </object_component>
      <object_component id="oc-29">
         <name>.text</name>
         <load_address>0x20009444</load_address>
         <run_address>0x20009444</run_address>
         <size>0xe</size>
         <input_file_ref idref="fl-9"/>
      </object_component>
      <object_component id="oc-12c">
         <name>.text:IntMasterEnable</name>
         <load_address>0x20009452</load_address>
         <run_address>0x20009452</run_address>
         <size>0xa</size>
         <input_file_ref idref="fl-12"/>
      </object_component>
      <object_component id="oc-437">
         <name>.text:__aeabi_errno_addr</name>
         <load_address>0x2000945c</load_address>
         <run_address>0x2000945c</run_address>
         <size>0x8</size>
         <input_file_ref idref="fl-ef"/>
      </object_component>
      <object_component id="oc-209">
         <name>.text:malloc</name>
         <load_address>0x20009464</load_address>
         <run_address>0x20009464</run_address>
         <size>0x8</size>
         <input_file_ref idref="fl-dc"/>
      </object_component>
      <object_component id="oc-3ba">
         <name>.text:UtilsDelay</name>
         <load_address>0x2000946c</load_address>
         <run_address>0x2000946c</run_address>
         <size>0x6</size>
         <input_file_ref idref="fl-18"/>
      </object_component>
      <object_component id="oc-91">
         <name>.text:_system_pre_init</name>
         <load_address>0x20009472</load_address>
         <run_address>0x20009472</run_address>
         <size>0x4</size>
         <input_file_ref idref="fl-e5"/>
      </object_component>
      <object_component id="oc-1b9">
         <name>.text:abort:abort</name>
         <load_address>0x20009476</load_address>
         <run_address>0x20009476</run_address>
         <size>0x4</size>
         <input_file_ref idref="fl-e7"/>
      </object_component>
      <object_component id="oc-325">
         <name>.const:.string:font</name>
         <load_address>0x2000947c</load_address>
         <run_address>0x2000947c</run_address>
         <size>0x4fb</size>
         <input_file_ref idref="fl-2"/>
      </object_component>
      <object_component id="oc-476">
         <name>.const:.string:_ctypes_</name>
         <load_address>0x20009977</load_address>
         <run_address>0x20009977</run_address>
         <size>0x101</size>
         <input_file_ref idref="fl-ec"/>
      </object_component>
      <object_component id="oc-3c0">
         <name>.const:g_ulPinToPadMap</name>
         <load_address>0x20009a78</load_address>
         <run_address>0x20009a78</run_address>
         <size>0x100</size>
         <input_file_ref idref="fl-13"/>
      </object_component>
      <object_component id="oc-30e">
         <name>.const:PRCM_PeriphRegsList</name>
         <load_address>0x20009b78</load_address>
         <run_address>0x20009b78</run_address>
         <size>0xa8</size>
         <input_file_ref idref="fl-14"/>
      </object_component>
      <object_component id="oc-2c7">
         <name>.const:g_pulEnRegs</name>
         <load_address>0x20009c20</load_address>
         <run_address>0x20009c20</run_address>
         <size>0x18</size>
         <input_file_ref idref="fl-12"/>
      </object_component>
      <object_component id="oc-1a6">
         <name>.const:.string:$P$T0$4</name>
         <load_address>0x20009c38</load_address>
         <run_address>0x20009c38</run_address>
         <size>0x4</size>
         <input_file_ref idref="fl-6"/>
      </object_component>
      <object_component id="oc-558">
         <name>.cinit..data.load</name>
         <load_address>0x20009c40</load_address>
         <run_address>0x20009c40</run_address>
         <size>0x2f</size>
      </object_component>
      <object_component id="oc-556">
         <name>__TI_handler_table</name>
         <load_address>0x20009c70</load_address>
         <run_address>0x20009c70</run_address>
         <size>0xc</size>
      </object_component>
      <object_component id="oc-559">
         <name>.cinit..bss.load</name>
         <load_address>0x20009c80</load_address>
         <run_address>0x20009c80</run_address>
         <size>0x8</size>
      </object_component>
      <object_component id="oc-557">
         <name>__TI_cinit_table</name>
         <load_address>0x20009c88</load_address>
         <run_address>0x20009c88</run_address>
         <size>0x10</size>
      </object_component>
      <object_component id="oc-328">
         <name>.data</name>
         <load_address>0x2001781c</load_address>
         <run_address>0x2001781c</run_address>
         <size>0x15</size>
         <input_file_ref idref="fl-2"/>
      </object_component>
      <object_component id="oc-105">
         <name>.data</name>
         <load_address>0x20017800</load_address>
         <run_address>0x20017800</run_address>
         <size>0x1c</size>
         <input_file_ref idref="fl-6"/>
      </object_component>
      <object_component id="oc-451">
         <name>.data:$O1$$</name>
         <load_address>0x2001783c</load_address>
         <run_address>0x2001783c</run_address>
         <size>0x8</size>
         <input_file_ref idref="fl-dc"/>
      </object_component>
      <object_component id="oc-338">
         <name>.data:$O1$$</name>
         <load_address>0x20017834</load_address>
         <run_address>0x20017834</run_address>
         <size>0x8</size>
         <input_file_ref idref="fl-e8"/>
      </object_component>
      <object_component id="oc-4c9">
         <name>.data</name>
         <load_address>0x20017844</load_address>
         <run_address>0x20017844</run_address>
         <size>0x4</size>
         <input_file_ref idref="fl-ef"/>
      </object_component>
      <object_component id="oc-101">
         <name>.bss:data$1</name>
         <uninitialized>true</uninitialized>
         <run_address>0x20017848</run_address>
         <size>0x4</size>
         <input_file_ref idref="fl-6"/>
      </object_component>
      <object_component id="oc-21b">
         <name>.bss</name>
         <uninitialized>true</uninitialized>
         <run_address>0x2001784c</run_address>
         <size>0x4</size>
         <input_file_ref idref="fl-a"/>
      </object_component>
      <object_component id="oc-102">
         <name>.common:switch_intflag</name>
         <uninitialized>true</uninitialized>
         <run_address>0x20017850</run_address>
         <size>0x1</size>
      </object_component>
      <object_component id="oc-23">
         <name>.sysmem</name>
         <uninitialized>true</uninitialized>
         <run_address>0x20017000</run_address>
         <size>0x10</size>
         <input_file_ref idref="fl-dc"/>
      </object_component>
      <object_component id="oc-55c">
         <name>.sysmem</name>
         <uninitialized>true</uninitialized>
         <run_address>0x20017000</run_address>
         <size>0x0</size>
      </object_component>
      <object_component id="oc-26">
         <name>.stack</name>
         <uninitialized>true</uninitialized>
         <run_address>0x2002f800</run_address>
         <size>0x4</size>
         <input_file_ref idref="fl-df"/>
      </object_component>
      <object_component id="oc-55b">
         <name>.stack</name>
         <uninitialized>true</uninitialized>
         <run_address>0x2002f800</run_address>
         <size>0x0</size>
      </object_component>
      <object_component id="oc-32c">
         <name>.debug_info</name>
         <load_address>0x0</load_address>
         <run_address>0x0</run_address>
         <size>0x35c</size>
         <input_file_ref idref="fl-2"/>
      </object_component>
      <object_component id="oc-326">
         <name>.debug_info</name>
         <load_address>0x35c</load_address>
         <run_address>0x35c</run_address>
         <size>0xe0</size>
         <input_file_ref idref="fl-2"/>
      </object_component>
      <object_component id="oc-329">
         <name>.debug_info</name>
         <load_address>0x43c</load_address>
         <run_address>0x43c</run_address>
         <size>0x18e</size>
         <input_file_ref idref="fl-2"/>
      </object_component>
      <object_component id="oc-1a1">
         <name>.debug_info</name>
         <load_address>0x5ca</load_address>
         <run_address>0x5ca</run_address>
         <size>0x154c</size>
         <input_file_ref idref="fl-2"/>
      </object_component>
      <object_component id="oc-38">
         <name>.debug_info</name>
         <load_address>0x1b16</load_address>
         <run_address>0x1b16</run_address>
         <size>0x84</size>
         <input_file_ref idref="fl-2"/>
      </object_component>
      <object_component id="oc-29b">
         <name>.debug_info</name>
         <load_address>0x1b9a</load_address>
         <run_address>0x1b9a</run_address>
         <size>0x35d</size>
         <input_file_ref idref="fl-3"/>
      </object_component>
      <object_component id="oc-e4">
         <name>.debug_info</name>
         <load_address>0x1ef7</load_address>
         <run_address>0x1ef7</run_address>
         <size>0xe95</size>
         <input_file_ref idref="fl-3"/>
      </object_component>
      <object_component id="oc-3d3">
         <name>.debug_info</name>
         <load_address>0x2d8c</load_address>
         <run_address>0x2d8c</run_address>
         <size>0x62</size>
         <input_file_ref idref="fl-3"/>
      </object_component>
      <object_component id="oc-275">
         <name>.debug_info</name>
         <load_address>0x2dee</load_address>
         <run_address>0x2dee</run_address>
         <size>0x2c</size>
         <input_file_ref idref="fl-3"/>
      </object_component>
      <object_component id="oc-bc">
         <name>.debug_info</name>
         <load_address>0x2e1a</load_address>
         <run_address>0x2e1a</run_address>
         <size>0x2c</size>
         <input_file_ref idref="fl-3"/>
      </object_component>
      <object_component id="oc-2ad">
         <name>.debug_info</name>
         <load_address>0x2e46</load_address>
         <run_address>0x2e46</run_address>
         <size>0x35</size>
         <input_file_ref idref="fl-3"/>
      </object_component>
      <object_component id="oc-3b1">
         <name>.debug_info</name>
         <load_address>0x2e7b</load_address>
         <run_address>0x2e7b</run_address>
         <size>0x498</size>
         <input_file_ref idref="fl-4"/>
      </object_component>
      <object_component id="oc-2a8">
         <name>.debug_info</name>
         <load_address>0x3313</load_address>
         <run_address>0x3313</run_address>
         <size>0x26b</size>
         <input_file_ref idref="fl-4"/>
      </object_component>
      <object_component id="oc-32f">
         <name>.debug_info</name>
         <load_address>0x357e</load_address>
         <run_address>0x357e</run_address>
         <size>0x2a4</size>
         <input_file_ref idref="fl-4"/>
      </object_component>
      <object_component id="oc-2b2">
         <name>.debug_info</name>
         <load_address>0x3822</load_address>
         <run_address>0x3822</run_address>
         <size>0xcc</size>
         <input_file_ref idref="fl-4"/>
      </object_component>
      <object_component id="oc-220">
         <name>.debug_info</name>
         <load_address>0x38ee</load_address>
         <run_address>0x38ee</run_address>
         <size>0x2c</size>
         <input_file_ref idref="fl-4"/>
      </object_component>
      <object_component id="oc-273">
         <name>.debug_info</name>
         <load_address>0x391a</load_address>
         <run_address>0x391a</run_address>
         <size>0x61b</size>
         <input_file_ref idref="fl-5"/>
      </object_component>
      <object_component id="oc-cf">
         <name>.debug_info</name>
         <load_address>0x3f35</load_address>
         <run_address>0x3f35</run_address>
         <size>0xc0a</size>
         <input_file_ref idref="fl-5"/>
      </object_component>
      <object_component id="oc-225">
         <name>.debug_info</name>
         <load_address>0x4b3f</load_address>
         <run_address>0x4b3f</run_address>
         <size>0x110</size>
         <input_file_ref idref="fl-5"/>
      </object_component>
      <object_component id="oc-1aa">
         <name>.debug_info</name>
         <load_address>0x4c4f</load_address>
         <run_address>0x4c4f</run_address>
         <size>0x8b</size>
         <input_file_ref idref="fl-5"/>
      </object_component>
      <object_component id="oc-1af">
         <name>.debug_info</name>
         <load_address>0x4cda</load_address>
         <run_address>0x4cda</run_address>
         <size>0xbb</size>
         <input_file_ref idref="fl-5"/>
      </object_component>
      <object_component id="oc-103">
         <name>.debug_info</name>
         <load_address>0x4d95</load_address>
         <run_address>0x4d95</run_address>
         <size>0xab2</size>
         <input_file_ref idref="fl-6"/>
      </object_component>
      <object_component id="oc-106">
         <name>.debug_info</name>
         <load_address>0x5847</load_address>
         <run_address>0x5847</run_address>
         <size>0x1d7</size>
         <input_file_ref idref="fl-6"/>
      </object_component>
      <object_component id="oc-1a7">
         <name>.debug_info</name>
         <load_address>0x5a1e</load_address>
         <run_address>0x5a1e</run_address>
         <size>0xdf</size>
         <input_file_ref idref="fl-6"/>
      </object_component>
      <object_component id="oc-98">
         <name>.debug_info</name>
         <load_address>0x5afd</load_address>
         <run_address>0x5afd</run_address>
         <size>0xfc3</size>
         <input_file_ref idref="fl-6"/>
      </object_component>
      <object_component id="oc-1b4">
         <name>.debug_info</name>
         <load_address>0x6ac0</load_address>
         <run_address>0x6ac0</run_address>
         <size>0xae</size>
         <input_file_ref idref="fl-6"/>
      </object_component>
      <object_component id="oc-158">
         <name>.debug_info</name>
         <load_address>0x6b6e</load_address>
         <run_address>0x6b6e</run_address>
         <size>0x42b</size>
         <input_file_ref idref="fl-8"/>
      </object_component>
      <object_component id="oc-31">
         <name>.debug_info</name>
         <load_address>0x6f99</load_address>
         <run_address>0x6f99</run_address>
         <size>0x2cc</size>
         <input_file_ref idref="fl-9"/>
      </object_component>
      <object_component id="oc-13">
         <name>.debug_info</name>
         <load_address>0x7265</load_address>
         <run_address>0x7265</run_address>
         <size>0x11d</size>
         <input_file_ref idref="fl-9"/>
      </object_component>
      <object_component id="oc-2d">
         <name>.debug_info</name>
         <load_address>0x7382</load_address>
         <run_address>0x7382</run_address>
         <size>0x43e</size>
         <input_file_ref idref="fl-9"/>
      </object_component>
      <object_component id="oc-21f">
         <name>.debug_info</name>
         <load_address>0x77c0</load_address>
         <run_address>0x77c0</run_address>
         <size>0x517</size>
         <input_file_ref idref="fl-a"/>
      </object_component>
      <object_component id="oc-21c">
         <name>.debug_info</name>
         <load_address>0x7cd7</load_address>
         <run_address>0x7cd7</run_address>
         <size>0x114</size>
         <input_file_ref idref="fl-a"/>
      </object_component>
      <object_component id="oc-c7">
         <name>.debug_info</name>
         <load_address>0x7deb</load_address>
         <run_address>0x7deb</run_address>
         <size>0x8f0</size>
         <input_file_ref idref="fl-a"/>
      </object_component>
      <object_component id="oc-31e">
         <name>.debug_info</name>
         <load_address>0x86db</load_address>
         <run_address>0x86db</run_address>
         <size>0x1e0</size>
         <input_file_ref idref="fl-10"/>
      </object_component>
      <object_component id="oc-319">
         <name>.debug_info</name>
         <load_address>0x88bb</load_address>
         <run_address>0x88bb</run_address>
         <size>0x19e</size>
         <input_file_ref idref="fl-10"/>
      </object_component>
      <object_component id="oc-2f8">
         <name>.debug_info</name>
         <load_address>0x8a59</load_address>
         <run_address>0x8a59</run_address>
         <size>0x1dd</size>
         <input_file_ref idref="fl-10"/>
      </object_component>
      <object_component id="oc-182">
         <name>.debug_info</name>
         <load_address>0x8c36</load_address>
         <run_address>0x8c36</run_address>
         <size>0x1e8</size>
         <input_file_ref idref="fl-10"/>
      </object_component>
      <object_component id="oc-189">
         <name>.debug_info</name>
         <load_address>0x8e1e</load_address>
         <run_address>0x8e1e</run_address>
         <size>0x1bf</size>
         <input_file_ref idref="fl-10"/>
      </object_component>
      <object_component id="oc-d4">
         <name>.debug_info</name>
         <load_address>0x8fdd</load_address>
         <run_address>0x8fdd</run_address>
         <size>0x1b7</size>
         <input_file_ref idref="fl-10"/>
      </object_component>
      <object_component id="oc-da">
         <name>.debug_info</name>
         <load_address>0x9194</load_address>
         <run_address>0x9194</run_address>
         <size>0x1bd</size>
         <input_file_ref idref="fl-10"/>
      </object_component>
      <object_component id="oc-17c">
         <name>.debug_info</name>
         <load_address>0x9351</load_address>
         <run_address>0x9351</run_address>
         <size>0x208</size>
         <input_file_ref idref="fl-10"/>
      </object_component>
      <object_component id="oc-e0">
         <name>.debug_info</name>
         <load_address>0x9559</load_address>
         <run_address>0x9559</run_address>
         <size>0x1af</size>
         <input_file_ref idref="fl-10"/>
      </object_component>
      <object_component id="oc-27e">
         <name>.debug_info</name>
         <load_address>0x9708</load_address>
         <run_address>0x9708</run_address>
         <size>0x1d4</size>
         <input_file_ref idref="fl-10"/>
      </object_component>
      <object_component id="oc-4dc">
         <name>.debug_info</name>
         <load_address>0x98dc</load_address>
         <run_address>0x98dc</run_address>
         <size>0x220</size>
         <input_file_ref idref="fl-11"/>
      </object_component>
      <object_component id="oc-268">
         <name>.debug_info</name>
         <load_address>0x9afc</load_address>
         <run_address>0x9afc</run_address>
         <size>0x242</size>
         <input_file_ref idref="fl-11"/>
      </object_component>
      <object_component id="oc-25c">
         <name>.debug_info</name>
         <load_address>0x9d3e</load_address>
         <run_address>0x9d3e</run_address>
         <size>0x18d</size>
         <input_file_ref idref="fl-11"/>
      </object_component>
      <object_component id="oc-261">
         <name>.debug_info</name>
         <load_address>0x9ecb</load_address>
         <run_address>0x9ecb</run_address>
         <size>0x1da</size>
         <input_file_ref idref="fl-11"/>
      </object_component>
      <object_component id="oc-23d">
         <name>.debug_info</name>
         <load_address>0xa0a5</load_address>
         <run_address>0xa0a5</run_address>
         <size>0x1ca</size>
         <input_file_ref idref="fl-11"/>
      </object_component>
      <object_component id="oc-22b">
         <name>.debug_info</name>
         <load_address>0xa26f</load_address>
         <run_address>0xa26f</run_address>
         <size>0x191</size>
         <input_file_ref idref="fl-11"/>
      </object_component>
      <object_component id="oc-249">
         <name>.debug_info</name>
         <load_address>0xa400</load_address>
         <run_address>0xa400</run_address>
         <size>0x20f</size>
         <input_file_ref idref="fl-11"/>
      </object_component>
      <object_component id="oc-237">
         <name>.debug_info</name>
         <load_address>0xa60f</load_address>
         <run_address>0xa60f</run_address>
         <size>0x1be</size>
         <input_file_ref idref="fl-11"/>
      </object_component>
      <object_component id="oc-243">
         <name>.debug_info</name>
         <load_address>0xa7cd</load_address>
         <run_address>0xa7cd</run_address>
         <size>0x1a3</size>
         <input_file_ref idref="fl-11"/>
      </object_component>
      <object_component id="oc-24f">
         <name>.debug_info</name>
         <load_address>0xa970</load_address>
         <run_address>0xa970</run_address>
         <size>0x1be</size>
         <input_file_ref idref="fl-11"/>
      </object_component>
      <object_component id="oc-255">
         <name>.debug_info</name>
         <load_address>0xab2e</load_address>
         <run_address>0xab2e</run_address>
         <size>0x193</size>
         <input_file_ref idref="fl-11"/>
      </object_component>
      <object_component id="oc-231">
         <name>.debug_info</name>
         <load_address>0xacc1</load_address>
         <run_address>0xacc1</run_address>
         <size>0x1cc</size>
         <input_file_ref idref="fl-11"/>
      </object_component>
      <object_component id="oc-517">
         <name>.debug_info</name>
         <load_address>0xae8d</load_address>
         <run_address>0xae8d</run_address>
         <size>0x26b</size>
         <input_file_ref idref="fl-11"/>
      </object_component>
      <object_component id="oc-458">
         <name>.debug_info</name>
         <load_address>0xb0f8</load_address>
         <run_address>0xb0f8</run_address>
         <size>0x297</size>
         <input_file_ref idref="fl-11"/>
      </object_component>
      <object_component id="oc-396">
         <name>.debug_info</name>
         <load_address>0xb38f</load_address>
         <run_address>0xb38f</run_address>
         <size>0xbb</size>
         <input_file_ref idref="fl-11"/>
      </object_component>
      <object_component id="oc-3b8">
         <name>.debug_info</name>
         <load_address>0xb44a</load_address>
         <run_address>0xb44a</run_address>
         <size>0x201</size>
         <input_file_ref idref="fl-12"/>
      </object_component>
      <object_component id="oc-2c8">
         <name>.debug_info</name>
         <load_address>0xb64b</load_address>
         <run_address>0xb64b</run_address>
         <size>0xf4</size>
         <input_file_ref idref="fl-12"/>
      </object_component>
      <object_component id="oc-12e">
         <name>.debug_info</name>
         <load_address>0xb73f</load_address>
         <run_address>0xb73f</run_address>
         <size>0x17c</size>
         <input_file_ref idref="fl-12"/>
      </object_component>
      <object_component id="oc-127">
         <name>.debug_info</name>
         <load_address>0xb8bb</load_address>
         <run_address>0xb8bb</run_address>
         <size>0x1ae</size>
         <input_file_ref idref="fl-12"/>
      </object_component>
      <object_component id="oc-2e0">
         <name>.debug_info</name>
         <load_address>0xba69</load_address>
         <run_address>0xba69</run_address>
         <size>0x1f8</size>
         <input_file_ref idref="fl-12"/>
      </object_component>
      <object_component id="oc-134">
         <name>.debug_info</name>
         <load_address>0xbc61</load_address>
         <run_address>0xbc61</run_address>
         <size>0x19f</size>
         <input_file_ref idref="fl-12"/>
      </object_component>
      <object_component id="oc-465">
         <name>.debug_info</name>
         <load_address>0xbe00</load_address>
         <run_address>0xbe00</run_address>
         <size>0x14e</size>
         <input_file_ref idref="fl-13"/>
      </object_component>
      <object_component id="oc-3c1">
         <name>.debug_info</name>
         <load_address>0xbf4e</load_address>
         <run_address>0xbf4e</run_address>
         <size>0xf6</size>
         <input_file_ref idref="fl-13"/>
      </object_component>
      <object_component id="oc-2ec">
         <name>.debug_info</name>
         <load_address>0xc044</load_address>
         <run_address>0xc044</run_address>
         <size>0x1bf</size>
         <input_file_ref idref="fl-13"/>
      </object_component>
      <object_component id="oc-3c6">
         <name>.debug_info</name>
         <load_address>0xc203</load_address>
         <run_address>0xc203</run_address>
         <size>0x20d</size>
         <input_file_ref idref="fl-13"/>
      </object_component>
      <object_component id="oc-309">
         <name>.debug_info</name>
         <load_address>0xc410</load_address>
         <run_address>0xc410</run_address>
         <size>0x1d4</size>
         <input_file_ref idref="fl-13"/>
      </object_component>
      <object_component id="oc-2fd">
         <name>.debug_info</name>
         <load_address>0xc5e4</load_address>
         <run_address>0xc5e4</run_address>
         <size>0x1d2</size>
         <input_file_ref idref="fl-13"/>
      </object_component>
      <object_component id="oc-302">
         <name>.debug_info</name>
         <load_address>0xc7b6</load_address>
         <run_address>0xc7b6</run_address>
         <size>0x1d2</size>
         <input_file_ref idref="fl-13"/>
      </object_component>
      <object_component id="oc-2f1">
         <name>.debug_info</name>
         <load_address>0xc988</load_address>
         <run_address>0xc988</run_address>
         <size>0x222</size>
         <input_file_ref idref="fl-13"/>
      </object_component>
      <object_component id="oc-313">
         <name>.debug_info</name>
         <load_address>0xcbaa</load_address>
         <run_address>0xcbaa</run_address>
         <size>0x25e</size>
         <input_file_ref idref="fl-14"/>
      </object_component>
      <object_component id="oc-30f">
         <name>.debug_info</name>
         <load_address>0xce08</load_address>
         <run_address>0xce08</run_address>
         <size>0xff</size>
         <input_file_ref idref="fl-14"/>
      </object_component>
      <object_component id="oc-2cc">
         <name>.debug_info</name>
         <load_address>0xcf07</load_address>
         <run_address>0xcf07</run_address>
         <size>0x1a6</size>
         <input_file_ref idref="fl-14"/>
      </object_component>
      <object_component id="oc-15d">
         <name>.debug_info</name>
         <load_address>0xd0ad</load_address>
         <run_address>0xd0ad</run_address>
         <size>0x1eb</size>
         <input_file_ref idref="fl-14"/>
      </object_component>
      <object_component id="oc-26d">
         <name>.debug_info</name>
         <load_address>0xd298</load_address>
         <run_address>0xd298</run_address>
         <size>0x1ed</size>
         <input_file_ref idref="fl-14"/>
      </object_component>
      <object_component id="oc-ea">
         <name>.debug_info</name>
         <load_address>0xd485</load_address>
         <run_address>0xd485</run_address>
         <size>0x216</size>
         <input_file_ref idref="fl-14"/>
      </object_component>
      <object_component id="oc-163">
         <name>.debug_info</name>
         <load_address>0xd69b</load_address>
         <run_address>0xd69b</run_address>
         <size>0x1c0</size>
         <input_file_ref idref="fl-14"/>
      </object_component>
      <object_component id="oc-13a">
         <name>.debug_info</name>
         <load_address>0xd85b</load_address>
         <run_address>0xd85b</run_address>
         <size>0x283</size>
         <input_file_ref idref="fl-14"/>
      </object_component>
      <object_component id="oc-2d3">
         <name>.debug_info</name>
         <load_address>0xdade</load_address>
         <run_address>0xdade</run_address>
         <size>0x1bf</size>
         <input_file_ref idref="fl-14"/>
      </object_component>
      <object_component id="oc-2d9">
         <name>.debug_info</name>
         <load_address>0xdc9d</load_address>
         <run_address>0xdc9d</run_address>
         <size>0x1d4</size>
         <input_file_ref idref="fl-14"/>
      </object_component>
      <object_component id="oc-3ac">
         <name>.debug_info</name>
         <load_address>0xde71</load_address>
         <run_address>0xde71</run_address>
         <size>0x232</size>
         <input_file_ref idref="fl-15"/>
      </object_component>
      <object_component id="oc-175">
         <name>.debug_info</name>
         <load_address>0xe0a3</load_address>
         <run_address>0xe0a3</run_address>
         <size>0x179</size>
         <input_file_ref idref="fl-15"/>
      </object_component>
      <object_component id="oc-169">
         <name>.debug_info</name>
         <load_address>0xe21c</load_address>
         <run_address>0xe21c</run_address>
         <size>0x177</size>
         <input_file_ref idref="fl-15"/>
      </object_component>
      <object_component id="oc-16f">
         <name>.debug_info</name>
         <load_address>0xe393</load_address>
         <run_address>0xe393</run_address>
         <size>0x28e</size>
         <input_file_ref idref="fl-15"/>
      </object_component>
      <object_component id="oc-28f">
         <name>.debug_info</name>
         <load_address>0xe621</load_address>
         <run_address>0xe621</run_address>
         <size>0x1aa</size>
         <input_file_ref idref="fl-15"/>
      </object_component>
      <object_component id="oc-289">
         <name>.debug_info</name>
         <load_address>0xe7cb</load_address>
         <run_address>0xe7cb</run_address>
         <size>0x1a6</size>
         <input_file_ref idref="fl-15"/>
      </object_component>
      <object_component id="oc-283">
         <name>.debug_info</name>
         <load_address>0xe971</load_address>
         <run_address>0xe971</run_address>
         <size>0x17d</size>
         <input_file_ref idref="fl-15"/>
      </object_component>
      <object_component id="oc-295">
         <name>.debug_info</name>
         <load_address>0xeaee</load_address>
         <run_address>0xeaee</run_address>
         <size>0x17f</size>
         <input_file_ref idref="fl-15"/>
      </object_component>
      <object_component id="oc-2e6">
         <name>.debug_info</name>
         <load_address>0xec6d</load_address>
         <run_address>0xec6d</run_address>
         <size>0x199</size>
         <input_file_ref idref="fl-16"/>
      </object_component>
      <object_component id="oc-151">
         <name>.debug_info</name>
         <load_address>0xee06</load_address>
         <run_address>0xee06</run_address>
         <size>0x15f</size>
         <input_file_ref idref="fl-16"/>
      </object_component>
      <object_component id="oc-146">
         <name>.debug_info</name>
         <load_address>0xef65</load_address>
         <run_address>0xef65</run_address>
         <size>0x1b6</size>
         <input_file_ref idref="fl-16"/>
      </object_component>
      <object_component id="oc-14c">
         <name>.debug_info</name>
         <load_address>0xf11b</load_address>
         <run_address>0xf11b</run_address>
         <size>0x165</size>
         <input_file_ref idref="fl-16"/>
      </object_component>
      <object_component id="oc-141">
         <name>.debug_info</name>
         <load_address>0xf280</load_address>
         <run_address>0xf280</run_address>
         <size>0x198</size>
         <input_file_ref idref="fl-16"/>
      </object_component>
      <object_component id="oc-f0">
         <name>.debug_info</name>
         <load_address>0xf418</load_address>
         <run_address>0xf418</run_address>
         <size>0x25c</size>
         <input_file_ref idref="fl-17"/>
      </object_component>
      <object_component id="oc-fc">
         <name>.debug_info</name>
         <load_address>0xf674</load_address>
         <run_address>0xf674</run_address>
         <size>0x17e</size>
         <input_file_ref idref="fl-17"/>
      </object_component>
      <object_component id="oc-29e">
         <name>.debug_info</name>
         <load_address>0xf7f2</load_address>
         <run_address>0xf7f2</run_address>
         <size>0x180</size>
         <input_file_ref idref="fl-17"/>
      </object_component>
      <object_component id="oc-f6">
         <name>.debug_info</name>
         <load_address>0xf972</load_address>
         <run_address>0xf972</run_address>
         <size>0x186</size>
         <input_file_ref idref="fl-17"/>
      </object_component>
      <object_component id="oc-115">
         <name>.debug_info</name>
         <load_address>0xfaf8</load_address>
         <run_address>0xfaf8</run_address>
         <size>0x18a</size>
         <input_file_ref idref="fl-17"/>
      </object_component>
      <object_component id="oc-11b">
         <name>.debug_info</name>
         <load_address>0xfc82</load_address>
         <run_address>0xfc82</run_address>
         <size>0x19a</size>
         <input_file_ref idref="fl-17"/>
      </object_component>
      <object_component id="oc-10f">
         <name>.debug_info</name>
         <load_address>0xfe1c</load_address>
         <run_address>0xfe1c</run_address>
         <size>0x1ab</size>
         <input_file_ref idref="fl-17"/>
      </object_component>
      <object_component id="oc-109">
         <name>.debug_info</name>
         <load_address>0xffc7</load_address>
         <run_address>0xffc7</run_address>
         <size>0x17e</size>
         <input_file_ref idref="fl-17"/>
      </object_component>
      <object_component id="oc-2c4">
         <name>.debug_info</name>
         <load_address>0x10145</load_address>
         <run_address>0x10145</run_address>
         <size>0x14e</size>
         <input_file_ref idref="fl-19"/>
      </object_component>
      <object_component id="oc-367">
         <name>.debug_info</name>
         <load_address>0x10293</load_address>
         <run_address>0x10293</run_address>
         <size>0x340</size>
         <input_file_ref idref="fl-d0"/>
      </object_component>
      <object_component id="oc-1fb">
         <name>.debug_info</name>
         <load_address>0x105d3</load_address>
         <run_address>0x105d3</run_address>
         <size>0x208</size>
         <input_file_ref idref="fl-d0"/>
      </object_component>
      <object_component id="oc-35e">
         <name>.debug_info</name>
         <load_address>0x107db</load_address>
         <run_address>0x107db</run_address>
         <size>0x1c6</size>
         <input_file_ref idref="fl-d0"/>
      </object_component>
      <object_component id="oc-362">
         <name>.debug_info</name>
         <load_address>0x109a1</load_address>
         <run_address>0x109a1</run_address>
         <size>0x179</size>
         <input_file_ref idref="fl-d0"/>
      </object_component>
      <object_component id="oc-368">
         <name>.debug_info</name>
         <load_address>0x10b1a</load_address>
         <run_address>0x10b1a</run_address>
         <size>0x2c</size>
         <input_file_ref idref="fl-d0"/>
      </object_component>
      <object_component id="oc-36d">
         <name>.debug_info</name>
         <load_address>0x10b46</load_address>
         <run_address>0x10b46</run_address>
         <size>0x69</size>
         <input_file_ref idref="fl-d0"/>
      </object_component>
      <object_component id="oc-193">
         <name>.debug_info</name>
         <load_address>0x10baf</load_address>
         <run_address>0x10baf</run_address>
         <size>0x13a</size>
         <input_file_ref idref="fl-d1"/>
      </object_component>
      <object_component id="oc-199">
         <name>.debug_info</name>
         <load_address>0x10ce9</load_address>
         <run_address>0x10ce9</run_address>
         <size>0x13a</size>
         <input_file_ref idref="fl-d2"/>
      </object_component>
      <object_component id="oc-19c">
         <name>.debug_info</name>
         <load_address>0x10e23</load_address>
         <run_address>0x10e23</run_address>
         <size>0x12e</size>
         <input_file_ref idref="fl-d3"/>
      </object_component>
      <object_component id="oc-18d">
         <name>.debug_info</name>
         <load_address>0x10f51</load_address>
         <run_address>0x10f51</run_address>
         <size>0x12c</size>
         <input_file_ref idref="fl-d4"/>
      </object_component>
      <object_component id="oc-3f">
         <name>.debug_info</name>
         <load_address>0x1107d</load_address>
         <run_address>0x1107d</run_address>
         <size>0x119</size>
         <input_file_ref idref="fl-d5"/>
      </object_component>
      <object_component id="oc-8e">
         <name>.debug_info</name>
[...]
         <object_component_ref idref="oc-c5"/>
      </symbol>
      <symbol id="sm-29f">
         <name>TrimSpace</name>
         <value>0x20006e89</value>
         <object_component_ref idref="oc-c5"/>
      </symbol>
      <symbol id="sm-2ff">
         <name>GPIOIntRegister</name>
         <value>0x20009085</value>
         <object_component_ref idref="oc-17a"/>
      </symbol>
      <symbol id="sm-300">
         <name>GPIOIntEnable</name>
         <value>0x200091a5</value>
         <object_component_ref idref="oc-186"/>
      </symbol>
      <symbol id="sm-301">
         <name>GPIOIntTypeSet</name>
         <value>0x200086e1</value>
         <object_component_ref idref="oc-180"/>
      </symbol>
      <symbol id="sm-302">
         <name>GPIOIntClear</name>
         <value>0x20009393</value>
         <object_component_ref idref="oc-d7"/>
      </symbol>
      <symbol id="sm-303">
         <name>GPIOIntStatus</name>
         <value>0x20008fbd</value>
         <object_component_ref idref="oc-d1"/>
      </symbol>
      <symbol id="sm-304">
         <name>GPIOPinRead</name>
         <value>0x2000920d</value>
         <object_component_ref idref="oc-dd"/>
      </symbol>
      <symbol id="sm-305">
         <name>GPIODirModeSet</name>
         <value>0x20008d71</value>
         <object_component_ref idref="oc-2f5"/>
      </symbol>
      <symbol id="sm-306">
         <name>GPIOPinWrite</name>
         <value>0x20009023</value>
         <object_component_ref idref="oc-27c"/>
      </symbol>
      <symbol id="sm-37f">
         <name>I2CMasterDataPut</name>
         <value>0x200092e5</value>
         <object_component_ref idref="oc-24e"/>
      </symbol>
      <symbol id="sm-380">
         <name>I2CMasterInitExpClk</name>
         <value>0x2000865d</value>
         <object_component_ref idref="oc-266"/>
      </symbol>
      <symbol id="sm-381">
         <name>I2CMasterSlaveAddrSet</name>
         <value>0x20008fdf</value>
         <object_component_ref idref="oc-248"/>
      </symbol>
      <symbol id="sm-382">
         <name>I2CMasterDataGet</name>
         <value>0x20009429</value>
         <object_component_ref idref="oc-254"/>
      </symbol>
      <symbol id="sm-383">
         <name>I2CMasterIntEnableEx</name>
         <value>0x20009225</value>
         <object_component_ref idref="oc-260"/>
      </symbol>
      <symbol id="sm-384">
         <name>I2CMasterErr</name>
         <value>0x20008e9b</value>
         <object_component_ref idref="oc-242"/>
      </symbol>
      <symbol id="sm-385">
         <name>I2CMasterTimeoutSet</name>
         <value>0x200093e3</value>
         <object_component_ref idref="oc-230"/>
      </symbol>
      <symbol id="sm-386">
         <name>I2CMasterControl</name>
         <value>0x200093d1</value>
         <object_component_ref idref="oc-236"/>
      </symbol>
      <symbol id="sm-387">
         <name>I2CMasterEnable</name>
         <value>0x200092fb</value>
         <object_component_ref idref="oc-25a"/>
      </symbol>
      <symbol id="sm-388">
         <name>I2CMasterIntStatusEx</name>
         <value>0x200090a3</value>
         <object_component_ref idref="oc-23c"/>
      </symbol>
      <symbol id="sm-389">
         <name>I2CMasterIntClear</name>
         <value>0x20009311</value>
         <object_component_ref idref="oc-22a"/>
      </symbol>
      <symbol id="sm-3c2">
         <name>IntVTableBaseSet</name>
         <value>0x200093a9</value>
         <object_component_ref idref="oc-126"/>
      </symbol>
      <symbol id="sm-3c3">
         <name>IntEnable</name>
         <value>0x200081b9</value>
         <object_component_ref idref="oc-132"/>
      </symbol>
      <symbol id="sm-3c4">
         <name>IntRegister</name>
         <value>0x20009045</value>
         <object_component_ref idref="oc-2df"/>
      </symbol>
      <symbol id="sm-3c5">
         <name>IntMasterEnable</name>
         <value>0x20009453</value>
         <object_component_ref idref="oc-12c"/>
      </symbol>
      <symbol id="sm-40c">
         <name>PinTypeI2C</name>
         <value>0x200090fd</value>
         <object_component_ref idref="oc-2fb"/>
      </symbol>
      <symbol id="sm-40d">
         <name>PinTypeUART</name>
         <value>0x200091d9</value>
         <object_component_ref idref="oc-307"/>
      </symbol>
      <symbol id="sm-40e">
         <name>PinTypeGPIO</name>
         <value>0x20008ddd</value>
         <object_component_ref idref="oc-2ef"/>
      </symbol>
      <symbol id="sm-40f">
         <name>PinConfigSet</name>
         <value>0x200084c9</value>
         <object_component_ref idref="oc-3c4"/>
      </symbol>
      <symbol id="sm-410">
         <name>PinTypeSPI</name>
         <value>0x200091bf</value>
         <object_component_ref idref="oc-301"/>
      </symbol>
      <symbol id="sm-411">
         <name>PinModeSet</name>
         <value>0x20008c75</value>
         <object_component_ref idref="oc-2e9"/>
      </symbol>
      <symbol id="sm-497">
         <name>PRCMPeripheralReset</name>
         <value>0x20008a01</value>
         <object_component_ref idref="oc-162"/>
      </symbol>
      <symbol id="sm-498">
         <name>PRCMPeripheralClkEnable</name>
         <value>0x20008d35</value>
         <object_component_ref idref="oc-15c"/>
      </symbol>
      <symbol id="sm-499">
         <name>PRCMPeripheralClockGet</name>
         <value>0x20008435</value>
         <object_component_ref idref="oc-e9"/>
      </symbol>
      <symbol id="sm-49a">
         <name>PRCMCC3200MCUInit</name>
         <value>0x200075d5</value>
         <object_component_ref idref="oc-138"/>
      </symbol>
      <symbol id="sm-49b">
         <name>PRCMHIBRegWrite</name>
         <value>0x2000933d</value>
         <object_component_ref idref="oc-2d7"/>
      </symbol>
      <symbol id="sm-49c">
         <name>PRCMSysResetCauseGet</name>
         <value>0x20008ec9</value>
         <object_component_ref idref="oc-2cb"/>
      </symbol>
      <symbol id="sm-49d">
         <name>PRCMPeripheralClkDisable</name>
         <value>0x20008f21</value>
         <object_component_ref idref="oc-26c"/>
      </symbol>
      <symbol id="sm-49e">
         <name>PRCMHIBRegRead</name>
         <value>0x20009327</value>
         <object_component_ref idref="oc-2d1"/>
      </symbol>
      <symbol id="sm-4e3">
         <name>SPICSEnable</name>
         <value>0x20009255</value>
         <object_component_ref idref="oc-282"/>
      </symbol>
      <symbol id="sm-4e4">
         <name>SPIDataPut</name>
         <value>0x200090c1</value>
         <object_component_ref idref="oc-288"/>
      </symbol>
      <symbol id="sm-4e5">
         <name>SPIEnable</name>
         <value>0x2000926d</value>
         <object_component_ref idref="oc-174"/>
      </symbol>
      <symbol id="sm-4e6">
         <name>SPIDataGet</name>
         <value>0x20009065</value>
         <object_component_ref idref="oc-28e"/>
      </symbol>
      <symbol id="sm-4e7">
         <name>SPIConfigSetExpClk</name>
         <value>0x20008261</value>
         <object_component_ref idref="oc-16e"/>
      </symbol>
      <symbol id="sm-4e8">
         <name>SPIReset</name>
         <value>0x20009001</value>
         <object_component_ref idref="oc-168"/>
      </symbol>
      <symbol id="sm-4e9">
         <name>SPICSDisable</name>
         <value>0x2000923d</value>
         <object_component_ref idref="oc-294"/>
      </symbol>
      <symbol id="sm-516">
         <name>SysTickEnable</name>
         <value>0x20009409</value>
         <object_component_ref idref="oc-150"/>
      </symbol>
      <symbol id="sm-517">
         <name>SysTickIntRegister</name>
         <value>0x20009119</value>
         <object_component_ref idref="oc-144"/>
      </symbol>
      <symbol id="sm-518">
         <name>SysTickIntEnable</name>
         <value>0x20009419</value>
         <object_component_ref idref="oc-14a"/>
      </symbol>
      <symbol id="sm-519">
         <name>SysTickPeriodSet</name>
         <value>0x20009285</value>
         <object_component_ref idref="oc-13e"/>
      </symbol>
      <symbol id="sm-567">
         <name>UARTConfigSetExpClk</name>
         <value>0x200087dd</value>
         <object_component_ref idref="oc-ef"/>
      </symbol>
      <symbol id="sm-568">
         <name>UARTDisable</name>
         <value>0x20008e0d</value>
         <object_component_ref idref="oc-29d"/>
      </symbol>
      <symbol id="sm-569">
         <name>UARTBusy</name>
         <value>0x2000929d</value>
         <object_component_ref idref="oc-108"/>
      </symbol>
      <symbol id="sm-56a">
         <name>UARTCharsAvail</name>
         <value>0x200092b5</value>
         <object_component_ref idref="oc-114"/>
      </symbol>
      <symbol id="sm-56b">
         <name>UARTCharGetNonBlocking</name>
         <value>0x20009135</value>
         <object_component_ref idref="oc-11a"/>
      </symbol>
      <symbol id="sm-56c">
         <name>UARTCharPut</name>
         <value>0x200090df</value>
         <object_component_ref idref="oc-10e"/>
      </symbol>
      <symbol id="sm-56d">
         <name>UARTEnable</name>
         <value>0x20008f99</value>
         <object_component_ref idref="oc-fb"/>
      </symbol>
      <symbol id="sm-56e">
         <name>UARTFIFOEnable</name>
         <value>0x20009353</value>
         <object_component_ref idref="oc-f5"/>
      </symbol>
      <symbol id="sm-572">
         <name>UtilsDelay</name>
         <value>0x2000946d</value>
         <object_component_ref idref="oc-3ba"/>
      </symbol>
      <symbol id="sm-57c">
         <name>CPUcpsie</name>
         <value>0x2000937f</value>
         <object_component_ref idref="oc-2c0"/>
      </symbol>
      <symbol id="sm-5ac">
         <name>vsnprintf</name>
         <value>0x20008cb5</value>
         <object_component_ref idref="oc-1f7"/>
      </symbol>
      <symbol id="sm-5c0">
         <name>__aeabi_ddiv</name>
         <value>0x200079d5</value>
         <object_component_ref idref="oc-191"/>
      </symbol>
      <symbol id="sm-5cb">
         <name>__aeabi_dmul</name>
         <value>0x20007e41</value>
         <object_component_ref idref="oc-196"/>
      </symbol>
      <symbol id="sm-5d5">
         <name>__aeabi_d2iz</name>
         <value>0x20008be9</value>
         <object_component_ref idref="oc-19b"/>
      </symbol>
      <symbol id="sm-5df">
         <name>__aeabi_i2d</name>
         <value>0x20008e6d</value>
         <object_component_ref idref="oc-18c"/>
      </symbol>
      <symbol id="sm-5fa">
         <name>memcpy</name>
         <value>0x20008301</value>
         <object_component_ref idref="oc-3d"/>
      </symbol>
      <symbol id="sm-5fb">
         <name>__aeabi_memcpy</name>
         <value>0x20008301</value>
         <object_component_ref idref="oc-3d"/>
      </symbol>
      <symbol id="sm-5fc">
         <name>__aeabi_memcpy8</name>
         <value>0x20008301</value>
         <object_component_ref idref="oc-3d"/>
      </symbol>
      <symbol id="sm-5fd">
         <name>__aeabi_memcpy4</name>
         <value>0x20008301</value>
         <object_component_ref idref="oc-3d"/>
      </symbol>
      <symbol id="sm-60c">
         <name>__aeabi_memset</name>
         <value>0x20008765</value>
         <object_component_ref idref="oc-8b"/>
      </symbol>
      <symbol id="sm-60d">
         <name>memset</name>
         <value>0x2000876b</value>
         <object_component_ref idref="oc-8b"/>
      </symbol>
      <symbol id="sm-60e">
         <name>__aeabi_memset8</name>
         <value>0x20008765</value>
         <object_component_ref idref="oc-8b"/>
      </symbol>
      <symbol id="sm-60f">
         <name>__aeabi_memset4</name>
         <value>0x20008765</value>
         <object_component_ref idref="oc-8b"/>
      </symbol>
      <symbol id="sm-610">
         <name>__aeabi_memclr8</name>
         <value>0x20008763</value>
         <object_component_ref idref="oc-8b"/>
      </symbol>
      <symbol id="sm-611">
         <name>__aeabi_memclr4</name>
         <value>0x20008763</value>
         <object_component_ref idref="oc-8b"/>
      </symbol>
      <symbol id="sm-612">
         <name>__aeabi_memclr</name>
         <value>0x20008763</value>
         <object_component_ref idref="oc-8b"/>
      </symbol>
      <symbol id="sm-61f">
         <name>__aeabi_uldivmod</name>
         <value>0x2000839d</value>
         <object_component_ref idref="oc-47b"/>
      </symbol>
      <symbol id="sm-633">
         <name>__TI_zero_init_nomemset</name>
         <value>0x20009151</value>
         <object_component_ref idref="oc-49"/>
      </symbol>
      <symbol id="sm-64a">
         <name>__TI_decompress_none</name>
         <value>0x20009437</value>
         <object_component_ref idref="oc-1b"/>
      </symbol>
      <symbol id="sm-66d">
         <name>__TI_decompress_lzss</name>
         <value>0x20008933</value>
         <object_component_ref idref="oc-15"/>
      </symbol>
      <symbol id="sm-67e">
         <name>memmove</name>
         <value>0x20008f71</value>
         <object_component_ref idref="oc-203"/>
      </symbol>
      <symbol id="sm-71c">
         <name>_sys_memory</name>
         <value>0x20017000</value>
         <object_component_ref idref="oc-23"/>
      </symbol>
      <symbol id="sm-71d">
         <name>free</name>
         <value>0x20007f3d</value>
         <object_component_ref idref="oc-215"/>
      </symbol>
      <symbol id="sm-71e">
         <name>realloc</name>
         <value>0x20008021</value>
         <object_component_ref idref="oc-20f"/>
      </symbol>
      <symbol id="sm-71f">
         <name>memalign</name>
         <value>0x20007d41</value>
         <object_component_ref idref="oc-376"/>
      </symbol>
      <symbol id="sm-720">
         <name>malloc</name>
         <value>0x20009465</value>
         <object_component_ref idref="oc-209"/>
      </symbol>
      <symbol id="sm-721">
         <name>aligned_alloc</name>
         <value>0x20007d41</value>
         <object_component_ref idref="oc-376"/>
      </symbol>
      <symbol id="sm-72f">
         <name>strlen</name>
         <value>0x200093bd</value>
         <object_component_ref idref="oc-1fd"/>
      </symbol>
      <symbol id="sm-73f">
         <name>strncmp</name>
         <value>0x20008ef5</value>
         <object_component_ref idref="oc-120"/>
      </symbol>
      <symbol id="sm-752">
         <name>__stack</name>
         <value>0x2002f800</value>
         <object_component_ref idref="oc-26"/>
      </symbol>
      <symbol id="sm-753">
         <name>_c_int00_noargs</name>
         <value>0x20008da9</value>
         <object_component_ref idref="oc-5b"/>
      </symbol>
      <symbol id="sm-8b8">
         <name>__TI_printfi</name>
         <value>0x20005bb9</value>
         <object_component_ref idref="oc-354"/>
      </symbol>
      <symbol id="sm-8c2">
         <name>__aeabi_idiv0</name>
         <value>0x20006abf</value>
         <object_component_ref idref="oc-4e4"/>
      </symbol>
      <symbol id="sm-8c3">
         <name>__aeabi_ldiv0</name>
         <value>0x20006abf</value>
         <object_component_ref idref="oc-4e4"/>
      </symbol>
      <symbol id="sm-8da">
         <name>__aeabi_dsub</name>
         <value>0x2000741d</value>
         <object_component_ref idref="oc-48d"/>
      </symbol>
      <symbol id="sm-8db">
         <name>__aeabi_dadd</name>
         <value>0x20007427</value>
         <object_component_ref idref="oc-48d"/>
      </symbol>
      <symbol id="sm-8fd">
         <name>__aeabi_cdcmpeq</name>
         <value>0x20008551</value>
         <object_component_ref idref="oc-40e"/>
      </symbol>
      <symbol id="sm-8fe">
         <name>__aeabi_cdcmple</name>
         <value>0x20008551</value>
         <object_component_ref idref="oc-40e"/>
      </symbol>
      <symbol id="sm-8ff">
         <name>__aeabi_cdrcmple</name>
         <value>0x200085d7</value>
         <object_component_ref idref="oc-482"/>
      </symbol>
      <symbol id="sm-927">
         <name>__TI_auto_init_nobinit_nopinit</name>
         <value>0x20008c31</value>
         <object_component_ref idref="oc-1c5"/>
      </symbol>
      <symbol id="sm-931">
         <name>_system_pre_init</name>
         <value>0x20009473</value>
         <object_component_ref idref="oc-91"/>
      </symbol>
      <symbol id="sm-93d">
         <name>C$$EXIT</name>
         <value>0x20009477</value>
         <object_component_ref idref="oc-1b9"/>
      </symbol>
      <symbol id="sm-93e">
         <name>abort</name>
         <value>0x20009477</value>
         <object_component_ref idref="oc-1b9"/>
      </symbol>
      <symbol id="sm-953">
         <name>_nop</name>
         <value>0x20006607</value>
         <object_component_ref idref="oc-3e3"/>
      </symbol>
      <symbol id="sm-954">
         <name>_lock</name>
         <value>0x20017834</value>
         <object_component_ref idref="oc-338"/>
      </symbol>
      <symbol id="sm-955">
         <name>_unlock</name>
         <value>0x20017838</value>
         <object_component_ref idref="oc-338"/>
      </symbol>
      <symbol id="sm-964">
         <name>__TI_ltoa</name>
         <value>0x20008aaf</value>
         <object_component_ref idref="oc-487"/>
      </symbol>
      <symbol id="sm-97b">
         <name>atoi</name>
         <value>0x20008b55</value>
         <object_component_ref idref="oc-402"/>
      </symbol>
      <symbol id="sm-986">
         <name>_ctypes_</name>
         <value>0x20009977</value>
         <object_component_ref idref="oc-476"/>
      </symbol>
      <symbol id="sm-996">
         <name>memccpy</name>
         <value>0x20009189</value>
         <object_component_ref idref="oc-42b"/>
      </symbol>
      <symbol id="sm-9a6">
         <name>strchr</name>
         <value>0x20009369</value>
         <object_component_ref idref="oc-4b9"/>
      </symbol>
      <symbol id="sm-9bc">
         <name>__aeabi_errno_addr</name>
         <value>0x2000945d</value>
         <object_component_ref idref="oc-437"/>
      </symbol>
      <symbol id="sm-9bd">
         <name>errno</name>
         <value>0x20017844</value>
         <object_component_ref idref="oc-4c9"/>
      </symbol>
      <symbol id="sm-9d6">
         <name>wcslen</name>
         <value>0x200093f5</value>
         <object_component_ref idref="oc-431"/>
      </symbol>
      <symbol id="sm-9f6">
         <name>frexpl</name>
         <value>0x2000899d</value>
         <object_component_ref idref="oc-4ad"/>
      </symbol>
      <symbol id="sm-9f7">
         <name>frexp</name>
         <value>0x2000899d</value>
         <object_component_ref idref="oc-4ad"/>
      </symbol>
      <symbol id="sm-a14">
         <name>scalbn</name>
         <value>0x20007c31</value>
         <object_component_ref idref="oc-4b3"/>
      </symbol>
      <symbol id="sm-a15">
         <name>scalbnl</name>
         <value>0x20007c31</value>
         <object_component_ref idref="oc-4b3"/>
      </symbol>
      <symbol id="sm-a16">
         <name>ldexpl</name>
         <value>0x20007c31</value>
         <object_component_ref idref="oc-4b3"/>
      </symbol>
      <symbol id="sm-a17">
         <name>ldexp</name>
         <value>0x20007c31</value>
         <object_component_ref idref="oc-4b3"/>
      </symbol>
      <symbol id="sm-a21">
         <name>copysign</name>
         <value>0x200091f3</value>
         <object_component_ref idref="oc-4f9"/>
      </symbol>
      <symbol id="sm-a22">
         <name>copysignl</name>
         <value>0x200091f3</value>
         <object_component_ref idref="oc-4f9"/>
      </symbol>
      <symbol id="sm-a23">
         <name>__TI_static_base__</name>
         <value>0x20009c40</value>
      </symbol>
      <symbol id="sm-a26">
         <name>__mpu_init</name>
         <value>0x0</value>
      </symbol>
      <symbol id="sm-a27">
         <name>_system_post_cinit</name>
         <value>0x0</value>
      </symbol>
   </symbol_table>
   <title>Link successful</title>
</link_info>
