******************************************************************************
                  TI ARM Linker PC v20.2.7                     
******************************************************************************
>> Linked Tue Mar 11 12:36:57 2025

OUTPUT FILE NAME:   <lab-final.out>
ENTRY POINT SYMBOL: "_c_int00_noargs"  address: 20008da9


MEMORY CONFIGURATION

         name            origin    length      used     unused   attr    fill
----------------------  --------  ---------  --------  --------  ----  --------
  SRAM_CODE             20004000   00013000  00005c92  0000d36e  RW X
  SRAM_DATA             20017000   00019000  00001051  00017faf  RW X


SEGMENT ALLOCATION MAP

run origin  load origin   length   init length attrs members
----------  ----------- ---------- ----------- ----- -------
20004000    20004000    00005c98   00005c98    r-x
  20004000    20004000    00000400   00000400    r-- .intvecs
  20004400    20004400    0000507a   0000507a    r-x .text
  2000947c    2000947c    000007c0   000007c0    r-- .const
  20009c40    20009c40    00000058   00000058    r-- .cinit
20017000    20017000    00000851   00000000    rw-
  20017000    20017000    00000800   00000000    rw- .sysmem
  20017800    20017800    00000048   00000000    rw- .data
  20017848    20017848    00000009   00000000    rw- .bss
2002f800    2002f800    00000800   00000000    rw-
  2002f800    2002f800    00000800   00000000    rw- .stack


SECTION ALLOCATION MAP

 output                                  attributes/
section   page    origin      length       input sections
--------  ----  ----------  ----------   ----------------
.intvecs   0    20004000    00000400     
                  20004000    00000400     startup_ccs.obj (.intvecs)

.init_array 
*          0    20004000    00000000     UNINITIALIZED

.text      0    20004400    0000507a     
                  20004400    00000d38     main.obj (.text)
                  20005138    00000a80     Adafruit_GFX.obj (.text)
                  20005bb8    00000a4e     rtsv7M4_T_le_v4SPD16_eabi.lib : _printfi.c.obj (.text:__TI_printfi)
                  20006606    00000002                                   : _lock.c.obj (.text:_nop)
                  20006608    000004b6     Adafruit_OLED.obj (.text)
                  20006abe    00000002     rtsv7M4_T_le_v4SPD16_eabi.lib : div0.asm.obj (.text)
                  20006ac0    000002a0     i2c_if.obj (.text)
                  20006d60    0000027c     uart_if.obj (.text)
                  20006fdc    00000270     rtsv7M4_T_le_v4SPD16_eabi.lib : _printfi.c.obj (.text:_pconv_a)
                  2000724c    000001d0                                   : _printfi.c.obj (.text:_pconv_g)
                  2000741c    000001b6                                   : fd_add_t2.asm.obj (.text)
                  200075d2    00000002     --HOLE-- [fill = 0]
                  200075d4    00000178     driverlib.a : prcm.obj (.text:PRCMCC3200MCUInit)
                  2000774c    0000014c     pin_mux_config.obj (.text)
                  20007898    0000013c     rtsv7M4_T_le_v4SPD16_eabi.lib : _printfi.c.obj (.text:_pconv_e)
                  200079d4    00000136                                   : fd_div_t2.asm.obj (.text)
                  20007b0a    00000002     --HOLE-- [fill = 0]
                  20007b0c    00000124                                   : _printfi.c.obj (.text:fcvt)
                  20007c30    00000110                                   : s_scalbn.c.obj (.text:scalbn)
                  20007d40    00000100                                   : memory.c.obj (.text:aligned_alloc)
                  20007e40    000000fc                                   : fd_mul_t2.asm.obj (.text)
                  20007f3c    000000e4                                   : memory.c.obj (.text:free)
                  20008020    000000e4                                   : memory.c.obj (.text:realloc)
                  20008104    000000b1                                   : _printfi.c.obj (.text:_ltostr)
                  200081b5    00000003     --HOLE-- [fill = 0]
                  200081b8    000000a8     driverlib.a : interrupt.obj (.text:IntEnable)
                  20008260    000000a0                 : spi.obj (.text:SPIConfigSetExpClk)
                  20008300    0000009c     rtsv7M4_T_le_v4SPD16_eabi.lib : memcpy_t2.asm.obj (.text)
                  2000839c    00000096                                   : ull_div_t2.asm.obj (.text)
                  20008432    00000002     --HOLE-- [fill = 0]
                  20008434    00000094     driverlib.a : prcm.obj (.text:PRCMPeripheralClockGet)
                  200084c8    00000088                 : pin.obj (.text:PinConfigSet)
                  20008550    00000086     rtsv7M4_T_le_v4SPD16_eabi.lib : fd_cmp_t2.asm.obj (.text:__aeabi_cdcmple)
                  200085d6    00000086                                   : fd_cmp_t2.asm.obj (.text:__aeabi_cdrcmple)
                  2000865c    00000084     driverlib.a : i2c.obj (.text:I2CMasterInitExpClk)
                  200086e0    00000082                 : gpio.obj (.text:GPIOIntTypeSet)
                  20008762    0000007a     rtsv7M4_T_le_v4SPD16_eabi.lib : memset_t2.asm.obj (.text)
                  200087dc    00000076     driverlib.a : uart.obj (.text:UARTConfigSetExpClk)
                  20008852    00000002     --HOLE-- [fill = 0]
                  20008854    00000070     rtsv7M4_T_le_v4SPD16_eabi.lib : memory.c.obj (.text:split)
                  200088c4    0000006e                                   : _printfi.c.obj (.text:_mcpy)
                  20008932    00000068                                   : copy_decompress_lzss.c.obj (.text:decompress:lzss:__TI_decompress_lzss)
                  2000899a    00000002     --HOLE-- [fill = 0]
                  2000899c    00000064                                   : s_frexp.c.obj (.text:frexp)
                  20008a00    00000058     driverlib.a : prcm.obj (.text:PRCMPeripheralReset)
                  20008a58    00000056     rtsv7M4_T_le_v4SPD16_eabi.lib : _printfi.c.obj (.text:_pconv_f)
                  20008aae    00000054                                   : _ltoa.c.obj (.text:__TI_ltoa)
                  20008b02    00000052                                   : _printfi.c.obj (.text:_ecpy)
                  20008b54    0000004c                                   : atoi.c.obj (.text:atoi)
                  20008ba0    00000048     driverlib.a : gpio.obj (.text:GPIOGetIntNumber)
                  20008be8    00000048     rtsv7M4_T_le_v4SPD16_eabi.lib : fd_toi_t2.asm.obj (.text)
                  20008c30    00000044                                   : autoinit.c.obj (.text:__TI_auto_init_nobinit_nopinit:__TI_auto_init_nobinit_nopinit)
                  20008c74    00000040     driverlib.a : pin.obj (.text:PinModeSet)
                  20008cb4    00000040     rtsv7M4_T_le_v4SPD16_eabi.lib : vsnprintf.c.obj (.text:vsnprintf)
                  20008cf4    0000003e                                   : _printfi.c.obj (.text:_fcpy)
                  20008d32    00000002     --HOLE-- [fill = 0]
                  20008d34    0000003c     driverlib.a : prcm.obj (.text:PRCMPeripheralClkEnable)
                  20008d70    00000036                 : gpio.obj (.text:GPIODirModeSet)
                  20008da6    00000002     --HOLE-- [fill = 0]
                  20008da8    00000034     rtsv7M4_T_le_v4SPD16_eabi.lib : boot_cortex_m.c.obj (.text:_c_int00_noargs:_c_int00_noargs)
                  20008ddc    00000030     driverlib.a : pin.obj (.text:PinTypeGPIO)
                  20008e0c    00000030                 : uart.obj (.text:UARTDisable)
                  20008e3c    00000030     rtsv7M4_T_le_v4SPD16_eabi.lib : vsnprintf.c.obj (.text:_outs)
                  20008e6c    0000002e                                   : i_tofd_t2.asm.obj (.text)
                  20008e9a    0000002c     driverlib.a : i2c.obj (.text:I2CMasterErr)
                  20008ec6    00000002     --HOLE-- [fill = 0]
                  20008ec8    0000002c                 : prcm.obj (.text:PRCMSysResetCauseGet)
                  20008ef4    0000002c     rtsv7M4_T_le_v4SPD16_eabi.lib : strncmp.c.obj (.text:strncmp)
                  20008f20    00000028     driverlib.a : prcm.obj (.text:PRCMPeripheralClkDisable)
                  20008f48    00000028     rtsv7M4_T_le_v4SPD16_eabi.lib : memory.c.obj (.text:free_list_insert)
                  20008f70    00000028                                   : memmov.c.obj (.text:memmove)
                  20008f98    00000024     driverlib.a : uart.obj (.text:UARTEnable)
                  20008fbc    00000022                 : gpio.obj (.text:GPIOIntStatus)
                  20008fde    00000022                 : i2c.obj (.text:I2CMasterSlaveAddrSet)
                  20009000    00000022                 : spi.obj (.text:SPIReset)
                  20009022    00000020                 : gpio.obj (.text:GPIOPinWrite)
                  20009042    00000002     --HOLE-- [fill = 0]
                  20009044    00000020                 : interrupt.obj (.text:IntRegister)
                  20009064    00000020                 : spi.obj (.text:SPIDataGet)
                  20009084    0000001e                 : gpio.obj (.text:GPIOIntRegister)
                  200090a2    0000001e                 : i2c.obj (.text:I2CMasterIntStatusEx)
                  200090c0    0000001e                 : spi.obj (.text:SPIDataPut)
                  200090de    0000001e                 : uart.obj (.text:UARTCharPut)
                  200090fc    0000001c                 : pin.obj (.text:PinTypeI2C)
                  20009118    0000001c                 : systick.obj (.text:SysTickIntRegister)
                  20009134    0000001c                 : uart.obj (.text:UARTCharGetNonBlocking)
                  20009150    0000001c     rtsv7M4_T_le_v4SPD16_eabi.lib : copy_zero_init.c.obj (.text:decompress:ZI:__TI_zero_init_nomemset:__TI_zero_init_nomemset)
                  2000916c    0000001c                                   : memory.c.obj (.text:free_list_remove)
                  20009188    0000001c                                   : memccpy.c.obj (.text:memccpy)
                  200091a4    0000001a     driverlib.a : gpio.obj (.text:GPIOIntEnable)
                  200091be    0000001a                 : pin.obj (.text:PinTypeSPI)
                  200091d8    0000001a                 : pin.obj (.text:PinTypeUART)
                  200091f2    0000001a     rtsv7M4_T_le_v4SPD16_eabi.lib : s_copysign.c.obj (.text:copysign)
                  2000920c    00000018     driverlib.a : gpio.obj (.text:GPIOPinRead)
                  20009224    00000018                 : i2c.obj (.text:I2CMasterIntEnableEx)
                  2000923c    00000018                 : spi.obj (.text:SPICSDisable)
                  20009254    00000018                 : spi.obj (.text:SPICSEnable)
                  2000926c    00000018                 : spi.obj (.text:SPIEnable)
                  20009284    00000018                 : systick.obj (.text:SysTickPeriodSet)
                  2000929c    00000018                 : uart.obj (.text:UARTBusy)
                  200092b4    00000018                 : uart.obj (.text:UARTCharsAvail)
                  200092cc    00000018     rtsv7M4_T_le_v4SPD16_eabi.lib : vsnprintf.c.obj (.text:_outc)
                  200092e4    00000016     driverlib.a : i2c.obj (.text:I2CMasterDataPut)
                  200092fa    00000016                 : i2c.obj (.text:I2CMasterEnable)
                  20009310    00000016                 : i2c.obj (.text:I2CMasterIntClear)
                  20009326    00000016                 : prcm.obj (.text:PRCMHIBRegRead)
                  2000933c    00000016                 : prcm.obj (.text:PRCMHIBRegWrite)
                  20009352    00000016                 : uart.obj (.text:UARTFIFOEnable)
                  20009368    00000016     rtsv7M4_T_le_v4SPD16_eabi.lib : strchr.c.obj (.text:strchr)
                  2000937e    00000014     driverlib.a : cpu.obj (.text:CPUcpsie)
                  20009392    00000014                 : gpio.obj (.text:GPIOIntClear)
                  200093a6    00000002     --HOLE-- [fill = 0]
                  200093a8    00000014                 : interrupt.obj (.text:IntVTableBaseSet)
                  200093bc    00000014     rtsv7M4_T_le_v4SPD16_eabi.lib : strlen.c.obj (.text:strlen)
                  200093d0    00000012     driverlib.a : i2c.obj (.text:I2CMasterControl)
                  200093e2    00000012                 : i2c.obj (.text:I2CMasterTimeoutSet)
                  200093f4    00000012     rtsv7M4_T_le_v4SPD16_eabi.lib : wcslen.c.obj (.text:wcslen)
                  20009406    00000002     --HOLE-- [fill = 0]
                  20009408    00000010     driverlib.a : systick.obj (.text:SysTickEnable)
                  20009418    00000010                 : systick.obj (.text:SysTickIntEnable)
                  20009428    0000000e                 : i2c.obj (.text:I2CMasterDataGet)
                  20009436    0000000e     rtsv7M4_T_le_v4SPD16_eabi.lib : copy_decompress_none.c.obj (.text:decompress:none:__TI_decompress_none)
                  20009444    0000000e     startup_ccs.obj (.text)
                  20009452    0000000a     driverlib.a : interrupt.obj (.text:IntMasterEnable)
                  2000945c    00000008     rtsv7M4_T_le_v4SPD16_eabi.lib : errno.c.obj (.text:__aeabi_errno_addr)
                  20009464    00000008                                   : memory.c.obj (.text:malloc)
                  2000946c    00000006     driverlib.a : utils.obj (.text:UtilsDelay)
                  20009472    00000004     rtsv7M4_T_le_v4SPD16_eabi.lib : pre_init.c.obj (.text:_system_pre_init)
                  20009476    00000004                                   : exit.c.obj (.text:abort:abort)

.const     0    2000947c    000007c0     
                  2000947c    000004fb     Adafruit_GFX.obj (.const:.string:font)
                  20009977    00000101     rtsv7M4_T_le_v4SPD16_eabi.lib : ctype.c.obj (.const:.string:_ctypes_)
                  20009a78    00000100     driverlib.a : pin.obj (.const:g_ulPinToPadMap)
                  20009b78    000000a8                 : prcm.obj (.const:PRCM_PeriphRegsList)
                  20009c20    00000018                 : interrupt.obj (.const:g_pulEnRegs)
                  20009c38    00000004     main.obj (.const:.string:$P$T0$4)

.cinit     0    20009c40    00000058     
                  20009c40    0000002f     (.cinit..data.load) [load image, compression = lzss]
                  20009c6f    00000001     --HOLE-- [fill = 0]
                  20009c70    0000000c     (__TI_handler_table)
                  20009c7c    00000004     --HOLE-- [fill = 0]
                  20009c80    00000008     (.cinit..bss.load) [load image, compression = zero_init]
                  20009c88    00000010     (__TI_cinit_table)

.sysmem    0    20017000    00000800     UNINITIALIZED
                  20017000    00000010     rtsv7M4_T_le_v4SPD16_eabi.lib : memory.c.obj (.sysmem)
                  20017010    000007f0     --HOLE--

.data      0    20017800    00000048     UNINITIALIZED
                  20017800    0000001c     main.obj (.data)
                  2001781c    00000015     Adafruit_GFX.obj (.data)
                  20017831    00000003     --HOLE--
                  20017834    00000008     rtsv7M4_T_le_v4SPD16_eabi.lib : _lock.c.obj (.data:$O1$$)
                  2001783c    00000008                                   : memory.c.obj (.data:$O1$$)
                  20017844    00000004                                   : errno.c.obj (.data)

.bss       0    20017848    00000009     UNINITIALIZED
                  20017848    00000004     main.obj (.bss:data$1)
                  2001784c    00000004     uart_if.obj (.bss)
                  20017850    00000001     (.common:switch_intflag)

.stack     0    2002f800    00000800     UNINITIALIZED
                  2002f800    00000004     rtsv7M4_T_le_v4SPD16_eabi.lib : boot_cortex_m.c.obj (.stack)
                  2002f804    000007fc     --HOLE--

__llvm_prf_cnts 
*          0    20017000    00000000     UNINITIALIZED

MODULE SUMMARY

       Module                       code    ro data   rw data
       ------                       ----    -------   -------
    .\
       Adafruit_GFX.obj             2688    1275      21     
       main.obj                     3384    4         33     
       Adafruit_OLED.obj            1206    0         0      
       startup_ccs.obj              14      1024      0      
       i2c_if.obj                   672     0         0      
       uart_if.obj                  636     0         4      
       pin_mux_config.obj           332     0         0      
    +--+----------------------------+-------+---------+---------+
       Total:                       8932    2303      58     
                                                             
    C:/ti/CC3200SDK_1.5.0/cc3200-sdk/driverlib/ccs/Release/driverlib.a
       prcm.obj                     800     168       0      
       pin.obj                      328     256       0      
       gpio.obj                     422     0         0      
       i2c.obj                      380     0         0      
       uart.obj                     330     0         0      
       spi.obj                      328     0         0      
       interrupt.obj                230     24        0      
       systick.obj                  84      0         0      
       cpu.obj                      20      0         0      
       utils.obj                    6       0         0      
    +--+----------------------------+-------+---------+---------+
       Total:                       2928    448       0      
                                                             
    C:\ti\ccs1280\ccs\tools\compiler\ti-cgt-arm_20.2.7.LTS\lib\rtsv7M4_T_le_v4SPD16_eabi.lib
       _printfi.c.obj               4851    0         0      
       memory.c.obj                 900     0         8      
       fd_add_t2.asm.obj            438     0         0      
       fd_div_t2.asm.obj            310     0         0      
       s_scalbn.c.obj               272     0         0      
       fd_cmp_t2.asm.obj            268     0         0      
       ctype.c.obj                  0       257       0      
       fd_mul_t2.asm.obj            252     0         0      
       memcpy_t2.asm.obj            156     0         0      
       ull_div_t2.asm.obj           150     0         0      
       vsnprintf.c.obj              136     0         0      
       memset_t2.asm.obj            122     0         0      
       copy_decompress_lzss.c.obj   104     0         0      
       s_frexp.c.obj                100     0         0      
       _ltoa.c.obj                  84      0         0      
       atoi.c.obj                   76      0         0      
       fd_toi_t2.asm.obj            72      0         0      
       autoinit.c.obj               68      0         0      
       boot_cortex_m.c.obj          52      0         0      
       i_tofd_t2.asm.obj            46      0         0      
       strncmp.c.obj                44      0         0      
       memmov.c.obj                 40      0         0      
       copy_zero_init.c.obj         28      0         0      
       memccpy.c.obj                28      0         0      
       s_copysign.c.obj             26      0         0      
       strchr.c.obj                 22      0         0      
       strlen.c.obj                 20      0         0      
       wcslen.c.obj                 18      0         0      
       copy_decompress_none.c.obj   14      0         0      
       errno.c.obj                  8       0         4      
       _lock.c.obj                  2       0         8      
       exit.c.obj                   4       0         0      
       pre_init.c.obj               4       0         0      
       div0.asm.obj                 2       0         0      
    +--+----------------------------+-------+---------+---------+
       Total:                       8717    257       20     
                                                             
       Heap:                        0       0         2048   
       Stack:                       0       0         2048   
       Linker Generated:            0       83        0      
    +--+----------------------------+-------+---------+---------+
       Grand Total:                 20577   3091      4174   


LINKER GENERATED COPY TABLES

__TI_cinit_table @ 20009c88 records: 2, size/record: 8, table size: 16
	.data: load addr=20009c40, load size=0000002f bytes, run addr=20017800, run size=00000048 bytes, compression=lzss
	.bss: load addr=20009c80, load size=00000008 bytes, run addr=20017848, run size=00000009 bytes, compression=zero_init


LINKER GENERATED HANDLER TABLE

__TI_handler_table @ 20009c70 records: 3, size/record: 4, table size: 12
	index: 0, handler: __TI_decompress_lzss
	index: 1, handler: __TI_decompress_none
	index: 2, handler: __TI_zero_init


GLOBAL SYMBOLS: SORTED ALPHABETICALLY BY Name 

address   name                          
-------   ----                          
20006691  Adafruit_Init                 
20009477  C$$EXIT                       
2000937f  CPUcpsie                      
20006da1  ClearTerm                     
2000681b  Color565                      
20006dab  Error                         
20008d71  GPIODirModeSet                
20009393  GPIOIntClear                  
200091a5  GPIOIntEnable                 
20009085  GPIOIntRegister               
20008fbd  GPIOIntStatus                 
200086e1  GPIOIntTypeSet                
2000920d  GPIOPinRead                   
20009023  GPIOPinWrite                  
20006de3  GetCmd                        
200093d1  I2CMasterControl              
20009429  I2CMasterDataGet              
200092e5  I2CMasterDataPut              
200092fb  I2CMasterEnable               
20008e9b  I2CMasterErr                  
2000865d  I2CMasterInitExpClk           
20009311  I2CMasterIntClear             
20009225  I2CMasterIntEnableEx          
200090a3  I2CMasterIntStatusEx          
20008fdf  I2CMasterSlaveAddrSet         
200093e3  I2CMasterTimeoutSet           
20006d4b  I2C_IF_Close                  
20006cef  I2C_IF_Open                   
20006bed  I2C_IF_Read                   
20006ca9  I2C_IF_ReadFrom               
20006b3d  I2C_IF_Write                  
20006d61  InitTerm                      
20004691  InitUART1                     
200081b9  IntEnable                     
20009453  IntMasterEnable               
20009045  IntRegister                   
200093a9  IntVTableBaseSet              
20006d7f  Message                       
20005ae3  Outstr                        
200075d5  PRCMCC3200MCUInit             
20009327  PRCMHIBRegRead                
2000933d  PRCMHIBRegWrite               
20008f21  PRCMPeripheralClkDisable      
20008d35  PRCMPeripheralClkEnable       
20008435  PRCMPeripheralClockGet        
20008a01  PRCMPeripheralReset           
20008ec9  PRCMSysResetCauseGet          
200084c9  PinConfigSet                  
20008c75  PinModeSet                    
2000774d  PinMuxConfig                  
20008ddd  PinTypeGPIO                   
200090fd  PinTypeI2C                    
200091bf  PinTypeSPI                    
200091d9  PinTypeUART                   
20004427  ReadAccData                   
20006f21  Report                        
20009445  ResetISR                      
2000923d  SPICSDisable                  
20009255  SPICSEnable                   
20008261  SPIConfigSetExpClk            
20009065  SPIDataGet                    
200090c1  SPIDataPut                    
2000926d  SPIEnable                     
20009001  SPIReset                      
20009409  SysTickEnable                 
20009419  SysTickIntEnable              
20009119  SysTickIntRegister            
20009285  SysTickPeriodSet              
20006e89  TrimSpace                     
200047d9  UART1ReceiveProjectile        
20004719  UART1SendProjectile           
2000929d  UARTBusy                      
20009135  UARTCharGetNonBlocking        
200090df  UARTCharPut                   
200092b5  UARTCharsAvail                
200087dd  UARTConfigSetExpClk           
20008e0d  UARTDisable                   
20008f99  UARTEnable                    
20009353  UARTFIFOEnable                
2000946d  UtilsDelay                    
20030000  __STACK_END                   
00000800  __STACK_SIZE                  
00000800  __SYSMEM_SIZE                 
20009c88  __TI_CINIT_Base               
20009c98  __TI_CINIT_Limit              
20009c70  __TI_Handler_Table_Base       
20009c7c  __TI_Handler_Table_Limit      
20008c31  __TI_auto_init_nobinit_nopinit
20008933  __TI_decompress_lzss          
20009437  __TI_decompress_none          
20008aaf  __TI_ltoa                     
ffffffff  __TI_pprof_out_hndl           
20005bb9  __TI_printfi                  
ffffffff  __TI_prof_data_size           
ffffffff  __TI_prof_data_start          
20009c40  __TI_static_base__            
20009151  __TI_zero_init_nomemset       
20008551  __aeabi_cdcmpeq               
20008551  __aeabi_cdcmple               
200085d7  __aeabi_cdrcmple              
20008be9  __aeabi_d2iz                  
20007427  __aeabi_dadd                  
200079d5  __aeabi_ddiv                  
20007e41  __aeabi_dmul                  
2000741d  __aeabi_dsub                  
2000945d  __aeabi_errno_addr            
20008e6d  __aeabi_i2d                   
20006abf  __aeabi_idiv0                 
20006abf  __aeabi_ldiv0                 
20008763  __aeabi_memclr                
20008763  __aeabi_memclr4               
20008763  __aeabi_memclr8               
20008301  __aeabi_memcpy                
20008301  __aeabi_memcpy4               
20008301  __aeabi_memcpy8               
20008765  __aeabi_memset                
20008765  __aeabi_memset4               
20008765  __aeabi_memset8               
2000839d  __aeabi_uldivmod              
ffffffff  __binit__                     
ffffffff  __c_args__                    
UNDEFED   __mpu_init                    
2002f800  __stack                       
20017000  __start___llvm_prf_cnts       
20017000  __stop___llvm_prf_cnts        
20008da9  _c_int00_noargs               
20009977  _ctypes_                      
20017834  _lock                         
20006607  _nop                          
20017000  _sys_memory                   
UNDEFED   _system_post_cinit            
20009473  _system_pre_init              
20017838  _unlock                       
20009477  abort                         
20007d41  aligned_alloc                 
20017810  ammo_cnt                      
20008b55  atoi                          
ffffffff  binit                         
200091f3  copysign                      
200091f3  copysignl                     
2001781c  cursor_x                      
20017820  cursor_y                      
20005997  drawChar                      
20005139  drawCircle                    
2000526d  drawCircleHelper              
200069c9  drawFastHLine                 
2000692d  drawFastVLine                 
200054b3  drawLine                      
20006a65  drawPixel                     
2000559f  drawRect                      
200055ed  drawRoundRect                 
2000452b  drawShipWithAmmo              
20005755  drawTriangle                  
20017844  errno                         
2000538b  fillCircle                    
200053c5  fillCircleHelper              
20006873  fillRect                      
200056db  fillRoundRect                 
2000685d  fillScreen                    
20005797  fillTriangle                  
20007f3d  free                          
2000899d  frexp                         
2000899d  frexpl                        
20004000  g_pfnVectors                  
20017814  game_running                  
200067d7  goTo                          
20005b97  height                        
20006aa3  invert                        
20007c31  ldexp                         
20007c31  ldexpl                        
200048e5  main                          
20009465  malloc                        
20007d41  memalign                      
20009189  memccpy                       
20008301  memcpy                        
20008f71  memmove                       
2000876b  memset                        
2001780c  projectile_scale              
20017808  projectile_size               
20008021  realloc                       
20017815  round_running                 
20007c31  scalbn                        
20007c31  scalbnl                       
20005b2f  setCursor                     
20005b67  setTextColor                  
20005b47  setTextSize                   
20005b7f  setTextWrap                   
20009369  strchr                        
200093bd  strlen                        
20008ef5  strncmp                       
20017850  switch_intflag                
20017804  systick_cnt                   
2001782c  textbgcolor                   
20017828  textcolor                     
20017824  textsize                      
20017800  timer                         
20008cb5  vsnprintf                     
200093f5  wcslen                        
20005b93  width                         
20017830  wrap                          
20006609  writeCommand                  
2000664d  writeData                     


GLOBAL SYMBOLS: SORTED BY Symbol Address 

address   name                          
-------   ----                          
00000800  __STACK_SIZE                  
00000800  __SYSMEM_SIZE                 
20004000  g_pfnVectors                  
20004427  ReadAccData                   
2000452b  drawShipWithAmmo              
20004691  InitUART1                     
20004719  UART1SendProjectile           
200047d9  UART1ReceiveProjectile        
200048e5  main                          
20005139  drawCircle                    
2000526d  drawCircleHelper              
2000538b  fillCircle                    
200053c5  fillCircleHelper              
200054b3  drawLine                      
2000559f  drawRect                      
200055ed  drawRoundRect                 
200056db  fillRoundRect                 
20005755  drawTriangle                  
20005797  fillTriangle                  
20005997  drawChar                      
20005ae3  Outstr                        
20005b2f  setCursor                     
20005b47  setTextSize                   
20005b67  setTextColor                  
20005b7f  setTextWrap                   
20005b93  width                         
20005b97  height                        
20005bb9  __TI_printfi                  
20006607  _nop                          
20006609  writeCommand                  
2000664d  writeData                     
20006691  Adafruit_Init                 
200067d7  goTo                          
2000681b  Color565                      
2000685d  fillScreen                    
20006873  fillRect                      
2000692d  drawFastVLine                 
200069c9  drawFastHLine                 
20006a65  drawPixel                     
20006aa3  invert                        
20006abf  __aeabi_idiv0                 
20006abf  __aeabi_ldiv0                 
20006b3d  I2C_IF_Write                  
20006bed  I2C_IF_Read                   
20006ca9  I2C_IF_ReadFrom               
20006cef  I2C_IF_Open                   
20006d4b  I2C_IF_Close                  
20006d61  InitTerm                      
20006d7f  Message                       
20006da1  ClearTerm                     
20006dab  Error                         
20006de3  GetCmd                        
20006e89  TrimSpace                     
20006f21  Report                        
2000741d  __aeabi_dsub                  
20007427  __aeabi_dadd                  
200075d5  PRCMCC3200MCUInit             
2000774d  PinMuxConfig                  
200079d5  __aeabi_ddiv                  
20007c31  ldexp                         
20007c31  ldexpl                        
20007c31  scalbn                        
20007c31  scalbnl                       
20007d41  aligned_alloc                 
20007d41  memalign                      
20007e41  __aeabi_dmul                  
20007f3d  free                          
20008021  realloc                       
200081b9  IntEnable                     
20008261  SPIConfigSetExpClk            
20008301  __aeabi_memcpy                
20008301  __aeabi_memcpy4               
20008301  __aeabi_memcpy8               
20008301  memcpy                        
2000839d  __aeabi_uldivmod              
20008435  PRCMPeripheralClockGet        
200084c9  PinConfigSet                  
20008551  __aeabi_cdcmpeq               
20008551  __aeabi_cdcmple               
200085d7  __aeabi_cdrcmple              
2000865d  I2CMasterInitExpClk           
200086e1  GPIOIntTypeSet                
20008763  __aeabi_memclr                
20008763  __aeabi_memclr4               
20008763  __aeabi_memclr8               
20008765  __aeabi_memset                
20008765  __aeabi_memset4               
20008765  __aeabi_memset8               
2000876b  memset                        
200087dd  UARTConfigSetExpClk           
20008933  __TI_decompress_lzss          
2000899d  frexp                         
2000899d  frexpl                        
20008a01  PRCMPeripheralReset           
20008aaf  __TI_ltoa                     
20008b55  atoi                          
20008be9  __aeabi_d2iz                  
20008c31  __TI_auto_init_nobinit_nopinit
20008c75  PinModeSet                    
20008cb5  vsnprintf                     
20008d35  PRCMPeripheralClkEnable       
20008d71  GPIODirModeSet                
20008da9  _c_int00_noargs               
20008ddd  PinTypeGPIO                   
20008e0d  UARTDisable                   
20008e6d  __aeabi_i2d                   
20008e9b  I2CMasterErr                  
20008ec9  PRCMSysResetCauseGet          
20008ef5  strncmp                       
20008f21  PRCMPeripheralClkDisable      
20008f71  memmove                       
20008f99  UARTEnable                    
20008fbd  GPIOIntStatus                 
20008fdf  I2CMasterSlaveAddrSet         
20009001  SPIReset                      
20009023  GPIOPinWrite                  
20009045  IntRegister                   
20009065  SPIDataGet                    
20009085  GPIOIntRegister               
200090a3  I2CMasterIntStatusEx          
200090c1  SPIDataPut                    
200090df  UARTCharPut                   
200090fd  PinTypeI2C                    
20009119  SysTickIntRegister            
20009135  UARTCharGetNonBlocking        
20009151  __TI_zero_init_nomemset       
20009189  memccpy                       
200091a5  GPIOIntEnable                 
200091bf  PinTypeSPI                    
200091d9  PinTypeUART                   
200091f3  copysign                      
200091f3  copysignl                     
2000920d  GPIOPinRead                   
20009225  I2CMasterIntEnableEx          
2000923d  SPICSDisable                  
20009255  SPICSEnable                   
2000926d  SPIEnable                     
20009285  SysTickPeriodSet              
2000929d  UARTBusy                      
200092b5  UARTCharsAvail                
200092e5  I2CMasterDataPut              
200092fb  I2CMasterEnable               
20009311  I2CMasterIntClear             
20009327  PRCMHIBRegRead                
2000933d  PRCMHIBRegWrite               
20009353  UARTFIFOEnable                
20009369  strchr                        
2000937f  CPUcpsie                      
20009393  GPIOIntClear                  
200093a9  IntVTableBaseSet              
200093bd  strlen                        
200093d1  I2CMasterControl              
200093e3  I2CMasterTimeoutSet           
200093f5  wcslen                        
20009409  SysTickEnable                 
20009419  SysTickIntEnable              
20009429  I2CMasterDataGet              
20009437  __TI_decompress_none          
20009445  ResetISR                      
20009453  IntMasterEnable               
2000945d  __aeabi_errno_addr            
20009465  malloc                        
2000946d  UtilsDelay                    
20009473  _system_pre_init              
20009477  C$$EXIT                       
20009477  abort                         
20009977  _ctypes_                      
20009c40  __TI_static_base__            
20009c70  __TI_Handler_Table_Base       
20009c7c  __TI_Handler_Table_Limit      
20009c88  __TI_CINIT_Base               
20009c98  __TI_CINIT_Limit              
20017000  __start___llvm_prf_cnts       
20017000  __stop___llvm_prf_cnts        
20017000  _sys_memory                   
20017800  timer                         
20017804  systick_cnt                   
20017808  projectile_size               
2001780c  projectile_scale              
20017810  ammo_cnt                      
20017814  game_running                  
20017815  round_running                 
2001781c  cursor_x                      
20017820  cursor_y                      
20017824  textsize                      
20017828  textcolor                     
2001782c  textbgcolor                   
20017830  wrap                          
20017834  _lock                         
20017838  _unlock                       
20017844  errno                         
20017850  switch_intflag                
2002f800  __stack                       
20030000  __STACK_END                   
ffffffff  __TI_pprof_out_hndl           
ffffffff  __TI_prof_data_size           
ffffffff  __TI_prof_data_start          
ffffffff  __binit__                     
ffffffff  __c_args__                    
ffffffff  binit                         
UNDEFED   __mpu_init                    
UNDEFED   _system_post_cinit            

[202 symbols]
