******************************************************************************
                  TI ARM Linker PC v20.2.7                     
******************************************************************************
>> Linked Thu Mar  6 12:39:24 2025

OUTPUT FILE NAME:   <lab-final.out>
ENTRY POINT SYMBOL: "_c_int00_noargs"  address: 20008511


MEMORY CONFIGURATION

         name            origin    length      used     unused   attr    fill
----------------------  --------  ---------  --------  --------  ----  --------
  SRAM_CODE             20004000   00013000  0000538a  0000dc76  RW X
  SRAM_DATA             20017000   00019000  0000103d  00017fc3  RW X


SEGMENT ALLOCATION MAP

run origin  load origin   length   init length attrs members
----------  ----------- ---------- ----------- ----- -------
20004000    20004000    00005390   00005390    r-x
  20004000    20004000    00000400   00000400    r-- .intvecs
  20004400    20004400    00004786   00004786    r-x .text
  20008b88    20008b88    000007bc   000007bc    r-- .const
  20009348    20009348    00000048   00000048    r-- .cinit
20017000    20017000    0000083d   00000000    rw-
  20017000    20017000    00000800   00000000    rw- .sysmem
  20017800    20017800    00000034   00000000    rw- .data
  20017834    20017834    00000009   00000000    rw- .bss
2002f800    2002f800    00000800   00000000    rw-
  2002f800    2002f800    00000800   00000000    rw- .stack


SECTION ALLOCATION MAP

 output                                  attributes/
section   page    origin      length       input sections
--------  ----  ----------  ----------   ----------------
.intvecs   0    20004000    00000400     
                  20004000    00000400     startup_ccs.obj (.intvecs)

.init_array 
*          0    20004000    00000000     UNINITIALIZED

.text      0    20004400    00004786     
                  20004400    00000a80     Adafruit_GFX.obj (.text)
                  20004e80    00000a4e     rtsv7M4_T_le_v4SPD16_eabi.lib : _printfi.c.obj (.text:__TI_printfi)
                  200058ce    00000002                                   : _lock.c.obj (.text:_nop)
                  200058d0    000004d4     main.obj (.text)
                  20005da4    000004b6     Adafruit_OLED.obj (.text)
                  2000625a    00000002     rtsv7M4_T_le_v4SPD16_eabi.lib : div0.asm.obj (.text)
                  2000625c    000002a0     i2c_if.obj (.text)
                  200064fc    0000027c     uart_if.obj (.text)
                  20006778    00000270     rtsv7M4_T_le_v4SPD16_eabi.lib : _printfi.c.obj (.text:_pconv_a)
                  200069e8    000001d0                                   : _printfi.c.obj (.text:_pconv_g)
                  20006bb8    000001b6                                   : fd_add_t2.asm.obj (.text)
                  20006d6e    00000002     --HOLE-- [fill = 0]
                  20006d70    00000178     driverlib.a : prcm.obj (.text:PRCMCC3200MCUInit)
                  20006ee8    0000013c     rtsv7M4_T_le_v4SPD16_eabi.lib : _printfi.c.obj (.text:_pconv_e)
                  20007024    00000136                                   : fd_div_t2.asm.obj (.text)
                  2000715a    00000002     --HOLE-- [fill = 0]
                  2000715c    00000124                                   : _printfi.c.obj (.text:fcvt)
                  20007280    00000118     pin_mux_config.obj (.text)
                  20007398    00000110     rtsv7M4_T_le_v4SPD16_eabi.lib : s_scalbn.c.obj (.text:scalbn)
                  200074a8    00000100                                   : memory.c.obj (.text:aligned_alloc)
                  200075a8    000000fc                                   : fd_mul_t2.asm.obj (.text)
                  200076a4    000000e4                                   : memory.c.obj (.text:free)
                  20007788    000000e4                                   : memory.c.obj (.text:realloc)
                  2000786c    000000b1                                   : _printfi.c.obj (.text:_ltostr)
                  2000791d    00000003     --HOLE-- [fill = 0]
                  20007920    000000a8     driverlib.a : interrupt.obj (.text:IntEnable)
                  200079c8    000000a0                 : spi.obj (.text:SPIConfigSetExpClk)
                  20007a68    0000009c     rtsv7M4_T_le_v4SPD16_eabi.lib : memcpy_t2.asm.obj (.text)
                  20007b04    00000096                                   : ull_div_t2.asm.obj (.text)
                  20007b9a    00000002     --HOLE-- [fill = 0]
                  20007b9c    00000094     driverlib.a : prcm.obj (.text:PRCMPeripheralClockGet)
                  20007c30    00000088                 : pin.obj (.text:PinConfigSet)
                  20007cb8    00000086     rtsv7M4_T_le_v4SPD16_eabi.lib : fd_cmp_t2.asm.obj (.text:__aeabi_cdcmple)
                  20007d3e    00000086                                   : fd_cmp_t2.asm.obj (.text:__aeabi_cdrcmple)
                  20007dc4    00000084     driverlib.a : i2c.obj (.text:I2CMasterInitExpClk)
                  20007e48    00000082                 : gpio.obj (.text:GPIOIntTypeSet)
                  20007eca    0000007a     rtsv7M4_T_le_v4SPD16_eabi.lib : memset_t2.asm.obj (.text)
                  20007f44    00000076     driverlib.a : uart.obj (.text:UARTConfigSetExpClk)
                  20007fba    00000002     --HOLE-- [fill = 0]
                  20007fbc    00000070     rtsv7M4_T_le_v4SPD16_eabi.lib : memory.c.obj (.text:split)
                  2000802c    0000006e                                   : _printfi.c.obj (.text:_mcpy)
                  2000809a    00000068                                   : copy_decompress_lzss.c.obj (.text:decompress:lzss:__TI_decompress_lzss)
                  20008102    00000002     --HOLE-- [fill = 0]
                  20008104    00000064                                   : s_frexp.c.obj (.text:frexp)
                  20008168    00000058     driverlib.a : prcm.obj (.text:PRCMPeripheralReset)
                  200081c0    00000056     rtsv7M4_T_le_v4SPD16_eabi.lib : _printfi.c.obj (.text:_pconv_f)
                  20008216    00000054                                   : _ltoa.c.obj (.text:__TI_ltoa)
                  2000826a    00000052                                   : _printfi.c.obj (.text:_ecpy)
                  200082bc    0000004c                                   : atoi.c.obj (.text:atoi)
                  20008308    00000048     driverlib.a : gpio.obj (.text:GPIOGetIntNumber)
                  20008350    00000048     rtsv7M4_T_le_v4SPD16_eabi.lib : fd_toi_t2.asm.obj (.text)
                  20008398    00000044                                   : autoinit.c.obj (.text:__TI_auto_init_nobinit_nopinit:__TI_auto_init_nobinit_nopinit)
                  200083dc    00000040     driverlib.a : pin.obj (.text:PinModeSet)
                  2000841c    00000040     rtsv7M4_T_le_v4SPD16_eabi.lib : vsnprintf.c.obj (.text:vsnprintf)
                  2000845c    0000003e                                   : _printfi.c.obj (.text:_fcpy)
                  2000849a    00000002     --HOLE-- [fill = 0]
                  2000849c    0000003c     driverlib.a : prcm.obj (.text:PRCMPeripheralClkEnable)
                  200084d8    00000036                 : gpio.obj (.text:GPIODirModeSet)
                  2000850e    00000002     --HOLE-- [fill = 0]
                  20008510    00000034     rtsv7M4_T_le_v4SPD16_eabi.lib : boot_cortex_m.c.obj (.text:_c_int00_noargs:_c_int00_noargs)
                  20008544    00000030     driverlib.a : pin.obj (.text:PinTypeGPIO)
                  20008574    00000030                 : uart.obj (.text:UARTDisable)
                  200085a4    00000030     rtsv7M4_T_le_v4SPD16_eabi.lib : vsnprintf.c.obj (.text:_outs)
                  200085d4    0000002e                                   : i_tofd_t2.asm.obj (.text)
                  20008602    0000002c     driverlib.a : i2c.obj (.text:I2CMasterErr)
                  2000862e    00000002     --HOLE-- [fill = 0]
                  20008630    0000002c                 : prcm.obj (.text:PRCMSysResetCauseGet)
                  2000865c    00000028                 : prcm.obj (.text:PRCMPeripheralClkDisable)
                  20008684    00000028     rtsv7M4_T_le_v4SPD16_eabi.lib : memory.c.obj (.text:free_list_insert)
                  200086ac    00000028                                   : memmov.c.obj (.text:memmove)
                  200086d4    00000024     driverlib.a : uart.obj (.text:UARTEnable)
                  200086f8    00000022                 : gpio.obj (.text:GPIOIntStatus)
                  2000871a    00000022                 : i2c.obj (.text:I2CMasterSlaveAddrSet)
                  2000873c    00000022                 : spi.obj (.text:SPIReset)
                  2000875e    00000020                 : gpio.obj (.text:GPIOPinWrite)
                  2000877e    00000002     --HOLE-- [fill = 0]
                  20008780    00000020                 : interrupt.obj (.text:IntRegister)
                  200087a0    00000020                 : spi.obj (.text:SPIDataGet)
                  200087c0    0000001e                 : gpio.obj (.text:GPIOIntRegister)
                  200087de    0000001e                 : i2c.obj (.text:I2CMasterIntStatusEx)
                  200087fc    0000001e                 : spi.obj (.text:SPIDataPut)
                  2000881a    0000001e                 : uart.obj (.text:UARTCharPut)
                  20008838    0000001c                 : pin.obj (.text:PinTypeI2C)
                  20008854    0000001c                 : systick.obj (.text:SysTickIntRegister)
                  20008870    0000001c                 : uart.obj (.text:UARTCharGetNonBlocking)
                  2000888c    0000001c     rtsv7M4_T_le_v4SPD16_eabi.lib : copy_zero_init.c.obj (.text:decompress:ZI:__TI_zero_init_nomemset:__TI_zero_init_nomemset)
                  200088a8    0000001c                                   : memory.c.obj (.text:free_list_remove)
                  200088c4    0000001c                                   : memccpy.c.obj (.text:memccpy)
                  200088e0    0000001a     driverlib.a : gpio.obj (.text:GPIOIntEnable)
                  200088fa    0000001a                 : pin.obj (.text:PinTypeSPI)
                  20008914    0000001a                 : pin.obj (.text:PinTypeUART)
                  2000892e    0000001a     rtsv7M4_T_le_v4SPD16_eabi.lib : s_copysign.c.obj (.text:copysign)
                  20008948    00000018     driverlib.a : gpio.obj (.text:GPIOPinRead)
                  20008960    00000018                 : i2c.obj (.text:I2CMasterIntEnableEx)
                  20008978    00000018                 : spi.obj (.text:SPICSDisable)
                  20008990    00000018                 : spi.obj (.text:SPICSEnable)
                  200089a8    00000018                 : spi.obj (.text:SPIEnable)
                  200089c0    00000018                 : systick.obj (.text:SysTickPeriodSet)
                  200089d8    00000018                 : uart.obj (.text:UARTCharsAvail)
                  200089f0    00000018     rtsv7M4_T_le_v4SPD16_eabi.lib : vsnprintf.c.obj (.text:_outc)
                  20008a08    00000016     driverlib.a : i2c.obj (.text:I2CMasterDataPut)
                  20008a1e    00000016                 : i2c.obj (.text:I2CMasterEnable)
                  20008a34    00000016                 : i2c.obj (.text:I2CMasterIntClear)
                  20008a4a    00000016                 : prcm.obj (.text:PRCMHIBRegRead)
                  20008a60    00000016                 : prcm.obj (.text:PRCMHIBRegWrite)
                  20008a76    00000016     rtsv7M4_T_le_v4SPD16_eabi.lib : strchr.c.obj (.text:strchr)
                  20008a8c    00000014     driverlib.a : cpu.obj (.text:CPUcpsie)
                  20008aa0    00000014                 : gpio.obj (.text:GPIOIntClear)
                  20008ab4    00000014                 : interrupt.obj (.text:IntVTableBaseSet)
                  20008ac8    00000014     rtsv7M4_T_le_v4SPD16_eabi.lib : strlen.c.obj (.text:strlen)
                  20008adc    00000012     driverlib.a : i2c.obj (.text:I2CMasterControl)
                  20008aee    00000012                 : i2c.obj (.text:I2CMasterTimeoutSet)
                  20008b00    00000012     rtsv7M4_T_le_v4SPD16_eabi.lib : wcslen.c.obj (.text:wcslen)
                  20008b12    00000002     --HOLE-- [fill = 0]
                  20008b14    00000010     driverlib.a : systick.obj (.text:SysTickEnable)
                  20008b24    00000010                 : systick.obj (.text:SysTickIntEnable)
                  20008b34    0000000e                 : i2c.obj (.text:I2CMasterDataGet)
                  20008b42    0000000e     rtsv7M4_T_le_v4SPD16_eabi.lib : copy_decompress_none.c.obj (.text:decompress:none:__TI_decompress_none)
                  20008b50    0000000e     startup_ccs.obj (.text)
                  20008b5e    0000000a     driverlib.a : interrupt.obj (.text:IntMasterEnable)
                  20008b68    00000008     rtsv7M4_T_le_v4SPD16_eabi.lib : errno.c.obj (.text:__aeabi_errno_addr)
                  20008b70    00000008                                   : memory.c.obj (.text:malloc)
                  20008b78    00000006     driverlib.a : utils.obj (.text:UtilsDelay)
                  20008b7e    00000004     rtsv7M4_T_le_v4SPD16_eabi.lib : pre_init.c.obj (.text:_system_pre_init)
                  20008b82    00000004                                   : exit.c.obj (.text:abort:abort)

.const     0    20008b88    000007bc     
                  20008b88    000004fb     Adafruit_GFX.obj (.const:.string:font)
                  20009083    00000101     rtsv7M4_T_le_v4SPD16_eabi.lib : ctype.c.obj (.const:.string:_ctypes_)
                  20009184    00000100     driverlib.a : pin.obj (.const:g_ulPinToPadMap)
                  20009284    000000a8                 : prcm.obj (.const:PRCM_PeriphRegsList)
                  2000932c    00000018                 : interrupt.obj (.const:g_pulEnRegs)

.cinit     0    20009348    00000048     
                  20009348    00000022     (.cinit..data.load) [load image, compression = lzss]
                  2000936a    00000002     --HOLE-- [fill = 0]
                  2000936c    0000000c     (__TI_handler_table)
                  20009378    00000008     (.cinit..bss.load) [load image, compression = zero_init]
                  20009380    00000010     (__TI_cinit_table)

.sysmem    0    20017000    00000800     UNINITIALIZED
                  20017000    00000010     rtsv7M4_T_le_v4SPD16_eabi.lib : memory.c.obj (.sysmem)
                  20017010    000007f0     --HOLE--

.data      0    20017800    00000034     UNINITIALIZED
                  20017800    00000015     Adafruit_GFX.obj (.data)
                  20017815    00000003     --HOLE--
                  20017818    00000008     rtsv7M4_T_le_v4SPD16_eabi.lib : _lock.c.obj (.data:$O1$$)
                  20017820    00000008                                   : memory.c.obj (.data:$O1$$)
                  20017828    00000008     main.obj (.data)
                  20017830    00000004     rtsv7M4_T_le_v4SPD16_eabi.lib : errno.c.obj (.data)

.bss       0    20017834    00000009     UNINITIALIZED
                  20017834    00000004     main.obj (.bss:data$1)
                  20017838    00000004     uart_if.obj (.bss)
                  2001783c    00000001     (.common:switch_intflag)

.stack     0    2002f800    00000800     UNINITIALIZED
                  2002f800    00000004     rtsv7M4_T_le_v4SPD16_eabi.lib : boot_cortex_m.c.obj (.stack)
                  2002f804    000007fc     --HOLE--

__llvm_prf_cnts 
*          0    20017000    00000000     UNINITIALIZED

MODULE SUMMARY

       Module                       code    ro data   rw data
       ------                       ----    -------   -------
    .\
       Adafruit_GFX.obj             2688    1275      21     
       main.obj                     1236    0         13     
       Adafruit_OLED.obj            1206    0         0      
       startup_ccs.obj              14      1024      0      
       i2c_if.obj                   672     0         0      
       uart_if.obj                  636     0         4      
       pin_mux_config.obj           280     0         0      
    +--+----------------------------+-------+---------+---------+
       Total:                       6732    2299      38     
                                                             
    C:/ti/CC3200SDK_1.5.0/cc3200-sdk/driverlib/ccs/Release/driverlib.a
       prcm.obj                     800     168       0      
       pin.obj                      328     256       0      
       gpio.obj                     422     0         0      
       i2c.obj                      380     0         0      
       spi.obj                      328     0         0      
       uart.obj                     284     0         0      
       interrupt.obj                230     24        0      
       systick.obj                  84      0         0      
       cpu.obj                      20      0         0      
       utils.obj                    6       0         0      
    +--+----------------------------+-------+---------+---------+
       Total:                       2882    448       0      
                                                             
    C:\ti\ccs1280\ccs\tools\compiler\ti-cgt-arm_20.2.7.LTS\lib\rtsv7M4_T_le_v4SPD16_eabi.lib
       _printfi.c.obj               4851    0         0      
       memory.c.obj                 900     0         8      
       fd_add_t2.asm.obj            438     0         0      
       fd_div_t2.asm.obj            310     0         0      
       s_scalbn.c.obj               272     0         0      
       fd_cmp_t2.asm.obj            268     0         0      
       ctype.c.obj                  0       257       0      
       fd_mul_t2.asm.obj            252     0         0      
       memcpy_t2.asm.obj            156     0         0      
       ull_div_t2.asm.obj           150     0         0      
       vsnprintf.c.obj              136     0         0      
       memset_t2.asm.obj            122     0         0      
       copy_decompress_lzss.c.obj   104     0         0      
       s_frexp.c.obj                100     0         0      
       _ltoa.c.obj                  84      0         0      
       atoi.c.obj                   76      0         0      
       fd_toi_t2.asm.obj            72      0         0      
       autoinit.c.obj               68      0         0      
       boot_cortex_m.c.obj          52      0         0      
       i_tofd_t2.asm.obj            46      0         0      
       memmov.c.obj                 40      0         0      
       copy_zero_init.c.obj         28      0         0      
       memccpy.c.obj                28      0         0      
       s_copysign.c.obj             26      0         0      
       strchr.c.obj                 22      0         0      
       strlen.c.obj                 20      0         0      
       wcslen.c.obj                 18      0         0      
       copy_decompress_none.c.obj   14      0         0      
       errno.c.obj                  8       0         4      
       _lock.c.obj                  2       0         8      
       exit.c.obj                   4       0         0      
       pre_init.c.obj               4       0         0      
       div0.asm.obj                 2       0         0      
    +--+----------------------------+-------+---------+---------+
       Total:                       8673    257       20     
                                                             
       Heap:                        0       0         2048   
       Stack:                       0       0         2048   
       Linker Generated:            0       70        0      
    +--+----------------------------+-------+---------+---------+
       Grand Total:                 18287   3074      4154   


LINKER GENERATED COPY TABLES

__TI_cinit_table @ 20009380 records: 2, size/record: 8, table size: 16
	.data: load addr=20009348, load size=00000022 bytes, run addr=20017800, run size=00000034 bytes, compression=lzss
	.bss: load addr=20009378, load size=00000008 bytes, run addr=20017834, run size=00000009 bytes, compression=zero_init


LINKER GENERATED HANDLER TABLE

__TI_handler_table @ 2000936c records: 3, size/record: 4, table size: 12
	index: 0, handler: __TI_decompress_lzss
	index: 1, handler: __TI_decompress_none
	index: 2, handler: __TI_zero_init


GLOBAL SYMBOLS: SORTED ALPHABETICALLY BY Name 

address   name                          
-------   ----                          
20005e2d  Adafruit_Init                 
20008b83  C$$EXIT                       
20008a8d  CPUcpsie                      
2000653d  ClearTerm                     
20005fb7  Color565                      
20006547  Error                         
200084d9  GPIODirModeSet                
20008aa1  GPIOIntClear                  
200088e1  GPIOIntEnable                 
200087c1  GPIOIntRegister               
200086f9  GPIOIntStatus                 
20007e49  GPIOIntTypeSet                
20008949  GPIOPinRead                   
2000875f  GPIOPinWrite                  
2000657f  GetCmd                        
20008add  I2CMasterControl              
20008b35  I2CMasterDataGet              
20008a09  I2CMasterDataPut              
20008a1f  I2CMasterEnable               
20008603  I2CMasterErr                  
20007dc5  I2CMasterInitExpClk           
20008a35  I2CMasterIntClear             
20008961  I2CMasterIntEnableEx          
200087df  I2CMasterIntStatusEx          
2000871b  I2CMasterSlaveAddrSet         
20008aef  I2CMasterTimeoutSet           
200064e7  I2C_IF_Close                  
2000648b  I2C_IF_Open                   
20006389  I2C_IF_Read                   
20006445  I2C_IF_ReadFrom               
200062d9  I2C_IF_Write                  
200064fd  InitTerm                      
20007921  IntEnable                     
20008b5f  IntMasterEnable               
20008781  IntRegister                   
20008ab5  IntVTableBaseSet              
2000651b  Message                       
20004dab  Outstr                        
20006d71  PRCMCC3200MCUInit             
20008a4b  PRCMHIBRegRead                
20008a61  PRCMHIBRegWrite               
2000865d  PRCMPeripheralClkDisable      
2000849d  PRCMPeripheralClkEnable       
20007b9d  PRCMPeripheralClockGet        
20008169  PRCMPeripheralReset           
20008631  PRCMSysResetCauseGet          
20007c31  PinConfigSet                  
200083dd  PinModeSet                    
20007281  PinMuxConfig                  
20008545  PinTypeGPIO                   
20008839  PinTypeI2C                    
200088fb  PinTypeSPI                    
20008915  PinTypeUART                   
200058f7  ReadAccData                   
200066bd  Report                        
20008b51  ResetISR                      
20008979  SPICSDisable                  
20008991  SPICSEnable                   
200079c9  SPIConfigSetExpClk            
200087a1  SPIDataGet                    
200087fd  SPIDataPut                    
200089a9  SPIEnable                     
2000873d  SPIReset                      
20008b15  SysTickEnable                 
20008b25  SysTickIntEnable              
20008855  SysTickIntRegister            
200089c1  SysTickPeriodSet              
20006625  TrimSpace                     
20008871  UARTCharGetNonBlocking        
2000881b  UARTCharPut                   
200089d9  UARTCharsAvail                
20007f45  UARTConfigSetExpClk           
20008575  UARTDisable                   
200086d5  UARTEnable                    
20008b79  UtilsDelay                    
20030000  __STACK_END                   
00000800  __STACK_SIZE                  
00000800  __SYSMEM_SIZE                 
20009380  __TI_CINIT_Base               
20009390  __TI_CINIT_Limit              
2000936c  __TI_Handler_Table_Base       
20009378  __TI_Handler_Table_Limit      
20008399  __TI_auto_init_nobinit_nopinit
2000809b  __TI_decompress_lzss          
20008b43  __TI_decompress_none          
20008217  __TI_ltoa                     
ffffffff  __TI_pprof_out_hndl           
20004e81  __TI_printfi                  
ffffffff  __TI_prof_data_size           
ffffffff  __TI_prof_data_start          
20009348  __TI_static_base__            
2000888d  __TI_zero_init_nomemset       
20007cb9  __aeabi_cdcmpeq               
20007cb9  __aeabi_cdcmple               
20007d3f  __aeabi_cdrcmple              
20008351  __aeabi_d2iz                  
20006bc3  __aeabi_dadd                  
20007025  __aeabi_ddiv                  
200075a9  __aeabi_dmul                  
20006bb9  __aeabi_dsub                  
20008b69  __aeabi_errno_addr            
200085d5  __aeabi_i2d                   
2000625b  __aeabi_idiv0                 
2000625b  __aeabi_ldiv0                 
20007ecb  __aeabi_memclr                
20007ecb  __aeabi_memclr4               
20007ecb  __aeabi_memclr8               
20007a69  __aeabi_memcpy                
20007a69  __aeabi_memcpy4               
20007a69  __aeabi_memcpy8               
20007ecd  __aeabi_memset                
20007ecd  __aeabi_memset4               
20007ecd  __aeabi_memset8               
20007b05  __aeabi_uldivmod              
ffffffff  __binit__                     
ffffffff  __c_args__                    
UNDEFED   __mpu_init                    
2002f800  __stack                       
20017000  __start___llvm_prf_cnts       
20017000  __stop___llvm_prf_cnts        
20008511  _c_int00_noargs               
20009083  _ctypes_                      
20017818  _lock                         
200058cf  _nop                          
20017000  _sys_memory                   
UNDEFED   _system_post_cinit            
20008b7f  _system_pre_init              
2001781c  _unlock                       
20008b83  abort                         
200074a9  aligned_alloc                 
200082bd  atoi                          
ffffffff  binit                         
2000892f  copysign                      
2000892f  copysignl                     
20017800  cursor_x                      
20017804  cursor_y                      
20004c5f  drawChar                      
20004401  drawCircle                    
20004535  drawCircleHelper              
20006165  drawFastHLine                 
200060c9  drawFastVLine                 
2000477b  drawLine                      
20006201  drawPixel                     
20004867  drawRect                      
200048b5  drawRoundRect                 
20004a1d  drawTriangle                  
20017830  errno                         
20004653  fillCircle                    
2000468d  fillCircleHelper              
2000600f  fillRect                      
200049a3  fillRoundRect                 
20005ff9  fillScreen                    
20004a5f  fillTriangle                  
200076a5  free                          
20008105  frexp                         
20008105  frexpl                        
20004000  g_pfnVectors                  
20005f73  goTo                          
20004e5f  height                        
2000623f  invert                        
20007399  ldexp                         
20007399  ldexpl                        
20005a61  main                          
20008b71  malloc                        
200074a9  memalign                      
200088c5  memccpy                       
20007a69  memcpy                        
200086ad  memmove                       
20007ed3  memset                        
2001782c  projectile_size               
20007789  realloc                       
20007399  scalbn                        
20007399  scalbnl                       
20004df7  setCursor                     
20004e2f  setTextColor                  
20004e0f  setTextSize                   
20004e47  setTextWrap                   
20008a77  strchr                        
20008ac9  strlen                        
2001783c  switch_intflag                
20017828  systick_cnt                   
20017810  textbgcolor                   
2001780c  textcolor                     
20017808  textsize                      
2000841d  vsnprintf                     
20008b01  wcslen                        
20004e5b  width                         
20017814  wrap                          
20005da5  writeCommand                  
20005de9  writeData                     


GLOBAL SYMBOLS: SORTED BY Symbol Address 

address   name                          
-------   ----                          
00000800  __STACK_SIZE                  
00000800  __SYSMEM_SIZE                 
20004000  g_pfnVectors                  
20004401  drawCircle                    
20004535  drawCircleHelper              
20004653  fillCircle                    
2000468d  fillCircleHelper              
2000477b  drawLine                      
20004867  drawRect                      
200048b5  drawRoundRect                 
200049a3  fillRoundRect                 
20004a1d  drawTriangle                  
20004a5f  fillTriangle                  
20004c5f  drawChar                      
20004dab  Outstr                        
20004df7  setCursor                     
20004e0f  setTextSize                   
20004e2f  setTextColor                  
20004e47  setTextWrap                   
20004e5b  width                         
20004e5f  height                        
20004e81  __TI_printfi                  
200058cf  _nop                          
200058f7  ReadAccData                   
20005a61  main                          
20005da5  writeCommand                  
20005de9  writeData                     
20005e2d  Adafruit_Init                 
20005f73  goTo                          
20005fb7  Color565                      
20005ff9  fillScreen                    
2000600f  fillRect                      
200060c9  drawFastVLine                 
20006165  drawFastHLine                 
20006201  drawPixel                     
2000623f  invert                        
2000625b  __aeabi_idiv0                 
2000625b  __aeabi_ldiv0                 
200062d9  I2C_IF_Write                  
20006389  I2C_IF_Read                   
20006445  I2C_IF_ReadFrom               
2000648b  I2C_IF_Open                   
200064e7  I2C_IF_Close                  
200064fd  InitTerm                      
2000651b  Message                       
2000653d  ClearTerm                     
20006547  Error                         
2000657f  GetCmd                        
20006625  TrimSpace                     
200066bd  Report                        
20006bb9  __aeabi_dsub                  
20006bc3  __aeabi_dadd                  
20006d71  PRCMCC3200MCUInit             
20007025  __aeabi_ddiv                  
20007281  PinMuxConfig                  
20007399  ldexp                         
20007399  ldexpl                        
20007399  scalbn                        
20007399  scalbnl                       
200074a9  aligned_alloc                 
200074a9  memalign                      
200075a9  __aeabi_dmul                  
200076a5  free                          
20007789  realloc                       
20007921  IntEnable                     
200079c9  SPIConfigSetExpClk            
20007a69  __aeabi_memcpy                
20007a69  __aeabi_memcpy4               
20007a69  __aeabi_memcpy8               
20007a69  memcpy                        
20007b05  __aeabi_uldivmod              
20007b9d  PRCMPeripheralClockGet        
20007c31  PinConfigSet                  
20007cb9  __aeabi_cdcmpeq               
20007cb9  __aeabi_cdcmple               
20007d3f  __aeabi_cdrcmple              
20007dc5  I2CMasterInitExpClk           
20007e49  GPIOIntTypeSet                
20007ecb  __aeabi_memclr                
20007ecb  __aeabi_memclr4               
20007ecb  __aeabi_memclr8               
20007ecd  __aeabi_memset                
20007ecd  __aeabi_memset4               
20007ecd  __aeabi_memset8               
20007ed3  memset                        
20007f45  UARTConfigSetExpClk           
2000809b  __TI_decompress_lzss          
20008105  frexp                         
20008105  frexpl                        
20008169  PRCMPeripheralReset           
20008217  __TI_ltoa                     
200082bd  atoi                          
20008351  __aeabi_d2iz                  
20008399  __TI_auto_init_nobinit_nopinit
200083dd  PinModeSet                    
2000841d  vsnprintf                     
2000849d  PRCMPeripheralClkEnable       
200084d9  GPIODirModeSet                
20008511  _c_int00_noargs               
20008545  PinTypeGPIO                   
20008575  UARTDisable                   
200085d5  __aeabi_i2d                   
20008603  I2CMasterErr                  
20008631  PRCMSysResetCauseGet          
2000865d  PRCMPeripheralClkDisable      
200086ad  memmove                       
200086d5  UARTEnable                    
200086f9  GPIOIntStatus                 
2000871b  I2CMasterSlaveAddrSet         
2000873d  SPIReset                      
2000875f  GPIOPinWrite                  
20008781  IntRegister                   
200087a1  SPIDataGet                    
200087c1  GPIOIntRegister               
200087df  I2CMasterIntStatusEx          
200087fd  SPIDataPut                    
2000881b  UARTCharPut                   
20008839  PinTypeI2C                    
20008855  SysTickIntRegister            
20008871  UARTCharGetNonBlocking        
2000888d  __TI_zero_init_nomemset       
200088c5  memccpy                       
200088e1  GPIOIntEnable                 
200088fb  PinTypeSPI                    
20008915  PinTypeUART                   
2000892f  copysign                      
2000892f  copysignl                     
20008949  GPIOPinRead                   
20008961  I2CMasterIntEnableEx          
20008979  SPICSDisable                  
20008991  SPICSEnable                   
200089a9  SPIEnable                     
200089c1  SysTickPeriodSet              
200089d9  UARTCharsAvail                
20008a09  I2CMasterDataPut              
20008a1f  I2CMasterEnable               
20008a35  I2CMasterIntClear             
20008a4b  PRCMHIBRegRead                
20008a61  PRCMHIBRegWrite               
20008a77  strchr                        
20008a8d  CPUcpsie                      
20008aa1  GPIOIntClear                  
20008ab5  IntVTableBaseSet              
20008ac9  strlen                        
20008add  I2CMasterControl              
20008aef  I2CMasterTimeoutSet           
20008b01  wcslen                        
20008b15  SysTickEnable                 
20008b25  SysTickIntEnable              
20008b35  I2CMasterDataGet              
20008b43  __TI_decompress_none          
20008b51  ResetISR                      
20008b5f  IntMasterEnable               
20008b69  __aeabi_errno_addr            
20008b71  malloc                        
20008b79  UtilsDelay                    
20008b7f  _system_pre_init              
20008b83  C$$EXIT                       
20008b83  abort                         
20009083  _ctypes_                      
20009348  __TI_static_base__            
2000936c  __TI_Handler_Table_Base       
20009378  __TI_Handler_Table_Limit      
20009380  __TI_CINIT_Base               
20009390  __TI_CINIT_Limit              
20017000  __start___llvm_prf_cnts       
20017000  __stop___llvm_prf_cnts        
20017000  _sys_memory                   
20017800  cursor_x                      
20017804  cursor_y                      
20017808  textsize                      
2001780c  textcolor                     
20017810  textbgcolor                   
20017814  wrap                          
20017818  _lock                         
2001781c  _unlock                       
20017828  systick_cnt                   
2001782c  projectile_size               
20017830  errno                         
2001783c  switch_intflag                
2002f800  __stack                       
20030000  __STACK_END                   
ffffffff  __TI_pprof_out_hndl           
ffffffff  __TI_prof_data_size           
ffffffff  __TI_prof_data_start          
ffffffff  __binit__                     
ffffffff  __c_args__                    
ffffffff  binit                         
UNDEFED   __mpu_init                    
UNDEFED   _system_post_cinit            

[190 symbols]
