******************************************************************************
                  TI ARM Linker PC v20.2.7                     
******************************************************************************
>> Linked Tue Mar  4 12:56:44 2025

OUTPUT FILE NAME:   <lab-final.out>
ENTRY POINT SYMBOL: "_c_int00_noargs"  address: 200083bd


MEMORY CONFIGURATION

         name            origin    length      used     unused   attr    fill
----------------------  --------  ---------  --------  --------  ----  --------
  SRAM_CODE             20004000   00013000  000051ea  0000de16  RW X
  SRAM_DATA             20017000   00019000  00001035  00017fcb  RW X


SEGMENT ALLOCATION MAP

run origin  load origin   length   init length attrs members
----------  ----------- ---------- ----------- ----- -------
20004000    20004000    000051f0   000051f0    r-x
  20004000    20004000    00000400   00000400    r-- .intvecs
  20004400    20004400    000045de   000045de    r-x .text
  200089e0    200089e0    000007c4   000007c4    r-- .const
  200091a8    200091a8    00000048   00000048    r-- .cinit
20017000    20017000    00000835   00000000    rw-
  20017000    20017000    00000800   00000000    rw- .sysmem
  20017800    20017800    0000002c   00000000    rw- .data
  2001782c    2001782c    00000009   00000000    rw- .bss
2002f800    2002f800    00000800   00000000    rw-
  2002f800    2002f800    00000800   00000000    rw- .stack


SECTION ALLOCATION MAP

 output                                  attributes/
section   page    origin      length       input sections
--------  ----  ----------  ----------   ----------------
.intvecs   0    20004000    00000400     
                  20004000    00000400     startup_ccs.obj (.intvecs)

.init_array 
*          0    20004000    00000000     UNINITIALIZED

.text      0    20004400    000045de     
                  20004400    00000a80     Adafruit_GFX.obj (.text)
                  20004e80    00000a4e     rtsv7M4_T_le_v4SPD16_eabi.lib : _printfi.c.obj (.text:__TI_printfi)
                  200058ce    00000002                                   : _lock.c.obj (.text:_nop)
                  200058d0    000004b6     Adafruit_OLED.obj (.text)
                  20005d86    00000002     rtsv7M4_T_le_v4SPD16_eabi.lib : div0.asm.obj (.text)
                  20005d88    00000380     main.obj (.text)
                  20006108    000002a0     i2c_if.obj (.text)
                  200063a8    0000027c     uart_if.obj (.text)
                  20006624    00000270     rtsv7M4_T_le_v4SPD16_eabi.lib : _printfi.c.obj (.text:_pconv_a)
                  20006894    000001d0                                   : _printfi.c.obj (.text:_pconv_g)
                  20006a64    000001b6                                   : fd_add_t2.asm.obj (.text)
                  20006c1a    00000002     --HOLE-- [fill = 0]
                  20006c1c    00000178     driverlib.a : prcm.obj (.text:PRCMCC3200MCUInit)
                  20006d94    0000013c     rtsv7M4_T_le_v4SPD16_eabi.lib : _printfi.c.obj (.text:_pconv_e)
                  20006ed0    00000136                                   : fd_div_t2.asm.obj (.text)
                  20007006    00000002     --HOLE-- [fill = 0]
                  20007008    00000124                                   : _printfi.c.obj (.text:fcvt)
                  2000712c    00000118     pin_mux_config.obj (.text)
                  20007244    00000110     rtsv7M4_T_le_v4SPD16_eabi.lib : s_scalbn.c.obj (.text:scalbn)
                  20007354    00000100                                   : memory.c.obj (.text:aligned_alloc)
                  20007454    000000fc                                   : fd_mul_t2.asm.obj (.text)
                  20007550    000000e4                                   : memory.c.obj (.text:free)
                  20007634    000000e4                                   : memory.c.obj (.text:realloc)
                  20007718    000000b1                                   : _printfi.c.obj (.text:_ltostr)
                  200077c9    00000003     --HOLE-- [fill = 0]
                  200077cc    000000a8     driverlib.a : interrupt.obj (.text:IntEnable)
                  20007874    000000a0                 : spi.obj (.text:SPIConfigSetExpClk)
                  20007914    0000009c     rtsv7M4_T_le_v4SPD16_eabi.lib : memcpy_t2.asm.obj (.text)
                  200079b0    00000096                                   : ull_div_t2.asm.obj (.text)
                  20007a46    00000002     --HOLE-- [fill = 0]
                  20007a48    00000094     driverlib.a : prcm.obj (.text:PRCMPeripheralClockGet)
                  20007adc    00000088                 : pin.obj (.text:PinConfigSet)
                  20007b64    00000086     rtsv7M4_T_le_v4SPD16_eabi.lib : fd_cmp_t2.asm.obj (.text:__aeabi_cdcmple)
                  20007bea    00000086                                   : fd_cmp_t2.asm.obj (.text:__aeabi_cdrcmple)
                  20007c70    00000084     driverlib.a : i2c.obj (.text:I2CMasterInitExpClk)
                  20007cf4    00000082                 : gpio.obj (.text:GPIOIntTypeSet)
                  20007d76    0000007a     rtsv7M4_T_le_v4SPD16_eabi.lib : memset_t2.asm.obj (.text)
                  20007df0    00000076     driverlib.a : uart.obj (.text:UARTConfigSetExpClk)
                  20007e66    00000002     --HOLE-- [fill = 0]
                  20007e68    00000070     rtsv7M4_T_le_v4SPD16_eabi.lib : memory.c.obj (.text:split)
                  20007ed8    0000006e                                   : _printfi.c.obj (.text:_mcpy)
                  20007f46    00000068                                   : copy_decompress_lzss.c.obj (.text:decompress:lzss:__TI_decompress_lzss)
                  20007fae    00000002     --HOLE-- [fill = 0]
                  20007fb0    00000064                                   : s_frexp.c.obj (.text:frexp)
                  20008014    00000058     driverlib.a : prcm.obj (.text:PRCMPeripheralReset)
                  2000806c    00000056     rtsv7M4_T_le_v4SPD16_eabi.lib : _printfi.c.obj (.text:_pconv_f)
                  200080c2    00000054                                   : _ltoa.c.obj (.text:__TI_ltoa)
                  20008116    00000052                                   : _printfi.c.obj (.text:_ecpy)
                  20008168    0000004c                                   : atoi.c.obj (.text:atoi)
                  200081b4    00000048     driverlib.a : gpio.obj (.text:GPIOGetIntNumber)
                  200081fc    00000048     rtsv7M4_T_le_v4SPD16_eabi.lib : fd_toi_t2.asm.obj (.text)
                  20008244    00000044                                   : autoinit.c.obj (.text:__TI_auto_init_nobinit_nopinit:__TI_auto_init_nobinit_nopinit)
                  20008288    00000040     driverlib.a : pin.obj (.text:PinModeSet)
                  200082c8    00000040     rtsv7M4_T_le_v4SPD16_eabi.lib : vsnprintf.c.obj (.text:vsnprintf)
                  20008308    0000003e                                   : _printfi.c.obj (.text:_fcpy)
                  20008346    00000002     --HOLE-- [fill = 0]
                  20008348    0000003c     driverlib.a : prcm.obj (.text:PRCMPeripheralClkEnable)
                  20008384    00000036                 : gpio.obj (.text:GPIODirModeSet)
                  200083ba    00000002     --HOLE-- [fill = 0]
                  200083bc    00000034     rtsv7M4_T_le_v4SPD16_eabi.lib : boot_cortex_m.c.obj (.text:_c_int00_noargs:_c_int00_noargs)
                  200083f0    00000030     driverlib.a : pin.obj (.text:PinTypeGPIO)
                  20008420    00000030                 : uart.obj (.text:UARTDisable)
                  20008450    00000030     rtsv7M4_T_le_v4SPD16_eabi.lib : vsnprintf.c.obj (.text:_outs)
                  20008480    0000002e                                   : i_tofd_t2.asm.obj (.text)
                  200084ae    0000002c     driverlib.a : i2c.obj (.text:I2CMasterErr)
                  200084da    00000002     --HOLE-- [fill = 0]
                  200084dc    0000002c                 : prcm.obj (.text:PRCMSysResetCauseGet)
                  20008508    00000028                 : prcm.obj (.text:PRCMPeripheralClkDisable)
                  20008530    00000028     rtsv7M4_T_le_v4SPD16_eabi.lib : memory.c.obj (.text:free_list_insert)
                  20008558    00000028                                   : memmov.c.obj (.text:memmove)
                  20008580    00000024     driverlib.a : uart.obj (.text:UARTEnable)
                  200085a4    00000022                 : gpio.obj (.text:GPIOIntStatus)
                  200085c6    00000022                 : i2c.obj (.text:I2CMasterSlaveAddrSet)
                  200085e8    00000022                 : spi.obj (.text:SPIReset)
                  2000860a    00000020                 : gpio.obj (.text:GPIOPinWrite)
                  2000862a    00000002     --HOLE-- [fill = 0]
                  2000862c    00000020                 : interrupt.obj (.text:IntRegister)
                  2000864c    00000020                 : spi.obj (.text:SPIDataGet)
                  2000866c    0000001e                 : gpio.obj (.text:GPIOIntRegister)
                  2000868a    0000001e                 : i2c.obj (.text:I2CMasterIntStatusEx)
                  200086a8    0000001e                 : spi.obj (.text:SPIDataPut)
                  200086c6    0000001e                 : uart.obj (.text:UARTCharPut)
                  200086e4    0000001c                 : pin.obj (.text:PinTypeI2C)
                  20008700    0000001c                 : uart.obj (.text:UARTCharGetNonBlocking)
                  2000871c    0000001c     rtsv7M4_T_le_v4SPD16_eabi.lib : copy_zero_init.c.obj (.text:decompress:ZI:__TI_zero_init_nomemset:__TI_zero_init_nomemset)
                  20008738    0000001c                                   : memory.c.obj (.text:free_list_remove)
                  20008754    0000001c                                   : memccpy.c.obj (.text:memccpy)
                  20008770    0000001a     driverlib.a : gpio.obj (.text:GPIOIntEnable)
                  2000878a    0000001a                 : pin.obj (.text:PinTypeSPI)
                  200087a4    0000001a                 : pin.obj (.text:PinTypeUART)
                  200087be    0000001a     rtsv7M4_T_le_v4SPD16_eabi.lib : s_copysign.c.obj (.text:copysign)
                  200087d8    00000018     driverlib.a : gpio.obj (.text:GPIOPinRead)
                  200087f0    00000018                 : i2c.obj (.text:I2CMasterIntEnableEx)
                  20008808    00000018                 : spi.obj (.text:SPICSDisable)
                  20008820    00000018                 : spi.obj (.text:SPICSEnable)
                  20008838    00000018                 : spi.obj (.text:SPIEnable)
                  20008850    00000018                 : uart.obj (.text:UARTCharsAvail)
                  20008868    00000018     rtsv7M4_T_le_v4SPD16_eabi.lib : vsnprintf.c.obj (.text:_outc)
                  20008880    00000016     driverlib.a : i2c.obj (.text:I2CMasterDataPut)
                  20008896    00000016                 : i2c.obj (.text:I2CMasterEnable)
                  200088ac    00000016                 : i2c.obj (.text:I2CMasterIntClear)
                  200088c2    00000016                 : prcm.obj (.text:PRCMHIBRegRead)
                  200088d8    00000016                 : prcm.obj (.text:PRCMHIBRegWrite)
                  200088ee    00000016     rtsv7M4_T_le_v4SPD16_eabi.lib : strchr.c.obj (.text:strchr)
                  20008904    00000014     driverlib.a : cpu.obj (.text:CPUcpsie)
                  20008918    00000014                 : gpio.obj (.text:GPIOIntClear)
                  2000892c    00000014                 : interrupt.obj (.text:IntVTableBaseSet)
                  20008940    00000014     rtsv7M4_T_le_v4SPD16_eabi.lib : strlen.c.obj (.text:strlen)
                  20008954    00000012     driverlib.a : i2c.obj (.text:I2CMasterControl)
                  20008966    00000012                 : i2c.obj (.text:I2CMasterTimeoutSet)
                  20008978    00000012     rtsv7M4_T_le_v4SPD16_eabi.lib : wcslen.c.obj (.text:wcslen)
                  2000898a    0000000e     driverlib.a : i2c.obj (.text:I2CMasterDataGet)
                  20008998    0000000e     rtsv7M4_T_le_v4SPD16_eabi.lib : copy_decompress_none.c.obj (.text:decompress:none:__TI_decompress_none)
                  200089a6    0000000e     startup_ccs.obj (.text)
                  200089b4    0000000a     driverlib.a : interrupt.obj (.text:IntMasterEnable)
                  200089be    00000002     --HOLE-- [fill = 0]
                  200089c0    00000008     rtsv7M4_T_le_v4SPD16_eabi.lib : errno.c.obj (.text:__aeabi_errno_addr)
                  200089c8    00000008                                   : memory.c.obj (.text:malloc)
                  200089d0    00000006     driverlib.a : utils.obj (.text:UtilsDelay)
                  200089d6    00000004     rtsv7M4_T_le_v4SPD16_eabi.lib : pre_init.c.obj (.text:_system_pre_init)
                  200089da    00000004                                   : exit.c.obj (.text:abort:abort)

.const     0    200089e0    000007c4     
                  200089e0    000004fb     Adafruit_GFX.obj (.const:.string:font)
                  20008edb    00000101     rtsv7M4_T_le_v4SPD16_eabi.lib : ctype.c.obj (.const:.string:_ctypes_)
                  20008fdc    00000100     driverlib.a : pin.obj (.const:g_ulPinToPadMap)
                  200090dc    000000a8                 : prcm.obj (.const:PRCM_PeriphRegsList)
                  20009184    00000018                 : interrupt.obj (.const:g_pulEnRegs)
                  2000919c    00000008     main.obj (.const:$P$T0$2)

.cinit     0    200091a8    00000048     
                  200091a8    00000020     (.cinit..data.load) [load image, compression = lzss]
                  200091c8    0000000c     (__TI_handler_table)
                  200091d4    00000004     --HOLE-- [fill = 0]
                  200091d8    00000008     (.cinit..bss.load) [load image, compression = zero_init]
                  200091e0    00000010     (__TI_cinit_table)

.sysmem    0    20017000    00000800     UNINITIALIZED
                  20017000    00000010     rtsv7M4_T_le_v4SPD16_eabi.lib : memory.c.obj (.sysmem)
                  20017010    000007f0     --HOLE--

.data      0    20017800    0000002c     UNINITIALIZED
                  20017800    00000015     Adafruit_GFX.obj (.data)
                  20017815    00000003     --HOLE--
                  20017818    00000008     rtsv7M4_T_le_v4SPD16_eabi.lib : _lock.c.obj (.data:$O1$$)
                  20017820    00000008                                   : memory.c.obj (.data:$O1$$)
                  20017828    00000004                                   : errno.c.obj (.data)

.bss       0    2001782c    00000009     UNINITIALIZED
                  2001782c    00000004     main.obj (.bss:data$1)
                  20017830    00000004     uart_if.obj (.bss)
                  20017834    00000001     (.common:switch_intflag)

.stack     0    2002f800    00000800     UNINITIALIZED
                  2002f800    00000004     rtsv7M4_T_le_v4SPD16_eabi.lib : boot_cortex_m.c.obj (.stack)
                  2002f804    000007fc     --HOLE--

__llvm_prf_cnts 
*          0    20017000    00000000     UNINITIALIZED

MODULE SUMMARY

       Module                       code    ro data   rw data
       ------                       ----    -------   -------
    .\
       Adafruit_GFX.obj             2688    1275      21     
       Adafruit_OLED.obj            1206    0         0      
       startup_ccs.obj              14      1024      0      
       main.obj                     896     8         5      
       i2c_if.obj                   672     0         0      
       uart_if.obj                  636     0         4      
       pin_mux_config.obj           280     0         0      
    +--+----------------------------+-------+---------+---------+
       Total:                       6392    2307      30     
                                                             
    C:/ti/CC3200SDK_1.5.0/cc3200-sdk/driverlib/ccs/Release/driverlib.a
       prcm.obj                     800     168       0      
       pin.obj                      328     256       0      
       gpio.obj                     422     0         0      
       i2c.obj                      380     0         0      
       spi.obj                      328     0         0      
       uart.obj                     284     0         0      
       interrupt.obj                230     24        0      
       cpu.obj                      20      0         0      
       utils.obj                    6       0         0      
    +--+----------------------------+-------+---------+---------+
       Total:                       2798    448       0      
                                                             
    C:\ti\ccs1280\ccs\tools\compiler\ti-cgt-arm_20.2.7.LTS\lib\rtsv7M4_T_le_v4SPD16_eabi.lib
       _printfi.c.obj               4851    0         0      
       memory.c.obj                 900     0         8      
       fd_add_t2.asm.obj            438     0         0      
       fd_div_t2.asm.obj            310     0         0      
       s_scalbn.c.obj               272     0         0      
       fd_cmp_t2.asm.obj            268     0         0      
       ctype.c.obj                  0       257       0      
       fd_mul_t2.asm.obj            252     0         0      
       memcpy_t2.asm.obj            156     0         0      
       ull_div_t2.asm.obj           150     0         0      
       vsnprintf.c.obj              136     0         0      
       memset_t2.asm.obj            122     0         0      
       copy_decompress_lzss.c.obj   104     0         0      
       s_frexp.c.obj                100     0         0      
       _ltoa.c.obj                  84      0         0      
       atoi.c.obj                   76      0         0      
       fd_toi_t2.asm.obj            72      0         0      
       autoinit.c.obj               68      0         0      
       boot_cortex_m.c.obj          52      0         0      
       i_tofd_t2.asm.obj            46      0         0      
       memmov.c.obj                 40      0         0      
       copy_zero_init.c.obj         28      0         0      
       memccpy.c.obj                28      0         0      
       s_copysign.c.obj             26      0         0      
       strchr.c.obj                 22      0         0      
       strlen.c.obj                 20      0         0      
       wcslen.c.obj                 18      0         0      
       copy_decompress_none.c.obj   14      0         0      
       errno.c.obj                  8       0         4      
       _lock.c.obj                  2       0         8      
       exit.c.obj                   4       0         0      
       pre_init.c.obj               4       0         0      
       div0.asm.obj                 2       0         0      
    +--+----------------------------+-------+---------+---------+
       Total:                       8673    257       20     
                                                             
       Heap:                        0       0         2048   
       Stack:                       0       0         2048   
       Linker Generated:            0       68        0      
    +--+----------------------------+-------+---------+---------+
       Grand Total:                 17863   3080      4146   


LINKER GENERATED COPY TABLES

__TI_cinit_table @ 200091e0 records: 2, size/record: 8, table size: 16
	.data: load addr=200091a8, load size=00000020 bytes, run addr=20017800, run size=0000002c bytes, compression=lzss
	.bss: load addr=200091d8, load size=00000008 bytes, run addr=2001782c, run size=00000009 bytes, compression=zero_init


LINKER GENERATED HANDLER TABLE

__TI_handler_table @ 200091c8 records: 3, size/record: 4, table size: 12
	index: 0, handler: __TI_decompress_lzss
	index: 1, handler: __TI_decompress_none
	index: 2, handler: __TI_zero_init


GLOBAL SYMBOLS: SORTED ALPHABETICALLY BY Name 

address   name                          
-------   ----                          
20005959  Adafruit_Init                 
200089db  C$$EXIT                       
20008905  CPUcpsie                      
200063e9  ClearTerm                     
20005ae3  Color565                      
200063f3  Error                         
20008385  GPIODirModeSet                
20008919  GPIOIntClear                  
20008771  GPIOIntEnable                 
2000866d  GPIOIntRegister               
200085a5  GPIOIntStatus                 
20007cf5  GPIOIntTypeSet                
200087d9  GPIOPinRead                   
2000860b  GPIOPinWrite                  
2000642b  GetCmd                        
20008955  I2CMasterControl              
2000898b  I2CMasterDataGet              
20008881  I2CMasterDataPut              
20008897  I2CMasterEnable               
200084af  I2CMasterErr                  
20007c71  I2CMasterInitExpClk           
200088ad  I2CMasterIntClear             
200087f1  I2CMasterIntEnableEx          
2000868b  I2CMasterIntStatusEx          
200085c7  I2CMasterSlaveAddrSet         
20008967  I2CMasterTimeoutSet           
20006393  I2C_IF_Close                  
20006337  I2C_IF_Open                   
20006235  I2C_IF_Read                   
200062f1  I2C_IF_ReadFrom               
20006185  I2C_IF_Write                  
200063a9  InitTerm                      
200077cd  IntEnable                     
200089b5  IntMasterEnable               
2000862d  IntRegister                   
2000892d  IntVTableBaseSet              
200063c7  Message                       
20004dab  Outstr                        
20006c1d  PRCMCC3200MCUInit             
200088c3  PRCMHIBRegRead                
200088d9  PRCMHIBRegWrite               
20008509  PRCMPeripheralClkDisable      
20008349  PRCMPeripheralClkEnable       
20007a49  PRCMPeripheralClockGet        
20008015  PRCMPeripheralReset           
200084dd  PRCMSysResetCauseGet          
20007add  PinConfigSet                  
20008289  PinModeSet                    
2000712d  PinMuxConfig                  
200083f1  PinTypeGPIO                   
200086e5  PinTypeI2C                    
2000878b  PinTypeSPI                    
200087a5  PinTypeUART                   
20005daf  ReadAccData                   
20006569  Report                        
200089a7  ResetISR                      
20008809  SPICSDisable                  
20008821  SPICSEnable                   
20007875  SPIConfigSetExpClk            
2000864d  SPIDataGet                    
200086a9  SPIDataPut                    
20008839  SPIEnable                     
200085e9  SPIReset                      
200064d1  TrimSpace                     
20008701  UARTCharGetNonBlocking        
200086c7  UARTCharPut                   
20008851  UARTCharsAvail                
20007df1  UARTConfigSetExpClk           
20008421  UARTDisable                   
20008581  UARTEnable                    
200089d1  UtilsDelay                    
20030000  __STACK_END                   
00000800  __STACK_SIZE                  
00000800  __SYSMEM_SIZE                 
200091e0  __TI_CINIT_Base               
200091f0  __TI_CINIT_Limit              
200091c8  __TI_Handler_Table_Base       
200091d4  __TI_Handler_Table_Limit      
20008245  __TI_auto_init_nobinit_nopinit
20007f47  __TI_decompress_lzss          
20008999  __TI_decompress_none          
200080c3  __TI_ltoa                     
ffffffff  __TI_pprof_out_hndl           
20004e81  __TI_printfi                  
ffffffff  __TI_prof_data_size           
ffffffff  __TI_prof_data_start          
200091a8  __TI_static_base__            
2000871d  __TI_zero_init_nomemset       
20007b65  __aeabi_cdcmpeq               
20007b65  __aeabi_cdcmple               
20007beb  __aeabi_cdrcmple              
200081fd  __aeabi_d2iz                  
20006a6f  __aeabi_dadd                  
20006ed1  __aeabi_ddiv                  
20007455  __aeabi_dmul                  
20006a65  __aeabi_dsub                  
200089c1  __aeabi_errno_addr            
20008481  __aeabi_i2d                   
20005d87  __aeabi_idiv0                 
20005d87  __aeabi_ldiv0                 
20007d77  __aeabi_memclr                
20007d77  __aeabi_memclr4               
20007d77  __aeabi_memclr8               
20007915  __aeabi_memcpy                
20007915  __aeabi_memcpy4               
20007915  __aeabi_memcpy8               
20007d79  __aeabi_memset                
20007d79  __aeabi_memset4               
20007d79  __aeabi_memset8               
200079b1  __aeabi_uldivmod              
ffffffff  __binit__                     
ffffffff  __c_args__                    
UNDEFED   __mpu_init                    
2002f800  __stack                       
20017000  __start___llvm_prf_cnts       
20017000  __stop___llvm_prf_cnts        
200083bd  _c_int00_noargs               
20008edb  _ctypes_                      
20017818  _lock                         
200058cf  _nop                          
20017000  _sys_memory                   
UNDEFED   _system_post_cinit            
200089d7  _system_pre_init              
2001781c  _unlock                       
200089db  abort                         
20007355  aligned_alloc                 
20008169  atoi                          
ffffffff  binit                         
200087bf  copysign                      
200087bf  copysignl                     
20017800  cursor_x                      
20017804  cursor_y                      
20004c5f  drawChar                      
20004401  drawCircle                    
20004535  drawCircleHelper              
20005c91  drawFastHLine                 
20005bf5  drawFastVLine                 
2000477b  drawLine                      
20005d2d  drawPixel                     
20004867  drawRect                      
200048b5  drawRoundRect                 
20004a1d  drawTriangle                  
20017828  errno                         
20004653  fillCircle                    
2000468d  fillCircleHelper              
20005b3b  fillRect                      
200049a3  fillRoundRect                 
20005b25  fillScreen                    
20004a5f  fillTriangle                  
20007551  free                          
20007fb1  frexp                         
20007fb1  frexpl                        
20004000  g_pfnVectors                  
20005a9f  goTo                          
20004e5f  height                        
20005d6b  invert                        
20007245  ldexp                         
20007245  ldexpl                        
20005e3f  main                          
200089c9  malloc                        
20007355  memalign                      
20008755  memccpy                       
20007915  memcpy                        
20008559  memmove                       
20007d7f  memset                        
20007635  realloc                       
20007245  scalbn                        
20007245  scalbnl                       
20004df7  setCursor                     
20004e2f  setTextColor                  
20004e0f  setTextSize                   
20004e47  setTextWrap                   
200088ef  strchr                        
20008941  strlen                        
20017834  switch_intflag                
20017810  textbgcolor                   
2001780c  textcolor                     
20017808  textsize                      
200082c9  vsnprintf                     
20008979  wcslen                        
20004e5b  width                         
20017814  wrap                          
200058d1  writeCommand                  
20005915  writeData                     


GLOBAL SYMBOLS: SORTED BY Symbol Address 

address   name                          
-------   ----                          
00000800  __STACK_SIZE                  
00000800  __SYSMEM_SIZE                 
20004000  g_pfnVectors                  
20004401  drawCircle                    
20004535  drawCircleHelper              
20004653  fillCircle                    
2000468d  fillCircleHelper              
2000477b  drawLine                      
20004867  drawRect                      
200048b5  drawRoundRect                 
200049a3  fillRoundRect                 
20004a1d  drawTriangle                  
20004a5f  fillTriangle                  
20004c5f  drawChar                      
20004dab  Outstr                        
20004df7  setCursor                     
20004e0f  setTextSize                   
20004e2f  setTextColor                  
20004e47  setTextWrap                   
20004e5b  width                         
20004e5f  height                        
20004e81  __TI_printfi                  
200058cf  _nop                          
200058d1  writeCommand                  
20005915  writeData                     
20005959  Adafruit_Init                 
20005a9f  goTo                          
20005ae3  Color565                      
20005b25  fillScreen                    
20005b3b  fillRect                      
20005bf5  drawFastVLine                 
20005c91  drawFastHLine                 
20005d2d  drawPixel                     
20005d6b  invert                        
20005d87  __aeabi_idiv0                 
20005d87  __aeabi_ldiv0                 
20005daf  ReadAccData                   
20005e3f  main                          
20006185  I2C_IF_Write                  
20006235  I2C_IF_Read                   
200062f1  I2C_IF_ReadFrom               
20006337  I2C_IF_Open                   
20006393  I2C_IF_Close                  
200063a9  InitTerm                      
200063c7  Message                       
200063e9  ClearTerm                     
200063f3  Error                         
2000642b  GetCmd                        
200064d1  TrimSpace                     
20006569  Report                        
20006a65  __aeabi_dsub                  
20006a6f  __aeabi_dadd                  
20006c1d  PRCMCC3200MCUInit             
20006ed1  __aeabi_ddiv                  
2000712d  PinMuxConfig                  
20007245  ldexp                         
20007245  ldexpl                        
20007245  scalbn                        
20007245  scalbnl                       
20007355  aligned_alloc                 
20007355  memalign                      
20007455  __aeabi_dmul                  
20007551  free                          
20007635  realloc                       
200077cd  IntEnable                     
20007875  SPIConfigSetExpClk            
20007915  __aeabi_memcpy                
20007915  __aeabi_memcpy4               
20007915  __aeabi_memcpy8               
20007915  memcpy                        
200079b1  __aeabi_uldivmod              
20007a49  PRCMPeripheralClockGet        
20007add  PinConfigSet                  
20007b65  __aeabi_cdcmpeq               
20007b65  __aeabi_cdcmple               
20007beb  __aeabi_cdrcmple              
20007c71  I2CMasterInitExpClk           
20007cf5  GPIOIntTypeSet                
20007d77  __aeabi_memclr                
20007d77  __aeabi_memclr4               
20007d77  __aeabi_memclr8               
20007d79  __aeabi_memset                
20007d79  __aeabi_memset4               
20007d79  __aeabi_memset8               
20007d7f  memset                        
20007df1  UARTConfigSetExpClk           
20007f47  __TI_decompress_lzss          
20007fb1  frexp                         
20007fb1  frexpl                        
20008015  PRCMPeripheralReset           
200080c3  __TI_ltoa                     
20008169  atoi                          
200081fd  __aeabi_d2iz                  
20008245  __TI_auto_init_nobinit_nopinit
20008289  PinModeSet                    
200082c9  vsnprintf                     
20008349  PRCMPeripheralClkEnable       
20008385  GPIODirModeSet                
200083bd  _c_int00_noargs               
200083f1  PinTypeGPIO                   
20008421  UARTDisable                   
20008481  __aeabi_i2d                   
200084af  I2CMasterErr                  
200084dd  PRCMSysResetCauseGet          
20008509  PRCMPeripheralClkDisable      
20008559  memmove                       
20008581  UARTEnable                    
200085a5  GPIOIntStatus                 
200085c7  I2CMasterSlaveAddrSet         
200085e9  SPIReset                      
2000860b  GPIOPinWrite                  
2000862d  IntRegister                   
2000864d  SPIDataGet                    
2000866d  GPIOIntRegister               
2000868b  I2CMasterIntStatusEx          
200086a9  SPIDataPut                    
200086c7  UARTCharPut                   
200086e5  PinTypeI2C                    
20008701  UARTCharGetNonBlocking        
2000871d  __TI_zero_init_nomemset       
20008755  memccpy                       
20008771  GPIOIntEnable                 
2000878b  PinTypeSPI                    
200087a5  PinTypeUART                   
200087bf  copysign                      
200087bf  copysignl                     
200087d9  GPIOPinRead                   
200087f1  I2CMasterIntEnableEx          
20008809  SPICSDisable                  
20008821  SPICSEnable                   
20008839  SPIEnable                     
20008851  UARTCharsAvail                
20008881  I2CMasterDataPut              
20008897  I2CMasterEnable               
200088ad  I2CMasterIntClear             
200088c3  PRCMHIBRegRead                
200088d9  PRCMHIBRegWrite               
200088ef  strchr                        
20008905  CPUcpsie                      
20008919  GPIOIntClear                  
2000892d  IntVTableBaseSet              
20008941  strlen                        
20008955  I2CMasterControl              
20008967  I2CMasterTimeoutSet           
20008979  wcslen                        
2000898b  I2CMasterDataGet              
20008999  __TI_decompress_none          
200089a7  ResetISR                      
200089b5  IntMasterEnable               
200089c1  __aeabi_errno_addr            
200089c9  malloc                        
200089d1  UtilsDelay                    
200089d7  _system_pre_init              
200089db  C$$EXIT                       
200089db  abort                         
20008edb  _ctypes_                      
200091a8  __TI_static_base__            
200091c8  __TI_Handler_Table_Base       
200091d4  __TI_Handler_Table_Limit      
200091e0  __TI_CINIT_Base               
200091f0  __TI_CINIT_Limit              
20017000  __start___llvm_prf_cnts       
20017000  __stop___llvm_prf_cnts        
20017000  _sys_memory                   
20017800  cursor_x                      
20017804  cursor_y                      
20017808  textsize                      
2001780c  textcolor                     
20017810  textbgcolor                   
20017814  wrap                          
20017818  _lock                         
2001781c  _unlock                       
20017828  errno                         
20017834  switch_intflag                
2002f800  __stack                       
20030000  __STACK_END                   
ffffffff  __TI_pprof_out_hndl           
ffffffff  __TI_prof_data_size           
ffffffff  __TI_prof_data_start          
ffffffff  __binit__                     
ffffffff  __c_args__                    
ffffffff  binit                         
UNDEFED   __mpu_init                    
UNDEFED   _system_post_cinit            

[184 symbols]
