******************************************************************************
                  TI ARM Linker PC v16.9.4                     
******************************************************************************
>> Linked Tue Jan 28 11:42:53 2025

OUTPUT FILE NAME:   <lab2-pt3.out>
ENTRY POINT SYMBOL: "_c_int00"  address: 200081c5


MEMORY CONFIGURATION

         name            origin    length      used     unused   attr    fill
----------------------  --------  ---------  --------  --------  ----  --------
  SRAM_CODE             20004000   00013000  0000510e  0000def2  RW X
  SRAM_DATA             20017000   00019000  00001048  00017fb8  RW X


SEGMENT ALLOCATION MAP

run origin  load origin   length   init length attrs members
----------  ----------- ---------- ----------- ----- -------
20004000    20004000    00005110   00005110    r-x
  20004000    20004000    00000400   00000400    r-- .intvecs
  20004400    20004400    000044fa   000044fa    r-x .text
  200088fc    200088fc    000007c4   000007c4    r-- .const
  200090c0    200090c0    00000050   00000050    r-- .cinit
20017000    20017000    00000848   00000000    rw-
  20017000    20017000    00000800   00000000    rw- .sysmem
  20017800    20017800    00000040   00000000    rw- .data
  20017840    20017840    00000008   00000000    rw- .bss
2002f800    2002f800    00000800   00000000    rw-
  2002f800    2002f800    00000800   00000000    rw- .stack


SECTION ALLOCATION MAP

 output                                  attributes/
section   page    origin      length       input sections
--------  ----  ----------  ----------   ----------------
.intvecs   0    20004000    00000400     
                  20004000    00000400     startup_ccs.obj (.intvecs)

.init_array 
*          0    20004000    00000000     UNINITIALIZED

.text      0    20004400    000044fa     
                  20004400    0000113e     rtsv7M4_T_le_v4SPD16_eabi.lib : _printfi.obj (.text)
                  2000553e    00000002                                   : mpu_init.obj (.text)
                  20005540    00000a80     Adafruit_GFX.obj (.text)
                  20005fc0    000004b6     Adafruit_OLED.obj (.text)
                  20006476    00000002     rtsv7M4_T_le_v4SPD16_eabi.lib : startup.obj (.text)
                  20006478    000003d0                                   : memory.obj (.text)
                  20006848    00000354     main.obj (.text)
                  20006b9c    000002a0     i2c_if.obj (.text)
                  20006e3c    00000280     uart_if.obj (.text)
                  200070bc    000001f4     rtsv7M4_T_le_v4SPD16_eabi.lib : ull_div_t2.obj (.text)
                  200072b0    000001b6                                   : fd_add_t2.obj (.text)
                  20007466    00000002     --HOLE-- [fill = 0]
                  20007468    00000178     driverlib.a : prcm.obj (.text:PRCMCC3200MCUInit)
                  200075e0    00000136     rtsv7M4_T_le_v4SPD16_eabi.lib : fd_div_t2.obj (.text)
                  20007716    00000002     --HOLE-- [fill = 0]
                  20007718    00000118     pin_mux_config.obj (.text)
                  20007830    000000fc     rtsv7M4_T_le_v4SPD16_eabi.lib : fd_mul_t2.obj (.text)
                  2000792c    000000fc                                   : s_scalbn.obj (.text)
                  20007a28    000000a8     driverlib.a : interrupt.obj (.text:IntEnable)
                  20007ad0    000000a0                 : spi.obj (.text:SPIConfigSetExpClk)
                  20007b70    0000009c     rtsv7M4_T_le_v4SPD16_eabi.lib : memcpy_t2.obj (.text)
                  20007c0c    00000094     driverlib.a : prcm.obj (.text:PRCMPeripheralClockGet)
                  20007ca0    00000088                 : pin.obj (.text:PinConfigSet)
                  20007d28    00000088     rtsv7M4_T_le_v4SPD16_eabi.lib : vsnprintf.obj (.text)
                  20007db0    00000086                                   : fd_cmp_t2.obj (.text:__aeabi_cdcmple)
                  20007e36    00000086                                   : fd_cmp_t2.obj (.text:__aeabi_cdrcmple)
                  20007ebc    00000084     driverlib.a : i2c.obj (.text:I2CMasterInitExpClk)
                  20007f40    0000007a     rtsv7M4_T_le_v4SPD16_eabi.lib : memset_t2.obj (.text)
                  20007fba    00000076     driverlib.a : uart.obj (.text:UARTConfigSetExpClk)
                  20008030    00000070     rtsv7M4_T_le_v4SPD16_eabi.lib : autoinit.obj (.text)
                  200080a0    00000068                                   : copy_decompress_lzss.obj (.text:decompress:lzss)
                  20008108    00000064                                   : s_frexp.obj (.text)
                  2000816c    00000058     driverlib.a : prcm.obj (.text:PRCMPeripheralReset)
                  200081c4    00000054     rtsv7M4_T_le_v4SPD16_eabi.lib : boot.obj (.text)
                  20008218    00000054                                   : exit.obj (.text)
                  2000826c    00000054                                   : ltoa.obj (.text)
                  200082c0    0000004c                                   : atoi.obj (.text)
                  2000830c    0000004c                                   : cpy_tbl.obj (.text)
                  20008358    00000048                                   : fd_toi_t2.obj (.text)
                  200083a0    00000040     driverlib.a : pin.obj (.text:PinModeSet)
                  200083e0    0000003c                 : prcm.obj (.text:PRCMPeripheralClkEnable)
                  2000841c    00000036                 : gpio.obj (.text:GPIODirModeSet)
                  20008452    00000030                 : pin.obj (.text:PinTypeGPIO)
                  20008482    00000002     --HOLE-- [fill = 0]
                  20008484    00000030                 : uart.obj (.text:UARTDisable)
                  200084b4    0000002e     rtsv7M4_T_le_v4SPD16_eabi.lib : i_tofd_t2.obj (.text)
                  200084e2    0000002c     driverlib.a : i2c.obj (.text:I2CMasterErr)
                  2000850e    00000002     --HOLE-- [fill = 0]
                  20008510    0000002c                 : prcm.obj (.text:PRCMSysResetCauseGet)
                  2000853c    00000028                 : prcm.obj (.text:PRCMPeripheralClkDisable)
                  20008564    00000024                 : uart.obj (.text:UARTEnable)
                  20008588    00000024     rtsv7M4_T_le_v4SPD16_eabi.lib : memmov.obj (.text)
                  200085ac    00000022     driverlib.a : i2c.obj (.text:I2CMasterSlaveAddrSet)
                  200085ce    00000022                 : spi.obj (.text:SPIReset)
                  200085f0    00000020                 : gpio.obj (.text:GPIOPinWrite)
                  20008610    00000020                 : spi.obj (.text:SPIDataGet)
                  20008630    0000001e                 : i2c.obj (.text:I2CMasterIntStatusEx)
                  2000864e    0000001e                 : spi.obj (.text:SPIDataPut)
                  2000866c    0000001e                 : uart.obj (.text:UARTCharPut)
                  2000868a    0000001c                 : pin.obj (.text:PinTypeI2C)
                  200086a6    0000001c                 : uart.obj (.text:UARTCharGetNonBlocking)
                  200086c2    0000001c     rtsv7M4_T_le_v4SPD16_eabi.lib : memccpy.obj (.text)
                  200086de    0000001a     driverlib.a : pin.obj (.text:PinTypeSPI)
                  200086f8    0000001a                 : pin.obj (.text:PinTypeUART)
                  20008712    00000018                 : i2c.obj (.text:I2CMasterIntEnableEx)
                  2000872a    00000018                 : spi.obj (.text:SPICSDisable)
                  20008742    00000018                 : spi.obj (.text:SPICSEnable)
                  2000875a    00000018                 : spi.obj (.text:SPIEnable)
                  20008772    00000018                 : uart.obj (.text:UARTCharsAvail)
                  2000878a    00000002     --HOLE-- [fill = 0]
                  2000878c    00000018     rtsv7M4_T_le_v4SPD16_eabi.lib : args_main.obj (.text)
                  200087a4    00000016     driverlib.a : i2c.obj (.text:I2CMasterDataPut)
                  200087ba    00000016                 : i2c.obj (.text:I2CMasterEnable)
                  200087d0    00000016                 : i2c.obj (.text:I2CMasterIntClear)
                  200087e6    00000016                 : prcm.obj (.text:PRCMHIBRegRead)
                  200087fc    00000016                 : prcm.obj (.text:PRCMHIBRegWrite)
                  20008812    00000016     rtsv7M4_T_le_v4SPD16_eabi.lib : strchr.obj (.text)
                  20008828    00000014     driverlib.a : cpu.obj (.text:CPUcpsie)
                  2000883c    00000014                 : interrupt.obj (.text:IntVTableBaseSet)
                  20008850    00000014     rtsv7M4_T_le_v4SPD16_eabi.lib : _lock.obj (.text)
                  20008864    00000014                                   : s_copysign.obj (.text)
                  20008878    00000014                                   : strlen.obj (.text)
                  2000888c    00000012     driverlib.a : i2c.obj (.text:I2CMasterControl)
                  2000889e    00000012                 : i2c.obj (.text:I2CMasterTimeoutSet)
                  200088b0    0000000e                 : i2c.obj (.text:I2CMasterDataGet)
                  200088be    0000000e     rtsv7M4_T_le_v4SPD16_eabi.lib : copy_decompress_none.obj (.text:decompress:none)
                  200088cc    0000000e     startup_ccs.obj (.text)
                  200088da    0000000c     rtsv7M4_T_le_v4SPD16_eabi.lib : copy_zero_init.obj (.text:decompress:ZI)
                  200088e6    0000000a     driverlib.a : interrupt.obj (.text:IntMasterEnable)
                  200088f0    00000006                 : utils.obj (.text:UtilsDelay)
                  200088f6    00000004     rtsv7M4_T_le_v4SPD16_eabi.lib : pre_init.obj (.text)

.const     0    200088fc    000007c4     
                  200088fc    000004fb     Adafruit_GFX.obj (.const:.string:font)
                  20008df7    00000101     rtsv7M4_T_le_v4SPD16_eabi.lib : ctype.obj (.const:.string:_ctypes_)
                  20008ef8    00000100     driverlib.a : pin.obj (.const:g_ulPinToPadMap)
                  20008ff8    000000a8                 : prcm.obj (.const:PRCM_PeriphRegsList)
                  200090a0    00000018                 : interrupt.obj (.const:g_pulEnRegs)
                  200090b8    00000008     main.obj (.const:$P$T0$2)

.cinit     0    200090c0    00000050     
                  200090c0    0000002b     (.cinit..data.load) [load image, compression = lzss]
                  200090eb    00000001     --HOLE-- [fill = 0]
                  200090ec    0000000c     (__TI_handler_table)
                  200090f8    00000008     (.cinit..bss.load) [load image, compression = zero_init]
                  20009100    00000010     (__TI_cinit_table)

.sysmem    0    20017000    00000800     UNINITIALIZED
                  20017000    00000008     rtsv7M4_T_le_v4SPD16_eabi.lib : memory.obj (.sysmem)
                  20017008    000007f8     --HOLE--

.data      0    20017800    00000040     UNINITIALIZED
                  20017800    00000015     Adafruit_GFX.obj (.data)
                  20017815    00000003     --HOLE--
                  20017818    0000000c     rtsv7M4_T_le_v4SPD16_eabi.lib : exit.obj (.data:$O1$$)
                  20017824    0000000c                                   : memory.obj (.data:$O1$$)
                  20017830    00000008                                   : _lock.obj (.data:$O1$$)
                  20017838    00000004                                   : errno.obj (.data)
                  2001783c    00000004                                   : stkdepth_vars.obj (.data)

.bss       0    20017840    00000008     UNINITIALIZED
                  20017840    00000004     main.obj (.bss:data$1)
                  20017844    00000004     uart_if.obj (.bss)

.stack     0    2002f800    00000800     UNINITIALIZED
                  2002f800    00000800     --HOLE--

MODULE SUMMARY

       Module                     code    ro data   rw data
       ------                     ----    -------   -------
    .\
       Adafruit_GFX.obj           2688    1275      21     
       Adafruit_OLED.obj          1206    0         0      
       startup_ccs.obj            14      1024      0      
       main.obj                   852     8         4      
       i2c_if.obj                 672     0         0      
       uart_if.obj                640     0         4      
       pin_mux_config.obj         280     0         0      
    +--+--------------------------+-------+---------+---------+
       Total:                     6352    2307      29     
                                                           
    C:/ti/CC3200SDK_1.5.0/cc3200-sdk/driverlib/ccs/Release/driverlib.a
       prcm.obj                   800     168       0      
       pin.obj                    328     256       0      
       i2c.obj                    380     0         0      
       spi.obj                    328     0         0      
       uart.obj                   284     0         0      
       interrupt.obj              198     24        0      
       gpio.obj                   86      0         0      
       cpu.obj                    20      0         0      
       utils.obj                  6       0         0      
    +--+--------------------------+-------+---------+---------+
       Total:                     2430    448       0      
                                                           
    C:\ti\ccsv7\tools\compiler\ti-cgt-arm_16.9.4.LTS\lib\rtsv7M4_T_le_v4SPD16_eabi.lib
       _printfi.obj               4414    0         0      
       memory.obj                 976     0         12     
       ull_div_t2.obj             500     0         0      
       fd_add_t2.obj              438     0         0      
       fd_div_t2.obj              310     0         0      
       fd_cmp_t2.obj              268     0         0      
       ctype.obj                  0       257       0      
       fd_mul_t2.obj              252     0         0      
       s_scalbn.obj               252     0         0      
       memcpy_t2.obj              156     0         0      
       vsnprintf.obj              136     0         0      
       memset_t2.obj              122     0         0      
       autoinit.obj               112     0         0      
       copy_decompress_lzss.obj   104     0         0      
       s_frexp.obj                100     0         0      
       exit.obj                   84      0         12     
       boot.obj                   84      0         0      
       ltoa.obj                   84      0         0      
       atoi.obj                   76      0         0      
       cpy_tbl.obj                76      0         0      
       fd_toi_t2.obj              72      0         0      
       i_tofd_t2.obj              46      0         0      
       memmov.obj                 36      0         0      
       _lock.obj                  20      0         8      
       memccpy.obj                28      0         0      
       args_main.obj              24      0         0      
       strchr.obj                 22      0         0      
       s_copysign.obj             20      0         0      
       strlen.obj                 20      0         0      
       copy_decompress_none.obj   14      0         0      
       copy_zero_init.obj         12      0         0      
       errno.obj                  0       0         4      
       pre_init.obj               4       0         0      
       stkdepth_vars.obj          0       0         4      
       mpu_init.obj               2       0         0      
       startup.obj                2       0         0      
    +--+--------------------------+-------+---------+---------+
       Total:                     8866    257       40     
                                                           
       Heap:                      0       0         2048   
       Stack:                     0       0         2048   
       Linker Generated:          0       79        0      
    +--+--------------------------+-------+---------+---------+
       Grand Total:               17648   3091      4165   


LINKER GENERATED COPY TABLES

__TI_cinit_table @ 20009100 records: 2, size/record: 8, table size: 16
	.data: load addr=200090c0, load size=0000002b bytes, run addr=20017800, run size=00000040 bytes, compression=lzss
	.bss: load addr=200090f8, load size=00000008 bytes, run addr=20017840, run size=00000008 bytes, compression=zero_init


LINKER GENERATED HANDLER TABLE

__TI_handler_table @ 200090ec records: 3, size/record: 4, table size: 12
	index: 0, handler: __TI_decompress_lzss
	index: 1, handler: __TI_decompress_none
	index: 2, handler: __TI_zero_init


GLOBAL SYMBOLS: SORTED ALPHABETICALLY BY Name 

address   name                           
-------   ----                           
20006049  Adafruit_Init                  
20008219  C$$EXIT                        
20008829  CPUcpsie                       
20006e7d  ClearTerm                      
200061d3  Color565                       
20006e87  Error                          
2000841d  GPIODirModeSet                 
200085f1  GPIOPinWrite                   
20006ebf  GetCmd                         
2000888d  I2CMasterControl               
200088b1  I2CMasterDataGet               
200087a5  I2CMasterDataPut               
200087bb  I2CMasterEnable                
200084e3  I2CMasterErr                   
20007ebd  I2CMasterInitExpClk            
200087d1  I2CMasterIntClear              
20008713  I2CMasterIntEnableEx           
20008631  I2CMasterIntStatusEx           
200085ad  I2CMasterSlaveAddrSet          
2000889f  I2CMasterTimeoutSet            
20006e27  I2C_IF_Close                   
20006dcb  I2C_IF_Open                    
20006cc9  I2C_IF_Read                    
20006d85  I2C_IF_ReadFrom                
20006c19  I2C_IF_Write                   
20006e3d  InitTerm                       
20007a29  IntEnable                      
200088e7  IntMasterEnable                
2000883d  IntVTableBaseSet               
20006e5b  Message                        
20005eeb  Outstr                         
20007469  PRCMCC3200MCUInit              
200087e7  PRCMHIBRegRead                 
200087fd  PRCMHIBRegWrite                
2000853d  PRCMPeripheralClkDisable       
200083e1  PRCMPeripheralClkEnable        
20007c0d  PRCMPeripheralClockGet         
2000816d  PRCMPeripheralReset            
20008511  PRCMSysResetCauseGet           
20007ca1  PinConfigSet                   
200083a1  PinModeSet                     
20007719  PinMuxConfig                   
20008453  PinTypeGPIO                    
2000868b  PinTypeI2C                     
200086df  PinTypeSPI                     
200086f9  PinTypeUART                    
2000686f  ReadAccData                    
20006ffd  Report                         
200088cd  ResetISR                       
UNDEFED   SHT$$INIT_ARRAY$$Base          
UNDEFED   SHT$$INIT_ARRAY$$Limit         
2000872b  SPICSDisable                   
20008743  SPICSEnable                    
20007ad1  SPIConfigSetExpClk             
20008611  SPIDataGet                     
2000864f  SPIDataPut                     
2000875b  SPIEnable                      
200085cf  SPIReset                       
20006f65  TrimSpace                      
200086a7  UARTCharGetNonBlocking         
2000866d  UARTCharPut                    
20008773  UARTCharsAvail                 
20007fbb  UARTConfigSetExpClk            
20008485  UARTDisable                    
20008565  UARTEnable                     
200088f1  UtilsDelay                     
20030000  __STACK_END                    
00000800  __STACK_SIZE                   
00000800  __SYSMEM_SIZE                  
20009100  __TI_CINIT_Base                
20009110  __TI_CINIT_Limit               
200090ec  __TI_Handler_Table_Base        
200090f8  __TI_Handler_Table_Limit       
20008031  __TI_auto_init                 
20017818  __TI_cleanup_ptr               
200080a1  __TI_decompress_lzss           
200088bf  __TI_decompress_none           
2001781c  __TI_dtors_ptr                 
20017820  __TI_enable_exit_profile_output
ffffffff  __TI_pprof_out_hndl            
20004c45  __TI_printfi                   
ffffffff  __TI_prof_data_size            
ffffffff  __TI_prof_data_start           
200090c0  __TI_static_base__             
200088db  __TI_zero_init                 
20007db1  __aeabi_cdcmpeq                
20007db1  __aeabi_cdcmple                
20007e37  __aeabi_cdrcmple               
20008359  __aeabi_d2iz                   
200072bb  __aeabi_dadd                   
200075e1  __aeabi_ddiv                   
20007831  __aeabi_dmul                   
200072b1  __aeabi_dsub                   
200084b5  __aeabi_i2d                    
20007f41  __aeabi_memclr                 
20007f41  __aeabi_memclr4                
20007f41  __aeabi_memclr8                
20007b71  __aeabi_memcpy                 
20007b71  __aeabi_memcpy4                
20007b71  __aeabi_memcpy8                
20007f43  __aeabi_memset                 
20007f43  __aeabi_memset4                
20007f43  __aeabi_memset8                
200070bd  __aeabi_uldivmod               
ffffffff  __binit__                      
ffffffff  __c_args__                     
2000553f  __mpu_init                     
2002f800  __stack                        
2000878d  _args_main                     
200081c5  _c_int00                       
20008df7  _ctypes_                       
20017830  _lock                          
2000885f  _nop                           
20008857  _register_lock                 
20008851  _register_unlock               
20017000  _sys_memory                    
20006477  _system_post_cinit             
200088f7  _system_pre_init               
20017834  _unlock                        
2000821d  abort                          
200082c1  atoi                           
ffffffff  binit                          
20006819  calloc                         
2000830d  copy_in                        
20008865  copysign                       
20008865  copysignl                      
20017800  cursor_x                       
20017804  cursor_y                       
20005d9f  drawChar                       
20005541  drawCircle                     
20005675  drawCircleHelper               
20006381  drawFastHLine                  
200062e5  drawFastVLine                  
200058bb  drawLine                       
2000641d  drawPixel                      
200059a7  drawRect                       
200059f5  drawRoundRect                  
20005b5d  drawTriangle                   
20017838  errno                          
20008225  exit                           
20005793  fillCircle                     
200057cd  fillCircleHelper               
2000622b  fillRect                       
20005ae3  fillRoundRect                  
20006215  fillScreen                     
20005b9f  fillTriangle                   
20006563  free                           
20008109  frexp                          
20008109  frexpl                         
20004000  g_pfnVectors                   
2000618f  goTo                           
20005f9f  height                         
2000645b  invert                         
2000792d  ldexp                          
2000792d  ldexpl                         
2000826d  ltoa                           
200068d3  main                           
2001783c  main_func_sp                   
200064f9  malloc                         
2000672d  memalign                       
200086c3  memccpy                        
20007b71  memcpy                         
20008589  memmove                        
20007f49  memset                         
20006479  minit                          
20006625  realloc                        
2000792d  scalbn                         
2000792d  scalbnl                        
20005f37  setCursor                      
20005f6f  setTextColor                   
20005f4f  setTextSize                    
20005f87  setTextWrap                    
20008813  strchr                         
20008879  strlen                         
20017810  textbgcolor                    
2001780c  textcolor                      
20017808  textsize                       
20007d29  vsnprintf                      
20005f9b  width                          
20017814  wrap                           
20005fc1  writeCommand                   
20006005  writeData                      


GLOBAL SYMBOLS: SORTED BY Symbol Address 

address   name                           
-------   ----                           
00000800  __STACK_SIZE                   
00000800  __SYSMEM_SIZE                  
20004000  g_pfnVectors                   
20004c45  __TI_printfi                   
2000553f  __mpu_init                     
20005541  drawCircle                     
20005675  drawCircleHelper               
20005793  fillCircle                     
200057cd  fillCircleHelper               
200058bb  drawLine                       
200059a7  drawRect                       
200059f5  drawRoundRect                  
20005ae3  fillRoundRect                  
20005b5d  drawTriangle                   
20005b9f  fillTriangle                   
20005d9f  drawChar                       
20005eeb  Outstr                         
20005f37  setCursor                      
20005f4f  setTextSize                    
20005f6f  setTextColor                   
20005f87  setTextWrap                    
20005f9b  width                          
20005f9f  height                         
20005fc1  writeCommand                   
20006005  writeData                      
20006049  Adafruit_Init                  
2000618f  goTo                           
200061d3  Color565                       
20006215  fillScreen                     
2000622b  fillRect                       
200062e5  drawFastVLine                  
20006381  drawFastHLine                  
2000641d  drawPixel                      
2000645b  invert                         
20006477  _system_post_cinit             
20006479  minit                          
200064f9  malloc                         
20006563  free                           
20006625  realloc                        
2000672d  memalign                       
20006819  calloc                         
2000686f  ReadAccData                    
200068d3  main                           
20006c19  I2C_IF_Write                   
20006cc9  I2C_IF_Read                    
20006d85  I2C_IF_ReadFrom                
20006dcb  I2C_IF_Open                    
20006e27  I2C_IF_Close                   
20006e3d  InitTerm                       
20006e5b  Message                        
20006e7d  ClearTerm                      
20006e87  Error                          
20006ebf  GetCmd                         
20006f65  TrimSpace                      
20006ffd  Report                         
200070bd  __aeabi_uldivmod               
200072b1  __aeabi_dsub                   
200072bb  __aeabi_dadd                   
20007469  PRCMCC3200MCUInit              
200075e1  __aeabi_ddiv                   
20007719  PinMuxConfig                   
20007831  __aeabi_dmul                   
2000792d  ldexp                          
2000792d  ldexpl                         
2000792d  scalbn                         
2000792d  scalbnl                        
20007a29  IntEnable                      
20007ad1  SPIConfigSetExpClk             
20007b71  __aeabi_memcpy                 
20007b71  __aeabi_memcpy4                
20007b71  __aeabi_memcpy8                
20007b71  memcpy                         
20007c0d  PRCMPeripheralClockGet         
20007ca1  PinConfigSet                   
20007d29  vsnprintf                      
20007db1  __aeabi_cdcmpeq                
20007db1  __aeabi_cdcmple                
20007e37  __aeabi_cdrcmple               
20007ebd  I2CMasterInitExpClk            
20007f41  __aeabi_memclr                 
20007f41  __aeabi_memclr4                
20007f41  __aeabi_memclr8                
20007f43  __aeabi_memset                 
20007f43  __aeabi_memset4                
20007f43  __aeabi_memset8                
20007f49  memset                         
20007fbb  UARTConfigSetExpClk            
20008031  __TI_auto_init                 
200080a1  __TI_decompress_lzss           
20008109  frexp                          
20008109  frexpl                         
2000816d  PRCMPeripheralReset            
200081c5  _c_int00                       
20008219  C$$EXIT                        
2000821d  abort                          
20008225  exit                           
2000826d  ltoa                           
200082c1  atoi                           
2000830d  copy_in                        
20008359  __aeabi_d2iz                   
200083a1  PinModeSet                     
200083e1  PRCMPeripheralClkEnable        
2000841d  GPIODirModeSet                 
20008453  PinTypeGPIO                    
20008485  UARTDisable                    
200084b5  __aeabi_i2d                    
200084e3  I2CMasterErr                   
20008511  PRCMSysResetCauseGet           
2000853d  PRCMPeripheralClkDisable       
20008565  UARTEnable                     
20008589  memmove                        
200085ad  I2CMasterSlaveAddrSet          
200085cf  SPIReset                       
200085f1  GPIOPinWrite                   
20008611  SPIDataGet                     
20008631  I2CMasterIntStatusEx           
2000864f  SPIDataPut                     
2000866d  UARTCharPut                    
2000868b  PinTypeI2C                     
200086a7  UARTCharGetNonBlocking         
200086c3  memccpy                        
200086df  PinTypeSPI                     
200086f9  PinTypeUART                    
20008713  I2CMasterIntEnableEx           
2000872b  SPICSDisable                   
20008743  SPICSEnable                    
2000875b  SPIEnable                      
20008773  UARTCharsAvail                 
2000878d  _args_main                     
200087a5  I2CMasterDataPut               
200087bb  I2CMasterEnable                
200087d1  I2CMasterIntClear              
200087e7  PRCMHIBRegRead                 
200087fd  PRCMHIBRegWrite                
20008813  strchr                         
20008829  CPUcpsie                       
2000883d  IntVTableBaseSet               
20008851  _register_unlock               
20008857  _register_lock                 
2000885f  _nop                           
20008865  copysign                       
20008865  copysignl                      
20008879  strlen                         
2000888d  I2CMasterControl               
2000889f  I2CMasterTimeoutSet            
200088b1  I2CMasterDataGet               
200088bf  __TI_decompress_none           
200088cd  ResetISR                       
200088db  __TI_zero_init                 
200088e7  IntMasterEnable                
200088f1  UtilsDelay                     
200088f7  _system_pre_init               
20008df7  _ctypes_                       
200090c0  __TI_static_base__             
200090ec  __TI_Handler_Table_Base        
200090f8  __TI_Handler_Table_Limit       
20009100  __TI_CINIT_Base                
20009110  __TI_CINIT_Limit               
20017000  _sys_memory                    
20017800  cursor_x                       
20017804  cursor_y                       
20017808  textsize                       
2001780c  textcolor                      
20017810  textbgcolor                    
20017814  wrap                           
20017818  __TI_cleanup_ptr               
2001781c  __TI_dtors_ptr                 
20017820  __TI_enable_exit_profile_output
20017830  _lock                          
20017834  _unlock                        
20017838  errno                          
2001783c  main_func_sp                   
2002f800  __stack                        
20030000  __STACK_END                    
ffffffff  __TI_pprof_out_hndl            
ffffffff  __TI_prof_data_size            
ffffffff  __TI_prof_data_start           
ffffffff  __binit__                      
ffffffff  __c_args__                     
ffffffff  binit                          
UNDEFED   SHT$$INIT_ARRAY$$Base          
UNDEFED   SHT$$INIT_ARRAY$$Limit         

[182 symbols]
