<?xml version="1.0"?>
<link_info>
   <banner>TI ARM Linker PC v16.9.4.LTS</banner>
   <copyright>Copyright (c) 1996-2017 Texas Instruments Incorporated</copyright>
   <link_time>0x6799333d</link_time>
   <link_errors>0x0</link_errors>
   <output_file>lab2-pt3.out</output_file>
   <entry_point>
      <name>_c_int00</name>
      <address>0x200081c5</address>
   </entry_point>
   <input_file_list>
      <input_file id="fl-2">
         <path>.\</path>
         <kind>object</kind>
         <file>Adafruit_GFX.obj</file>
         <name>Adafruit_GFX.obj</name>
      </input_file>
      <input_file id="fl-3">
         <path>.\</path>
         <kind>object</kind>
         <file>Adafruit_OLED.obj</file>
         <name>Adafruit_OLED.obj</name>
      </input_file>
      <input_file id="fl-4">
         <path>.\</path>
         <kind>object</kind>
         <file>i2c_if.obj</file>
         <name>i2c_if.obj</name>
      </input_file>
      <input_file id="fl-5">
         <path>.\</path>
         <kind>object</kind>
         <file>main.obj</file>
         <name>main.obj</name>
      </input_file>
      <input_file id="fl-6">
         <path>.\</path>
         <kind>object</kind>
         <file>oled_test.obj</file>
         <name>oled_test.obj</name>
      </input_file>
      <input_file id="fl-7">
         <path>.\</path>
         <kind>object</kind>
         <file>pin_mux_config.obj</file>
         <name>pin_mux_config.obj</name>
      </input_file>
      <input_file id="fl-8">
         <path>.\</path>
         <kind>object</kind>
         <file>startup_ccs.obj</file>
         <name>startup_ccs.obj</name>
      </input_file>
      <input_file id="fl-9">
         <path>.\</path>
         <kind>object</kind>
         <file>uart_if.obj</file>
         <name>uart_if.obj</name>
      </input_file>
      <input_file id="fl-e">
         <kind>object</kind>
         <file>&lt;internal&gt;</file>
         <name>&lt;internal&gt;</name>
      </input_file>
      <input_file id="fl-f">
         <path>C:\ti\CC3200SDK_1.5.0\cc3200-sdk\driverlib\ccs\Release\</path>
         <kind>archive</kind>
         <file>driverlib.a</file>
         <name>gpio.obj</name>
      </input_file>
      <input_file id="fl-10">
         <path>C:\ti\CC3200SDK_1.5.0\cc3200-sdk\driverlib\ccs\Release\</path>
         <kind>archive</kind>
         <file>driverlib.a</file>
         <name>i2c.obj</name>
      </input_file>
      <input_file id="fl-11">
         <path>C:\ti\CC3200SDK_1.5.0\cc3200-sdk\driverlib\ccs\Release\</path>
         <kind>archive</kind>
         <file>driverlib.a</file>
         <name>interrupt.obj</name>
      </input_file>
      <input_file id="fl-12">
         <path>C:\ti\CC3200SDK_1.5.0\cc3200-sdk\driverlib\ccs\Release\</path>
         <kind>archive</kind>
         <file>driverlib.a</file>
         <name>pin.obj</name>
      </input_file>
      <input_file id="fl-13">
         <path>C:\ti\CC3200SDK_1.5.0\cc3200-sdk\driverlib\ccs\Release\</path>
         <kind>archive</kind>
         <file>driverlib.a</file>
         <name>prcm.obj</name>
      </input_file>
      <input_file id="fl-14">
         <path>C:\ti\CC3200SDK_1.5.0\cc3200-sdk\driverlib\ccs\Release\</path>
         <kind>archive</kind>
         <file>driverlib.a</file>
         <name>spi.obj</name>
      </input_file>
      <input_file id="fl-15">
         <path>C:\ti\CC3200SDK_1.5.0\cc3200-sdk\driverlib\ccs\Release\</path>
         <kind>archive</kind>
         <file>driverlib.a</file>
         <name>uart.obj</name>
      </input_file>
      <input_file id="fl-16">
         <path>C:\ti\CC3200SDK_1.5.0\cc3200-sdk\driverlib\ccs\Release\</path>
         <kind>archive</kind>
         <file>driverlib.a</file>
         <name>utils.obj</name>
      </input_file>
      <input_file id="fl-17">
         <path>C:\ti\CC3200SDK_1.5.0\cc3200-sdk\driverlib\ccs\Release\</path>
         <kind>archive</kind>
         <file>driverlib.a</file>
         <name>cpu.obj</name>
      </input_file>
      <input_file id="fl-18">
         <path>C:\ti\CC3200SDK_1.5.0\cc3200-sdk\driverlib\ccs\Release\</path>
         <kind>archive</kind>
         <file>driverlib.a</file>
         <name>flash.obj</name>
      </input_file>
      <input_file id="fl-ce">
         <path>C:\ti\ccsv7\tools\compiler\ti-cgt-arm_16.9.4.LTS\lib\</path>
         <kind>archive</kind>
         <file>rtsv7M4_T_le_v4SPD16_eabi.lib</file>
         <name>boot.obj</name>
      </input_file>
      <input_file id="fl-cf">
         <path>C:\ti\ccsv7\tools\compiler\ti-cgt-arm_16.9.4.LTS\lib\</path>
         <kind>archive</kind>
         <file>rtsv7M4_T_le_v4SPD16_eabi.lib</file>
         <name>copy_decompress_lzss.obj</name>
      </input_file>
      <input_file id="fl-d0">
         <path>C:\ti\ccsv7\tools\compiler\ti-cgt-arm_16.9.4.LTS\lib\</path>
         <kind>archive</kind>
         <file>rtsv7M4_T_le_v4SPD16_eabi.lib</file>
         <name>copy_decompress_none.obj</name>
      </input_file>
      <input_file id="fl-d1">
         <path>C:\ti\ccsv7\tools\compiler\ti-cgt-arm_16.9.4.LTS\lib\</path>
         <kind>archive</kind>
         <file>rtsv7M4_T_le_v4SPD16_eabi.lib</file>
         <name>copy_zero_init.obj</name>
      </input_file>
      <input_file id="fl-d2">
         <path>C:\ti\ccsv7\tools\compiler\ti-cgt-arm_16.9.4.LTS\lib\</path>
         <kind>archive</kind>
         <file>rtsv7M4_T_le_v4SPD16_eabi.lib</file>
         <name>exit.obj</name>
      </input_file>
      <input_file id="fl-d3">
         <path>C:\ti\ccsv7\tools\compiler\ti-cgt-arm_16.9.4.LTS\lib\</path>
         <kind>archive</kind>
         <file>rtsv7M4_T_le_v4SPD16_eabi.lib</file>
         <name>fd_div_t2.obj</name>
      </input_file>
      <input_file id="fl-d4">
         <path>C:\ti\ccsv7\tools\compiler\ti-cgt-arm_16.9.4.LTS\lib\</path>
         <kind>archive</kind>
         <file>rtsv7M4_T_le_v4SPD16_eabi.lib</file>
         <name>fd_mul_t2.obj</name>
      </input_file>
      <input_file id="fl-d5">
         <path>C:\ti\ccsv7\tools\compiler\ti-cgt-arm_16.9.4.LTS\lib\</path>
         <kind>archive</kind>
         <file>rtsv7M4_T_le_v4SPD16_eabi.lib</file>
         <name>fd_toi_t2.obj</name>
      </input_file>
      <input_file id="fl-d6">
         <path>C:\ti\ccsv7\tools\compiler\ti-cgt-arm_16.9.4.LTS\lib\</path>
         <kind>archive</kind>
         <file>rtsv7M4_T_le_v4SPD16_eabi.lib</file>
         <name>i_tofd_t2.obj</name>
      </input_file>
      <input_file id="fl-d7">
         <path>C:\ti\ccsv7\tools\compiler\ti-cgt-arm_16.9.4.LTS\lib\</path>
         <kind>archive</kind>
         <file>rtsv7M4_T_le_v4SPD16_eabi.lib</file>
         <name>memcpy_t2.obj</name>
      </input_file>
      <input_file id="fl-d8">
         <path>C:\ti\ccsv7\tools\compiler\ti-cgt-arm_16.9.4.LTS\lib\</path>
         <kind>archive</kind>
         <file>rtsv7M4_T_le_v4SPD16_eabi.lib</file>
         <name>memmov.obj</name>
      </input_file>
      <input_file id="fl-d9">
         <path>C:\ti\ccsv7\tools\compiler\ti-cgt-arm_16.9.4.LTS\lib\</path>
         <kind>archive</kind>
         <file>rtsv7M4_T_le_v4SPD16_eabi.lib</file>
         <name>memory.obj</name>
      </input_file>
      <input_file id="fl-da">
         <path>C:\ti\ccsv7\tools\compiler\ti-cgt-arm_16.9.4.LTS\lib\</path>
         <kind>archive</kind>
         <file>rtsv7M4_T_le_v4SPD16_eabi.lib</file>
         <name>memset_t2.obj</name>
      </input_file>
      <input_file id="fl-db">
         <path>C:\ti\ccsv7\tools\compiler\ti-cgt-arm_16.9.4.LTS\lib\</path>
         <kind>archive</kind>
         <file>rtsv7M4_T_le_v4SPD16_eabi.lib</file>
         <name>mpu_init.obj</name>
      </input_file>
      <input_file id="fl-dc">
         <path>C:\ti\ccsv7\tools\compiler\ti-cgt-arm_16.9.4.LTS\lib\</path>
         <kind>archive</kind>
         <file>rtsv7M4_T_le_v4SPD16_eabi.lib</file>
         <name>pre_init.obj</name>
      </input_file>
      <input_file id="fl-dd">
         <path>C:\ti\ccsv7\tools\compiler\ti-cgt-arm_16.9.4.LTS\lib\</path>
         <kind>archive</kind>
         <file>rtsv7M4_T_le_v4SPD16_eabi.lib</file>
         <name>stkdepth_vars.obj</name>
      </input_file>
      <input_file id="fl-de">
         <path>C:\ti\ccsv7\tools\compiler\ti-cgt-arm_16.9.4.LTS\lib\</path>
         <kind>archive</kind>
         <file>rtsv7M4_T_le_v4SPD16_eabi.lib</file>
         <name>strlen.obj</name>
      </input_file>
      <input_file id="fl-df">
         <path>C:\ti\ccsv7\tools\compiler\ti-cgt-arm_16.9.4.LTS\lib\</path>
         <kind>archive</kind>
         <file>rtsv7M4_T_le_v4SPD16_eabi.lib</file>
         <name>ull_div_t2.obj</name>
      </input_file>
      <input_file id="fl-e0">
         <path>C:\ti\ccsv7\tools\compiler\ti-cgt-arm_16.9.4.LTS\lib\</path>
         <kind>archive</kind>
         <file>rtsv7M4_T_le_v4SPD16_eabi.lib</file>
         <name>vsnprintf.obj</name>
      </input_file>
      <input_file id="fl-e1">
         <path>C:\ti\ccsv7\tools\compiler\ti-cgt-arm_16.9.4.LTS\lib\</path>
         <kind>archive</kind>
         <file>rtsv7M4_T_le_v4SPD16_eabi.lib</file>
         <name>_lock.obj</name>
      </input_file>
      <input_file id="fl-e2">
         <path>C:\ti\ccsv7\tools\compiler\ti-cgt-arm_16.9.4.LTS\lib\</path>
         <kind>archive</kind>
         <file>rtsv7M4_T_le_v4SPD16_eabi.lib</file>
         <name>_printfi.obj</name>
      </input_file>
      <input_file id="fl-e3">
         <path>C:\ti\ccsv7\tools\compiler\ti-cgt-arm_16.9.4.LTS\lib\</path>
         <kind>archive</kind>
         <file>rtsv7M4_T_le_v4SPD16_eabi.lib</file>
         <name>args_main.obj</name>
      </input_file>
      <input_file id="fl-e4">
         <path>C:\ti\ccsv7\tools\compiler\ti-cgt-arm_16.9.4.LTS\lib\</path>
         <kind>archive</kind>
         <file>rtsv7M4_T_le_v4SPD16_eabi.lib</file>
         <name>atoi.obj</name>
      </input_file>
      <input_file id="fl-e5">
         <path>C:\ti\ccsv7\tools\compiler\ti-cgt-arm_16.9.4.LTS\lib\</path>
         <kind>archive</kind>
         <file>rtsv7M4_T_le_v4SPD16_eabi.lib</file>
         <name>autoinit.obj</name>
      </input_file>
      <input_file id="fl-e6">
         <path>C:\ti\ccsv7\tools\compiler\ti-cgt-arm_16.9.4.LTS\lib\</path>
         <kind>archive</kind>
         <file>rtsv7M4_T_le_v4SPD16_eabi.lib</file>
         <name>cpy_tbl.obj</name>
      </input_file>
      <input_file id="fl-e7">
         <path>C:\ti\ccsv7\tools\compiler\ti-cgt-arm_16.9.4.LTS\lib\</path>
         <kind>archive</kind>
         <file>rtsv7M4_T_le_v4SPD16_eabi.lib</file>
         <name>ctype.obj</name>
      </input_file>
      <input_file id="fl-e8">
         <path>C:\ti\ccsv7\tools\compiler\ti-cgt-arm_16.9.4.LTS\lib\</path>
         <kind>archive</kind>
         <file>rtsv7M4_T_le_v4SPD16_eabi.lib</file>
         <name>fd_add_t2.obj</name>
      </input_file>
      <input_file id="fl-e9">
         <path>C:\ti\ccsv7\tools\compiler\ti-cgt-arm_16.9.4.LTS\lib\</path>
         <kind>archive</kind>
         <file>rtsv7M4_T_le_v4SPD16_eabi.lib</file>
         <name>fd_cmp_t2.obj</name>
      </input_file>
      <input_file id="fl-ea">
         <path>C:\ti\ccsv7\tools\compiler\ti-cgt-arm_16.9.4.LTS\lib\</path>
         <kind>archive</kind>
         <file>rtsv7M4_T_le_v4SPD16_eabi.lib</file>
         <name>ltoa.obj</name>
      </input_file>
      <input_file id="fl-eb">
         <path>C:\ti\ccsv7\tools\compiler\ti-cgt-arm_16.9.4.LTS\lib\</path>
         <kind>archive</kind>
         <file>rtsv7M4_T_le_v4SPD16_eabi.lib</file>
         <name>memccpy.obj</name>
      </input_file>
      <input_file id="fl-ec">
         <path>C:\ti\ccsv7\tools\compiler\ti-cgt-arm_16.9.4.LTS\lib\</path>
         <kind>archive</kind>
         <file>rtsv7M4_T_le_v4SPD16_eabi.lib</file>
         <name>s_frexp.obj</name>
      </input_file>
      <input_file id="fl-ed">
         <path>C:\ti\ccsv7\tools\compiler\ti-cgt-arm_16.9.4.LTS\lib\</path>
         <kind>archive</kind>
         <file>rtsv7M4_T_le_v4SPD16_eabi.lib</file>
         <name>s_scalbn.obj</name>
      </input_file>
      <input_file id="fl-ee">
         <path>C:\ti\ccsv7\tools\compiler\ti-cgt-arm_16.9.4.LTS\lib\</path>
         <kind>archive</kind>
         <file>rtsv7M4_T_le_v4SPD16_eabi.lib</file>
         <name>startup.obj</name>
      </input_file>
      <input_file id="fl-ef">
         <path>C:\ti\ccsv7\tools\compiler\ti-cgt-arm_16.9.4.LTS\lib\</path>
         <kind>archive</kind>
         <file>rtsv7M4_T_le_v4SPD16_eabi.lib</file>
         <name>strchr.obj</name>
      </input_file>
      <input_file id="fl-f0">
         <path>C:\ti\ccsv7\tools\compiler\ti-cgt-arm_16.9.4.LTS\lib\</path>
         <kind>archive</kind>
         <file>rtsv7M4_T_le_v4SPD16_eabi.lib</file>
         <name>errno.obj</name>
      </input_file>
      <input_file id="fl-f1">
         <path>C:\ti\ccsv7\tools\compiler\ti-cgt-arm_16.9.4.LTS\lib\</path>
         <kind>archive</kind>
         <file>rtsv7M4_T_le_v4SPD16_eabi.lib</file>
         <name>s_copysign.obj</name>
      </input_file>
   </input_file_list>
   <object_component_list>
      <object_component id="oc-f">
         <name>.intvecs</name>
         <load_address>0x20004000</load_address>
         <run_address>0x20004000</run_address>
         <size>0x400</size>
         <input_file_ref idref="fl-8"/>
      </object_component>
      <object_component id="oc-294">
         <name>.text</name>
         <load_address>0x20004400</load_address>
         <run_address>0x20004400</run_address>
         <size>0x113e</size>
         <input_file_ref idref="fl-e2"/>
      </object_component>
      <object_component id="oc-59">
         <name>.text</name>
         <load_address>0x2000553e</load_address>
         <run_address>0x2000553e</run_address>
         <size>0x2</size>
         <input_file_ref idref="fl-db"/>
      </object_component>
      <object_component id="oc-12c">
         <name>.text</name>
         <load_address>0x20005540</load_address>
         <run_address>0x20005540</run_address>
         <size>0xa80</size>
         <input_file_ref idref="fl-2"/>
      </object_component>
      <object_component id="oc-126">
         <name>.text</name>
         <load_address>0x20005fc0</load_address>
         <run_address>0x20005fc0</run_address>
         <size>0x4b6</size>
         <input_file_ref idref="fl-3"/>
      </object_component>
      <object_component id="oc-a0">
         <name>.text</name>
         <load_address>0x20006476</load_address>
         <run_address>0x20006476</run_address>
         <size>0x2</size>
         <input_file_ref idref="fl-ee"/>
      </object_component>
      <object_component id="oc-19c">
         <name>.text</name>
         <load_address>0x20006478</load_address>
         <run_address>0x20006478</run_address>
         <size>0x3d0</size>
         <input_file_ref idref="fl-d9"/>
      </object_component>
      <object_component id="oc-a8">
         <name>.text</name>
         <load_address>0x20006848</load_address>
         <run_address>0x20006848</run_address>
         <size>0x354</size>
         <input_file_ref idref="fl-5"/>
      </object_component>
      <object_component id="oc-de">
         <name>.text</name>
         <load_address>0x20006b9c</load_address>
         <run_address>0x20006b9c</run_address>
         <size>0x2a0</size>
         <input_file_ref idref="fl-4"/>
      </object_component>
      <object_component id="oc-d8">
         <name>.text</name>
         <load_address>0x20006e3c</load_address>
         <run_address>0x20006e3c</run_address>
         <size>0x280</size>
         <input_file_ref idref="fl-9"/>
      </object_component>
      <object_component id="oc-2f7">
         <name>.text</name>
         <load_address>0x200070bc</load_address>
         <run_address>0x200070bc</run_address>
         <size>0x1f4</size>
         <input_file_ref idref="fl-df"/>
      </object_component>
      <object_component id="oc-30c">
         <name>.text</name>
         <load_address>0x200072b0</load_address>
         <run_address>0x200072b0</run_address>
         <size>0x1b6</size>
         <input_file_ref idref="fl-e8"/>
      </object_component>
      <object_component id="oc-f6">
         <name>.text:PRCMCC3200MCUInit</name>
         <load_address>0x20007468</load_address>
         <run_address>0x20007468</run_address>
         <size>0x178</size>
         <input_file_ref idref="fl-13"/>
      </object_component>
      <object_component id="oc-137">
         <name>.text</name>
         <load_address>0x200075e0</load_address>
         <run_address>0x200075e0</run_address>
         <size>0x136</size>
         <input_file_ref idref="fl-d3"/>
      </object_component>
      <object_component id="oc-fc">
         <name>.text</name>
         <load_address>0x20007718</load_address>
         <run_address>0x20007718</run_address>
         <size>0x118</size>
         <input_file_ref idref="fl-7"/>
      </object_component>
      <object_component id="oc-13c">
         <name>.text</name>
         <load_address>0x20007830</load_address>
         <run_address>0x20007830</run_address>
         <size>0xfc</size>
         <input_file_ref idref="fl-d4"/>
      </object_component>
      <object_component id="oc-317">
         <name>.text</name>
         <load_address>0x2000792c</load_address>
         <run_address>0x2000792c</run_address>
         <size>0xfc</size>
         <input_file_ref idref="fl-ed"/>
      </object_component>
      <object_component id="oc-f0">
         <name>.text:IntEnable</name>
         <load_address>0x20007a28</load_address>
         <run_address>0x20007a28</run_address>
         <size>0xa8</size>
         <input_file_ref idref="fl-11"/>
      </object_component>
      <object_component id="oc-11a">
         <name>.text:SPIConfigSetExpClk</name>
         <load_address>0x20007ad0</load_address>
         <run_address>0x20007ad0</run_address>
         <size>0xa0</size>
         <input_file_ref idref="fl-14"/>
      </object_component>
      <object_component id="oc-41">
         <name>.text</name>
         <load_address>0x20007b70</load_address>
         <run_address>0x20007b70</run_address>
         <size>0x9c</size>
         <input_file_ref idref="fl-d7"/>
      </object_component>
      <object_component id="oc-114">
         <name>.text:PRCMPeripheralClockGet</name>
         <load_address>0x20007c0c</load_address>
         <run_address>0x20007c0c</run_address>
         <size>0x94</size>
         <input_file_ref idref="fl-13"/>
      </object_component>
      <object_component id="oc-2d3">
         <name>.text:PinConfigSet</name>
         <load_address>0x20007ca0</load_address>
         <run_address>0x20007ca0</run_address>
         <size>0x88</size>
         <input_file_ref idref="fl-12"/>
      </object_component>
      <object_component id="oc-17e">
         <name>.text</name>
         <load_address>0x20007d28</load_address>
         <run_address>0x20007d28</run_address>
         <size>0x88</size>
         <input_file_ref idref="fl-e0"/>
      </object_component>
      <object_component id="oc-2fc">
         <name>.text:__aeabi_cdcmple</name>
         <load_address>0x20007db0</load_address>
         <run_address>0x20007db0</run_address>
         <size>0x86</size>
         <input_file_ref idref="fl-e9"/>
      </object_component>
      <object_component id="oc-301">
         <name>.text:__aeabi_cdrcmple</name>
         <load_address>0x20007e36</load_address>
         <run_address>0x20007e36</run_address>
         <size>0x86</size>
         <input_file_ref idref="fl-e9"/>
      </object_component>
      <object_component id="oc-1ed">
         <name>.text:I2CMasterInitExpClk</name>
         <load_address>0x20007ebc</load_address>
         <run_address>0x20007ebc</run_address>
         <size>0x84</size>
         <input_file_ref idref="fl-10"/>
      </object_component>
      <object_component id="oc-4d">
         <name>.text</name>
         <load_address>0x20007f40</load_address>
         <run_address>0x20007f40</run_address>
         <size>0x7a</size>
         <input_file_ref idref="fl-da"/>
      </object_component>
      <object_component id="oc-172">
         <name>.text:UARTConfigSetExpClk</name>
         <load_address>0x20007fba</load_address>
         <run_address>0x20007fba</run_address>
         <size>0x76</size>
         <input_file_ref idref="fl-15"/>
      </object_component>
      <object_component id="oc-65">
         <name>.text</name>
         <load_address>0x20008030</load_address>
         <run_address>0x20008030</run_address>
         <size>0x70</size>
         <input_file_ref idref="fl-e5"/>
      </object_component>
      <object_component id="oc-12">
         <name>.text:decompress:lzss</name>
         <load_address>0x200080a0</load_address>
         <run_address>0x200080a0</run_address>
         <size>0x68</size>
         <input_file_ref idref="fl-cf"/>
      </object_component>
      <object_component id="oc-311">
         <name>.text</name>
         <load_address>0x20008108</load_address>
         <run_address>0x20008108</run_address>
         <size>0x64</size>
         <input_file_ref idref="fl-ec"/>
      </object_component>
      <object_component id="oc-108">
         <name>.text:PRCMPeripheralReset</name>
         <load_address>0x2000816c</load_address>
         <run_address>0x2000816c</run_address>
         <size>0x58</size>
         <input_file_ref idref="fl-13"/>
      </object_component>
      <object_component id="oc-24">
         <name>.text</name>
         <load_address>0x200081c4</load_address>
         <run_address>0x200081c4</run_address>
         <size>0x54</size>
         <input_file_ref idref="fl-ce"/>
      </object_component>
      <object_component id="oc-71">
         <name>.text</name>
         <load_address>0x20008218</load_address>
         <run_address>0x20008218</run_address>
         <size>0x54</size>
         <input_file_ref idref="fl-d2"/>
      </object_component>
      <object_component id="oc-306">
         <name>.text</name>
         <load_address>0x2000826c</load_address>
         <run_address>0x2000826c</run_address>
         <size>0x54</size>
         <input_file_ref idref="fl-ea"/>
      </object_component>
      <object_component id="oc-323">
         <name>.text</name>
         <load_address>0x200082c0</load_address>
         <run_address>0x200082c0</run_address>
         <size>0x4c</size>
         <input_file_ref idref="fl-e4"/>
      </object_component>
      <object_component id="oc-9a">
         <name>.text</name>
         <load_address>0x2000830c</load_address>
         <run_address>0x2000830c</run_address>
         <size>0x4c</size>
         <input_file_ref idref="fl-e6"/>
      </object_component>
      <object_component id="oc-141">
         <name>.text</name>
         <load_address>0x20008358</load_address>
         <run_address>0x20008358</run_address>
         <size>0x48</size>
         <input_file_ref idref="fl-d5"/>
      </object_component>
      <object_component id="oc-224">
         <name>.text:PinModeSet</name>
         <load_address>0x200083a0</load_address>
         <run_address>0x200083a0</run_address>
         <size>0x40</size>
         <input_file_ref idref="fl-12"/>
      </object_component>
      <object_component id="oc-102">
         <name>.text:PRCMPeripheralClkEnable</name>
         <load_address>0x200083e0</load_address>
         <run_address>0x200083e0</run_address>
         <size>0x3c</size>
         <input_file_ref idref="fl-13"/>
      </object_component>
      <object_component id="oc-230">
         <name>.text:GPIODirModeSet</name>
         <load_address>0x2000841c</load_address>
         <run_address>0x2000841c</run_address>
         <size>0x36</size>
         <input_file_ref idref="fl-f"/>
      </object_component>
      <object_component id="oc-22a">
         <name>.text:PinTypeGPIO</name>
         <load_address>0x20008452</load_address>
         <run_address>0x20008452</run_address>
         <size>0x30</size>
         <input_file_ref idref="fl-12"/>
      </object_component>
      <object_component id="oc-286">
         <name>.text:UARTDisable</name>
         <load_address>0x20008484</load_address>
         <run_address>0x20008484</run_address>
         <size>0x30</size>
         <input_file_ref idref="fl-15"/>
      </object_component>
      <object_component id="oc-132">
         <name>.text</name>
         <load_address>0x200084b4</load_address>
         <run_address>0x200084b4</run_address>
         <size>0x2e</size>
         <input_file_ref idref="fl-d6"/>
      </object_component>
      <object_component id="oc-1c9">
         <name>.text:I2CMasterErr</name>
         <load_address>0x200084e2</load_address>
         <run_address>0x200084e2</run_address>
         <size>0x2c</size>
         <input_file_ref idref="fl-10"/>
      </object_component>
      <object_component id="oc-211">
         <name>.text:PRCMSysResetCauseGet</name>
         <load_address>0x20008510</load_address>
         <run_address>0x20008510</run_address>
         <size>0x2c</size>
         <input_file_ref idref="fl-13"/>
      </object_component>
      <object_component id="oc-1f3">
         <name>.text:PRCMPeripheralClkDisable</name>
         <load_address>0x2000853c</load_address>
         <run_address>0x2000853c</run_address>
         <size>0x28</size>
         <input_file_ref idref="fl-13"/>
      </object_component>
      <object_component id="oc-28c">
         <name>.text:UARTEnable</name>
         <load_address>0x20008564</load_address>
         <run_address>0x20008564</run_address>
         <size>0x24</size>
         <input_file_ref idref="fl-15"/>
      </object_component>
      <object_component id="oc-196">
         <name>.text</name>
         <load_address>0x20008588</load_address>
         <run_address>0x20008588</run_address>
         <size>0x24</size>
         <input_file_ref idref="fl-d8"/>
      </object_component>
      <object_component id="oc-1cf">
         <name>.text:I2CMasterSlaveAddrSet</name>
         <load_address>0x200085ac</load_address>
         <run_address>0x200085ac</run_address>
         <size>0x22</size>
         <input_file_ref idref="fl-10"/>
      </object_component>
      <object_component id="oc-10e">
         <name>.text:SPIReset</name>
         <load_address>0x200085ce</load_address>
         <run_address>0x200085ce</run_address>
         <size>0x22</size>
         <input_file_ref idref="fl-14"/>
      </object_component>
      <object_component id="oc-253">
         <name>.text:GPIOPinWrite</name>
         <load_address>0x200085f0</load_address>
         <run_address>0x200085f0</run_address>
         <size>0x20</size>
         <input_file_ref idref="fl-f"/>
      </object_component>
      <object_component id="oc-265">
         <name>.text:SPIDataGet</name>
         <load_address>0x20008610</load_address>
         <run_address>0x20008610</run_address>
         <size>0x20</size>
         <input_file_ref idref="fl-14"/>
      </object_component>
      <object_component id="oc-1c3">
         <name>.text:I2CMasterIntStatusEx</name>
         <load_address>0x20008630</load_address>
         <run_address>0x20008630</run_address>
         <size>0x1e</size>
         <input_file_ref idref="fl-10"/>
      </object_component>
      <object_component id="oc-25f">
         <name>.text:SPIDataPut</name>
         <load_address>0x2000864e</load_address>
         <run_address>0x2000864e</run_address>
         <size>0x1e</size>
         <input_file_ref idref="fl-14"/>
      </object_component>
      <object_component id="oc-178">
         <name>.text:UARTCharPut</name>
         <load_address>0x2000866c</load_address>
         <run_address>0x2000866c</run_address>
         <size>0x1e</size>
         <input_file_ref idref="fl-15"/>
      </object_component>
      <object_component id="oc-236">
         <name>.text:PinTypeI2C</name>
         <load_address>0x2000868a</load_address>
         <run_address>0x2000868a</run_address>
         <size>0x1c</size>
         <input_file_ref idref="fl-12"/>
      </object_component>
      <object_component id="oc-18a">
         <name>.text:UARTCharGetNonBlocking</name>
         <load_address>0x200086a6</load_address>
         <run_address>0x200086a6</run_address>
         <size>0x1c</size>
         <input_file_ref idref="fl-15"/>
      </object_component>
      <object_component id="oc-329">
         <name>.text</name>
         <load_address>0x200086c2</load_address>
         <run_address>0x200086c2</run_address>
         <size>0x1c</size>
         <input_file_ref idref="fl-eb"/>
      </object_component>
      <object_component id="oc-23c">
         <name>.text:PinTypeSPI</name>
         <load_address>0x200086de</load_address>
         <run_address>0x200086de</run_address>
         <size>0x1a</size>
         <input_file_ref idref="fl-12"/>
      </object_component>
      <object_component id="oc-242">
         <name>.text:PinTypeUART</name>
         <load_address>0x200086f8</load_address>
         <run_address>0x200086f8</run_address>
         <size>0x1a</size>
         <input_file_ref idref="fl-12"/>
      </object_component>
      <object_component id="oc-1e7">
         <name>.text:I2CMasterIntEnableEx</name>
         <load_address>0x20008712</load_address>
         <run_address>0x20008712</run_address>
         <size>0x18</size>
         <input_file_ref idref="fl-10"/>
      </object_component>
      <object_component id="oc-26b">
         <name>.text:SPICSDisable</name>
         <load_address>0x2000872a</load_address>
         <run_address>0x2000872a</run_address>
         <size>0x18</size>
         <input_file_ref idref="fl-14"/>
      </object_component>
      <object_component id="oc-259">
         <name>.text:SPICSEnable</name>
         <load_address>0x20008742</load_address>
         <run_address>0x20008742</run_address>
         <size>0x18</size>
         <input_file_ref idref="fl-14"/>
      </object_component>
      <object_component id="oc-120">
         <name>.text:SPIEnable</name>
         <load_address>0x2000875a</load_address>
         <run_address>0x2000875a</run_address>
         <size>0x18</size>
         <input_file_ref idref="fl-14"/>
      </object_component>
      <object_component id="oc-184">
         <name>.text:UARTCharsAvail</name>
         <load_address>0x20008772</load_address>
         <run_address>0x20008772</run_address>
         <size>0x18</size>
         <input_file_ref idref="fl-15"/>
      </object_component>
      <object_component id="oc-6b">
         <name>.text</name>
         <load_address>0x2000878c</load_address>
         <run_address>0x2000878c</run_address>
         <size>0x18</size>
         <input_file_ref idref="fl-e3"/>
      </object_component>
      <object_component id="oc-1d5">
         <name>.text:I2CMasterDataPut</name>
         <load_address>0x200087a4</load_address>
         <run_address>0x200087a4</run_address>
         <size>0x16</size>
         <input_file_ref idref="fl-10"/>
      </object_component>
      <object_component id="oc-1e1">
         <name>.text:I2CMasterEnable</name>
         <load_address>0x200087ba</load_address>
         <run_address>0x200087ba</run_address>
         <size>0x16</size>
         <input_file_ref idref="fl-10"/>
      </object_component>
      <object_component id="oc-1b1">
         <name>.text:I2CMasterIntClear</name>
         <load_address>0x200087d0</load_address>
         <run_address>0x200087d0</run_address>
         <size>0x16</size>
         <input_file_ref idref="fl-10"/>
      </object_component>
      <object_component id="oc-217">
         <name>.text:PRCMHIBRegRead</name>
         <load_address>0x200087e6</load_address>
         <run_address>0x200087e6</run_address>
         <size>0x16</size>
         <input_file_ref idref="fl-13"/>
      </object_component>
      <object_component id="oc-21d">
         <name>.text:PRCMHIBRegWrite</name>
         <load_address>0x200087fc</load_address>
         <run_address>0x200087fc</run_address>
         <size>0x16</size>
         <input_file_ref idref="fl-13"/>
      </object_component>
      <object_component id="oc-31d">
         <name>.text</name>
         <load_address>0x20008812</load_address>
         <run_address>0x20008812</run_address>
         <size>0x16</size>
         <input_file_ref idref="fl-ef"/>
      </object_component>
      <object_component id="oc-201">
         <name>.text:CPUcpsie</name>
         <load_address>0x20008828</load_address>
         <run_address>0x20008828</run_address>
         <size>0x14</size>
         <input_file_ref idref="fl-17"/>
      </object_component>
      <object_component id="oc-e4">
         <name>.text:IntVTableBaseSet</name>
         <load_address>0x2000883c</load_address>
         <run_address>0x2000883c</run_address>
         <size>0x14</size>
         <input_file_ref idref="fl-11"/>
      </object_component>
      <object_component id="oc-15a">
         <name>.text</name>
         <load_address>0x20008850</load_address>
         <run_address>0x20008850</run_address>
         <size>0x14</size>
         <input_file_ref idref="fl-e1"/>
      </object_component>
      <object_component id="oc-35d">
         <name>.text</name>
         <load_address>0x20008864</load_address>
         <run_address>0x20008864</run_address>
         <size>0x14</size>
         <input_file_ref idref="fl-f1"/>
      </object_component>
      <object_component id="oc-190">
         <name>.text</name>
         <load_address>0x20008878</load_address>
         <run_address>0x20008878</run_address>
         <size>0x14</size>
         <input_file_ref idref="fl-de"/>
      </object_component>
      <object_component id="oc-1bd">
         <name>.text:I2CMasterControl</name>
         <load_address>0x2000888c</load_address>
         <run_address>0x2000888c</run_address>
         <size>0x12</size>
         <input_file_ref idref="fl-10"/>
      </object_component>
      <object_component id="oc-1b7">
         <name>.text:I2CMasterTimeoutSet</name>
         <load_address>0x2000889e</load_address>
         <run_address>0x2000889e</run_address>
         <size>0x12</size>
         <input_file_ref idref="fl-10"/>
      </object_component>
      <object_component id="oc-1db">
         <name>.text:I2CMasterDataGet</name>
         <load_address>0x200088b0</load_address>
         <run_address>0x200088b0</run_address>
         <size>0xe</size>
         <input_file_ref idref="fl-10"/>
      </object_component>
      <object_component id="oc-18">
         <name>.text:decompress:none</name>
         <load_address>0x200088be</load_address>
         <run_address>0x200088be</run_address>
         <size>0xe</size>
         <input_file_ref idref="fl-d0"/>
      </object_component>
      <object_component id="oc-2d">
         <name>.text</name>
         <load_address>0x200088cc</load_address>
         <run_address>0x200088cc</run_address>
         <size>0xe</size>
         <input_file_ref idref="fl-8"/>
      </object_component>
      <object_component id="oc-1e">
         <name>.text:decompress:ZI</name>
         <load_address>0x200088da</load_address>
         <run_address>0x200088da</run_address>
         <size>0xc</size>
         <input_file_ref idref="fl-d1"/>
      </object_component>
      <object_component id="oc-ea">
         <name>.text:IntMasterEnable</name>
         <load_address>0x200088e6</load_address>
         <run_address>0x200088e6</run_address>
         <size>0xa</size>
         <input_file_ref idref="fl-11"/>
      </object_component>
      <object_component id="oc-2cc">
         <name>.text:UtilsDelay</name>
         <load_address>0x200088f0</load_address>
         <run_address>0x200088f0</run_address>
         <size>0x6</size>
         <input_file_ref idref="fl-16"/>
      </object_component>
      <object_component id="oc-5f">
         <name>.text</name>
         <load_address>0x200088f6</load_address>
         <run_address>0x200088f6</run_address>
         <size>0x4</size>
         <input_file_ref idref="fl-dc"/>
      </object_component>
      <object_component id="oc-273">
         <name>.const:.string:font</name>
         <load_address>0x200088fc</load_address>
         <run_address>0x200088fc</run_address>
         <size>0x4fb</size>
         <input_file_ref idref="fl-2"/>
      </object_component>
      <object_component id="oc-36a">
         <name>.const:.string:_ctypes_</name>
         <load_address>0x20008df7</load_address>
         <run_address>0x20008df7</run_address>
         <size>0x101</size>
         <input_file_ref idref="fl-e7"/>
      </object_component>
      <object_component id="oc-2cf">
         <name>.const:g_ulPinToPadMap</name>
         <load_address>0x20008ef8</load_address>
         <run_address>0x20008ef8</run_address>
         <size>0x100</size>
         <input_file_ref idref="fl-12"/>
      </object_component>
      <object_component id="oc-249">
         <name>.const:PRCM_PeriphRegsList</name>
         <load_address>0x20008ff8</load_address>
         <run_address>0x20008ff8</run_address>
         <size>0xa8</size>
         <input_file_ref idref="fl-13"/>
      </object_component>
      <object_component id="oc-20d">
         <name>.const:g_pulEnRegs</name>
         <load_address>0x200090a0</load_address>
         <run_address>0x200090a0</run_address>
         <size>0x18</size>
         <input_file_ref idref="fl-11"/>
      </object_component>
      <object_component id="oc-147">
         <name>.const:$P$T0$2</name>
         <load_address>0x200090b8</load_address>
         <run_address>0x200090b8</run_address>
         <size>0x8</size>
         <input_file_ref idref="fl-5"/>
      </object_component>
      <object_component id="oc-3b7">
         <name>.cinit..data.load</name>
         <load_address>0x200090c0</load_address>
         <run_address>0x200090c0</run_address>
         <size>0x2b</size>
      </object_component>
      <object_component id="oc-3b5">
         <name>__TI_handler_table</name>
         <load_address>0x200090ec</load_address>
         <run_address>0x200090ec</run_address>
         <size>0xc</size>
      </object_component>
      <object_component id="oc-3b8">
         <name>.cinit..bss.load</name>
         <load_address>0x200090f8</load_address>
         <run_address>0x200090f8</run_address>
         <size>0x8</size>
      </object_component>
      <object_component id="oc-3b6">
         <name>__TI_cinit_table</name>
         <load_address>0x20009100</load_address>
         <run_address>0x20009100</run_address>
         <size>0x10</size>
      </object_component>
      <object_component id="oc-276">
         <name>.data</name>
         <load_address>0x20017800</load_address>
         <run_address>0x20017800</run_address>
         <size>0x15</size>
         <input_file_ref idref="fl-2"/>
      </object_component>
      <object_component id="oc-b0">
         <name>.data:$O1$$</name>
         <load_address>0x20017818</load_address>
         <run_address>0x20017818</run_address>
         <size>0xc</size>
         <input_file_ref idref="fl-d2"/>
      </object_component>
      <object_component id="oc-2ac">
         <name>.data:$O1$$</name>
         <load_address>0x20017824</load_address>
         <run_address>0x20017824</run_address>
         <size>0xc</size>
         <input_file_ref idref="fl-d9"/>
      </object_component>
      <object_component id="oc-77">
         <name>.data</name>
         <load_address>0x2001783c</load_address>
         <run_address>0x2001783c</run_address>
         <size>0x4</size>
         <input_file_ref idref="fl-dd"/>
      </object_component>
      <object_component id="oc-b3">
         <name>.data:$O1$$</name>
         <load_address>0x20017830</load_address>
         <run_address>0x20017830</run_address>
         <size>0x8</size>
         <input_file_ref idref="fl-e1"/>
      </object_component>
      <object_component id="oc-363">
         <name>.data</name>
         <load_address>0x20017838</load_address>
         <run_address>0x20017838</run_address>
         <size>0x4</size>
         <input_file_ref idref="fl-f0"/>
      </object_component>
      <object_component id="oc-146">
         <name>.bss:data$1</name>
         <uninitialized>true</uninitialized>
         <run_address>0x20017840</run_address>
         <size>0x4</size>
         <input_file_ref idref="fl-5"/>
      </object_component>
      <object_component id="oc-1a2">
         <name>.bss</name>
         <uninitialized>true</uninitialized>
         <run_address>0x20017844</run_address>
         <size>0x4</size>
         <input_file_ref idref="fl-9"/>
      </object_component>
      <object_component id="oc-2a">
         <name>.sysmem</name>
         <uninitialized>true</uninitialized>
         <run_address>0x20017000</run_address>
         <size>0x8</size>
         <input_file_ref idref="fl-d9"/>
      </object_component>
      <object_component id="oc-3ba">
         <name>.sysmem</name>
         <uninitialized>true</uninitialized>
         <run_address>0x20017000</run_address>
         <size>0x0</size>
      </object_component>
      <object_component id="oc-29">
         <name>.stack</name>
         <uninitialized>true</uninitialized>
         <run_address>0x2002f800</run_address>
         <size>0x0</size>
         <input_file_ref idref="fl-ce"/>
      </object_component>
      <object_component id="oc-3b9">
         <name>.stack</name>
         <uninitialized>true</uninitialized>
         <run_address>0x2002f800</run_address>
         <size>0x0</size>
      </object_component>
      <object_component id="oc-27a">
         <name>.debug_info</name>
         <load_address>0x0</load_address>
         <run_address>0x0</run_address>
         <size>0x371</size>
         <input_file_ref idref="fl-2"/>
      </object_component>
      <object_component id="oc-274">
         <name>.debug_info</name>
         <load_address>0x371</load_address>
         <run_address>0x371</run_address>
         <size>0xdc</size>
         <input_file_ref idref="fl-2"/>
      </object_component>
      <object_component id="oc-277">
         <name>.debug_info</name>
         <load_address>0x44d</load_address>
         <run_address>0x44d</run_address>
         <size>0x18a</size>
         <input_file_ref idref="fl-2"/>
      </object_component>
      <object_component id="oc-12d">
         <name>.debug_info</name>
         <load_address>0x5d7</load_address>
         <run_address>0x5d7</run_address>
         <size>0x14e6</size>
         <input_file_ref idref="fl-2"/>
      </object_component>
      <object_component id="oc-3c">
         <name>.debug_info</name>
         <load_address>0x1abd</load_address>
         <run_address>0x1abd</run_address>
         <size>0x84</size>
         <input_file_ref idref="fl-2"/>
      </object_component>
      <object_component id="oc-272">
         <name>.debug_info</name>
         <load_address>0x1b41</load_address>
         <run_address>0x1b41</run_address>
         <size>0x353</size>
         <input_file_ref idref="fl-3"/>
      </object_component>
      <object_component id="oc-127">
         <name>.debug_info</name>
         <load_address>0x1e94</load_address>
         <run_address>0x1e94</run_address>
         <size>0xe91</size>
         <input_file_ref idref="fl-3"/>
      </object_component>
      <object_component id="oc-2e2">
         <name>.debug_info</name>
         <load_address>0x2d25</load_address>
         <run_address>0x2d25</run_address>
         <size>0x62</size>
         <input_file_ref idref="fl-3"/>
      </object_component>
      <object_component id="oc-208">
         <name>.debug_info</name>
         <load_address>0x2d87</load_address>
         <run_address>0x2d87</run_address>
         <size>0x2c</size>
         <input_file_ref idref="fl-3"/>
      </object_component>
      <object_component id="oc-91">
         <name>.debug_info</name>
         <load_address>0x2db3</load_address>
         <run_address>0x2db3</run_address>
         <size>0x2c</size>
         <input_file_ref idref="fl-3"/>
      </object_component>
      <object_component id="oc-1ff">
         <name>.debug_info</name>
         <load_address>0x2ddf</load_address>
         <run_address>0x2ddf</run_address>
         <size>0x605</size>
         <input_file_ref idref="fl-4"/>
      </object_component>
      <object_component id="oc-df">
         <name>.debug_info</name>
         <load_address>0x33e4</load_address>
         <run_address>0x33e4</run_address>
         <size>0xbc0</size>
         <input_file_ref idref="fl-4"/>
      </object_component>
      <object_component id="oc-1ac">
         <name>.debug_info</name>
         <load_address>0x3fa4</load_address>
         <run_address>0x3fa4</run_address>
         <size>0x110</size>
         <input_file_ref idref="fl-4"/>
      </object_component>
      <object_component id="oc-1fa">
         <name>.debug_info</name>
         <load_address>0x40b4</load_address>
         <run_address>0x40b4</run_address>
         <size>0x8b</size>
         <input_file_ref idref="fl-4"/>
      </object_component>
      <object_component id="oc-14c">
         <name>.debug_info</name>
         <load_address>0x413f</load_address>
         <run_address>0x413f</run_address>
         <size>0x18b</size>
         <input_file_ref idref="fl-4"/>
      </object_component>
      <object_component id="oc-14b">
         <name>.debug_info</name>
         <load_address>0x42ca</load_address>
         <run_address>0x42ca</run_address>
         <size>0x68d</size>
         <input_file_ref idref="fl-5"/>
      </object_component>
      <object_component id="oc-148">
         <name>.debug_info</name>
         <load_address>0x4957</load_address>
         <run_address>0x4957</run_address>
         <size>0xda</size>
         <input_file_ref idref="fl-5"/>
      </object_component>
      <object_component id="oc-aa">
         <name>.debug_info</name>
         <load_address>0x4a31</load_address>
         <run_address>0x4a31</run_address>
         <size>0x77d</size>
         <input_file_ref idref="fl-5"/>
      </object_component>
      <object_component id="oc-1a7">
         <name>.debug_info</name>
         <load_address>0x51ae</load_address>
         <run_address>0x51ae</run_address>
         <size>0x4e</size>
         <input_file_ref idref="fl-5"/>
      </object_component>
      <object_component id="oc-fe">
         <name>.debug_info</name>
         <load_address>0x51fc</load_address>
         <run_address>0x51fc</run_address>
         <size>0x39f</size>
         <input_file_ref idref="fl-7"/>
      </object_component>
      <object_component id="oc-35">
         <name>.debug_info</name>
         <load_address>0x559b</load_address>
         <run_address>0x559b</run_address>
         <size>0x2c8</size>
         <input_file_ref idref="fl-8"/>
      </object_component>
      <object_component id="oc-10">
         <name>.debug_info</name>
         <load_address>0x5863</load_address>
         <run_address>0x5863</run_address>
         <size>0x119</size>
         <input_file_ref idref="fl-8"/>
      </object_component>
      <object_component id="oc-2e">
         <name>.debug_info</name>
         <load_address>0x597c</load_address>
         <run_address>0x597c</run_address>
         <size>0x43a</size>
         <input_file_ref idref="fl-8"/>
      </object_component>
      <object_component id="oc-1a6">
         <name>.debug_info</name>
         <load_address>0x5db6</load_address>
         <run_address>0x5db6</run_address>
         <size>0x52a</size>
         <input_file_ref idref="fl-9"/>
      </object_component>
      <object_component id="oc-1a3">
         <name>.debug_info</name>
         <load_address>0x62e0</load_address>
         <run_address>0x62e0</run_address>
         <size>0x110</size>
         <input_file_ref idref="fl-9"/>
      </object_component>
      <object_component id="oc-dc">
         <name>.debug_info</name>
         <load_address>0x63f0</load_address>
         <run_address>0x63f0</run_address>
         <size>0x8ec</size>
         <input_file_ref idref="fl-9"/>
      </object_component>
      <object_component id="oc-234">
         <name>.debug_info</name>
         <load_address>0x6cdc</load_address>
         <run_address>0x6cdc</run_address>
         <size>0x1dd</size>
         <input_file_ref idref="fl-f"/>
      </object_component>
      <object_component id="oc-257">
         <name>.debug_info</name>
         <load_address>0x6eb9</load_address>
         <run_address>0x6eb9</run_address>
         <size>0x1d4</size>
         <input_file_ref idref="fl-f"/>
      </object_component>
      <object_component id="oc-378">
         <name>.debug_info</name>
         <load_address>0x708d</load_address>
         <run_address>0x708d</run_address>
         <size>0x220</size>
         <input_file_ref idref="fl-10"/>
      </object_component>
      <object_component id="oc-1ee">
         <name>.debug_info</name>
         <load_address>0x72ad</load_address>
         <run_address>0x72ad</run_address>
         <size>0x242</size>
         <input_file_ref idref="fl-10"/>
      </object_component>
      <object_component id="oc-1e2">
         <name>.debug_info</name>
         <load_address>0x74ef</load_address>
         <run_address>0x74ef</run_address>
         <size>0x18d</size>
         <input_file_ref idref="fl-10"/>
      </object_component>
      <object_component id="oc-1e8">
         <name>.debug_info</name>
         <load_address>0x767c</load_address>
         <run_address>0x767c</run_address>
         <size>0x1da</size>
         <input_file_ref idref="fl-10"/>
      </object_component>
      <object_component id="oc-1c4">
         <name>.debug_info</name>
         <load_address>0x7856</load_address>
         <run_address>0x7856</run_address>
         <size>0x1ca</size>
         <input_file_ref idref="fl-10"/>
      </object_component>
      <object_component id="oc-1b2">
         <name>.debug_info</name>
         <load_address>0x7a20</load_address>
         <run_address>0x7a20</run_address>
         <size>0x191</size>
         <input_file_ref idref="fl-10"/>
      </object_component>
      <object_component id="oc-1d0">
         <name>.debug_info</name>
         <load_address>0x7bb1</load_address>
         <run_address>0x7bb1</run_address>
         <size>0x20f</size>
         <input_file_ref idref="fl-10"/>
      </object_component>
      <object_component id="oc-1be">
         <name>.debug_info</name>
         <load_address>0x7dc0</load_address>
         <run_address>0x7dc0</run_address>
         <size>0x1be</size>
         <input_file_ref idref="fl-10"/>
      </object_component>
      <object_component id="oc-1ca">
         <name>.debug_info</name>
         <load_address>0x7f7e</load_address>
         <run_address>0x7f7e</run_address>
         <size>0x1a3</size>
         <input_file_ref idref="fl-10"/>
      </object_component>
      <object_component id="oc-1d6">
         <name>.debug_info</name>
         <load_address>0x8121</load_address>
         <run_address>0x8121</run_address>
         <size>0x1be</size>
         <input_file_ref idref="fl-10"/>
      </object_component>
      <object_component id="oc-1dc">
         <name>.debug_info</name>
         <load_address>0x82df</load_address>
         <run_address>0x82df</run_address>
         <size>0x193</size>
         <input_file_ref idref="fl-10"/>
      </object_component>
      <object_component id="oc-1b8">
         <name>.debug_info</name>
         <load_address>0x8472</load_address>
         <run_address>0x8472</run_address>
         <size>0x1cc</size>
         <input_file_ref idref="fl-10"/>
      </object_component>
      <object_component id="oc-38f">
         <name>.debug_info</name>
         <load_address>0x863e</load_address>
         <run_address>0x863e</run_address>
         <size>0x26b</size>
         <input_file_ref idref="fl-10"/>
      </object_component>
      <object_component id="oc-343">
         <name>.debug_info</name>
         <load_address>0x88a9</load_address>
         <run_address>0x88a9</run_address>
         <size>0x297</size>
         <input_file_ref idref="fl-10"/>
      </object_component>
      <object_component id="oc-2b5">
         <name>.debug_info</name>
         <load_address>0x8b40</load_address>
         <run_address>0x8b40</run_address>
         <size>0xbb</size>
         <input_file_ref idref="fl-10"/>
      </object_component>
      <object_component id="oc-2ca">
         <name>.debug_info</name>
         <load_address>0x8bfb</load_address>
         <run_address>0x8bfb</run_address>
         <size>0x201</size>
         <input_file_ref idref="fl-11"/>
      </object_component>
      <object_component id="oc-20e">
         <name>.debug_info</name>
         <load_address>0x8dfc</load_address>
         <run_address>0x8dfc</run_address>
         <size>0xf4</size>
         <input_file_ref idref="fl-11"/>
      </object_component>
      <object_component id="oc-ec">
         <name>.debug_info</name>
         <load_address>0x8ef0</load_address>
         <run_address>0x8ef0</run_address>
         <size>0x17c</size>
         <input_file_ref idref="fl-11"/>
      </object_component>
      <object_component id="oc-e6">
         <name>.debug_info</name>
         <load_address>0x906c</load_address>
         <run_address>0x906c</run_address>
         <size>0x1ae</size>
         <input_file_ref idref="fl-11"/>
      </object_component>
      <object_component id="oc-f2">
         <name>.debug_info</name>
         <load_address>0x921a</load_address>
         <run_address>0x921a</run_address>
         <size>0x19f</size>
         <input_file_ref idref="fl-11"/>
      </object_component>
      <object_component id="oc-34c">
         <name>.debug_info</name>
         <load_address>0x93b9</load_address>
         <run_address>0x93b9</run_address>
         <size>0x14e</size>
         <input_file_ref idref="fl-12"/>
      </object_component>
      <object_component id="oc-2d0">
         <name>.debug_info</name>
         <load_address>0x9507</load_address>
         <run_address>0x9507</run_address>
         <size>0xf6</size>
         <input_file_ref idref="fl-12"/>
      </object_component>
      <object_component id="oc-226">
         <name>.debug_info</name>
         <load_address>0x95fd</load_address>
         <run_address>0x95fd</run_address>
         <size>0x1bf</size>
         <input_file_ref idref="fl-12"/>
      </object_component>
      <object_component id="oc-2d6">
         <name>.debug_info</name>
         <load_address>0x97bc</load_address>
         <run_address>0x97bc</run_address>
         <size>0x20d</size>
         <input_file_ref idref="fl-12"/>
      </object_component>
      <object_component id="oc-244">
         <name>.debug_info</name>
         <load_address>0x99c9</load_address>
         <run_address>0x99c9</run_address>
         <size>0x1d4</size>
         <input_file_ref idref="fl-12"/>
      </object_component>
      <object_component id="oc-238">
         <name>.debug_info</name>
         <load_address>0x9b9d</load_address>
         <run_address>0x9b9d</run_address>
         <size>0x1d2</size>
         <input_file_ref idref="fl-12"/>
      </object_component>
      <object_component id="oc-23e">
         <name>.debug_info</name>
         <load_address>0x9d6f</load_address>
         <run_address>0x9d6f</run_address>
         <size>0x1d2</size>
         <input_file_ref idref="fl-12"/>
      </object_component>
      <object_component id="oc-22c">
         <name>.debug_info</name>
         <load_address>0x9f41</load_address>
         <run_address>0x9f41</run_address>
         <size>0x222</size>
         <input_file_ref idref="fl-12"/>
      </object_component>
      <object_component id="oc-24e">
         <name>.debug_info</name>
         <load_address>0xa163</load_address>
         <run_address>0xa163</run_address>
         <size>0x25e</size>
         <input_file_ref idref="fl-13"/>
      </object_component>
      <object_component id="oc-24a">
         <name>.debug_info</name>
         <load_address>0xa3c1</load_address>
         <run_address>0xa3c1</run_address>
         <size>0xff</size>
         <input_file_ref idref="fl-13"/>
      </object_component>
      <object_component id="oc-213">
         <name>.debug_info</name>
         <load_address>0xa4c0</load_address>
         <run_address>0xa4c0</run_address>
         <size>0x1a6</size>
         <input_file_ref idref="fl-13"/>
      </object_component>
      <object_component id="oc-104">
         <name>.debug_info</name>
         <load_address>0xa666</load_address>
         <run_address>0xa666</run_address>
         <size>0x1eb</size>
         <input_file_ref idref="fl-13"/>
      </object_component>
      <object_component id="oc-1f5">
         <name>.debug_info</name>
         <load_address>0xa851</load_address>
         <run_address>0xa851</run_address>
         <size>0x1ed</size>
         <input_file_ref idref="fl-13"/>
      </object_component>
      <object_component id="oc-116">
         <name>.debug_info</name>
         <load_address>0xaa3e</load_address>
         <run_address>0xaa3e</run_address>
         <size>0x216</size>
         <input_file_ref idref="fl-13"/>
      </object_component>
      <object_component id="oc-10a">
         <name>.debug_info</name>
         <load_address>0xac54</load_address>
         <run_address>0xac54</run_address>
         <size>0x1c0</size>
         <input_file_ref idref="fl-13"/>
      </object_component>
      <object_component id="oc-f8">
         <name>.debug_info</name>
         <load_address>0xae14</load_address>
         <run_address>0xae14</run_address>
         <size>0x283</size>
         <input_file_ref idref="fl-13"/>
      </object_component>
      <object_component id="oc-219">
         <name>.debug_info</name>
         <load_address>0xb097</load_address>
         <run_address>0xb097</run_address>
         <size>0x1bf</size>
         <input_file_ref idref="fl-13"/>
      </object_component>
      <object_component id="oc-21f">
         <name>.debug_info</name>
         <load_address>0xb256</load_address>
         <run_address>0xb256</run_address>
         <size>0x1d4</size>
         <input_file_ref idref="fl-13"/>
      </object_component>
      <object_component id="oc-2eb">
         <name>.debug_info</name>
         <load_address>0xb42a</load_address>
         <run_address>0xb42a</run_address>
         <size>0x232</size>
         <input_file_ref idref="fl-14"/>
      </object_component>
      <object_component id="oc-121">
         <name>.debug_info</name>
         <load_address>0xb65c</load_address>
         <run_address>0xb65c</run_address>
         <size>0x179</size>
         <input_file_ref idref="fl-14"/>
      </object_component>
      <object_component id="oc-10f">
         <name>.debug_info</name>
         <load_address>0xb7d5</load_address>
         <run_address>0xb7d5</run_address>
         <size>0x177</size>
         <input_file_ref idref="fl-14"/>
      </object_component>
      <object_component id="oc-11b">
         <name>.debug_info</name>
         <load_address>0xb94c</load_address>
         <run_address>0xb94c</run_address>
         <size>0x28e</size>
         <input_file_ref idref="fl-14"/>
      </object_component>
      <object_component id="oc-266">
         <name>.debug_info</name>
         <load_address>0xbbda</load_address>
         <run_address>0xbbda</run_address>
         <size>0x1aa</size>
         <input_file_ref idref="fl-14"/>
      </object_component>
      <object_component id="oc-260">
         <name>.debug_info</name>
         <load_address>0xbd84</load_address>
         <run_address>0xbd84</run_address>
         <size>0x1a6</size>
         <input_file_ref idref="fl-14"/>
      </object_component>
      <object_component id="oc-25a">
         <name>.debug_info</name>
         <load_address>0xbf2a</load_address>
         <run_address>0xbf2a</run_address>
         <size>0x17d</size>
         <input_file_ref idref="fl-14"/>
      </object_component>
      <object_component id="oc-26c">
         <name>.debug_info</name>
         <load_address>0xc0a7</load_address>
         <run_address>0xc0a7</run_address>
         <size>0x17f</size>
         <input_file_ref idref="fl-14"/>
      </object_component>
      <object_component id="oc-173">
         <name>.debug_info</name>
         <load_address>0xc226</load_address>
         <run_address>0xc226</run_address>
         <size>0x25c</size>
         <input_file_ref idref="fl-15"/>
      </object_component>
      <object_component id="oc-28d">
         <name>.debug_info</name>
         <load_address>0xc482</load_address>
         <run_address>0xc482</run_address>
         <size>0x17e</size>
         <input_file_ref idref="fl-15"/>
      </object_component>
      <object_component id="oc-287">
         <name>.debug_info</name>
         <load_address>0xc600</load_address>
         <run_address>0xc600</run_address>
         <size>0x180</size>
         <input_file_ref idref="fl-15"/>
      </object_component>
      <object_component id="oc-185">
         <name>.debug_info</name>
         <load_address>0xc780</load_address>
         <run_address>0xc780</run_address>
         <size>0x18a</size>
         <input_file_ref idref="fl-15"/>
      </object_component>
      <object_component id="oc-18b">
         <name>.debug_info</name>
         <load_address>0xc90a</load_address>
         <run_address>0xc90a</run_address>
         <size>0x19a</size>
         <input_file_ref idref="fl-15"/>
      </object_component>
      <object_component id="oc-179">
         <name>.debug_info</name>
         <load_address>0xcaa4</load_address>
         <run_address>0xcaa4</run_address>
         <size>0x1ab</size>
         <input_file_ref idref="fl-15"/>
      </object_component>
      <object_component id="oc-203">
         <name>.debug_info</name>
         <load_address>0xcc4f</load_address>
         <run_address>0xcc4f</run_address>
         <size>0x14e</size>
         <input_file_ref idref="fl-17"/>
      </object_component>
      <object_component id="oc-26">
         <name>.debug_info</name>
         <load_address>0xcd9d</load_address>
         <run_address>0xcd9d</run_address>
         <size>0x160</size>
         <input_file_ref idref="fl-ce"/>
      </object_component>
      <object_component id="oc-87">
         <name>.debug_info</name>
         <load_address>0xcefd</load_address>
         <run_address>0xcefd</run_address>
         <size>0x293</size>
         <input_file_ref idref="fl-cf"/>
      </object_component>
      <object_component id="oc-16">
         <name>.debug_info</name>
         <load_address>0xd190</load_address>
         <run_address>0xd190</run_address>
         <size>0x245</size>
         <input_file_ref idref="fl-cf"/>
      </object_component>
      <object_component id="oc-37">
         <name>.debug_info</name>
         <load_address>0xd3d5</load_address>
         <run_address>0xd3d5</run_address>
         <size>0x60</size>
         <input_file_ref idref="fl-cf"/>
      </object_component>
      <object_component id="oc-82">
         <name>.debug_info</name>
         <load_address>0xd435</load_address>
         <run_address>0xd435</run_address>
         <size>0x46</size>
         <input_file_ref idref="fl-cf"/>
      </object_component>
      <object_component id="oc-4c">
         <name>.debug_info</name>
         <load_address>0xd47b</load_address>
         <run_address>0xd47b</run_address>
         <size>0x2da</size>
         <input_file_ref idref="fl-d0"/>
      </object_component>
      <object_component id="oc-19">
         <name>.debug_info</name>
         <load_address>0xd755</load_address>
         <run_address>0xd755</run_address>
         <size>0x1df</size>
         <input_file_ref idref="fl-d0"/>
      </object_component>
      <object_component id="oc-47">
         <name>.debug_info</name>
         <load_address>0xd934</load_address>
         <run_address>0xd934</run_address>
         <size>0x46</size>
         <input_file_ref idref="fl-d0"/>
      </object_component>
      <object_component id="oc-89">
         <name>.debug_info</name>
         <load_address>0xd97a</load_address>
         <run_address>0xd97a</run_address>
         <size>0x2c</size>
         <input_file_ref idref="fl-d0"/>
      </object_component>
      <object_component id="oc-58">
         <name>.debug_info</name>
         <load_address>0xd9a6</load_address>
         <run_address>0xd9a6</run_address>
         <size>0x2c9</size>
         <input_file_ref idref="fl-d1"/>
      </object_component>
      <object_component id="oc-21">
         <name>.debug_info</name>
         <load_address>0xdc6f</load_address>
         <run_address>0xdc6f</run_address>
         <size>0x1aa</size>
         <input_file_ref idref="fl-d1"/>
      </object_component>
      <object_component id="oc-53">
         <name>.debug_info</name>
         <load_address>0xde19</load_address>
         <run_address>0xde19</run_address>
         <size>0x46</size>
         <input_file_ref idref="fl-d1"/>
      </object_component>
      <object_component id="oc-b7">
         <name>.debug_info</name>
         <load_address>0xde5f</load_address>
         <run_address>0xde5f</run_address>
         <size>0x3ce</size>
         <input_file_ref idref="fl-d2"/>
      </object_component>
      <object_component id="oc-b1">
         <name>.debug_info</name>
         <load_address>0xe22d</load_address>
         <run_address>0xe22d</run_address>
         <size>0x185</size>
         <input_file_ref idref="fl-d2"/>
      </object_component>
      <object_component id="oc-72">
         <name>.debug_info</name>
         <load_address>0xe3b2</load_address>
         <run_address>0xe3b2</run_address>
         <size>0x214</size>
         <input_file_ref idref="fl-d2"/>
      </object_component>
      <object_component id="oc-13a">
         <name>.debug_info</name>
         <load_address>0xe5c6</load_address>
         <run_address>0xe5c6</run_address>
         <size>0x132</size>
         <input_file_ref idref="fl-d3"/>
      </object_component>
      <object_component id="oc-13e">
         <name>.debug_info</name>
         <load_address>0xe6f8</load_address>
         <run_address>0xe6f8</run_address>
         <size>0x132</size>
         <input_file_ref idref="fl-d4"/>
      </object_component>
      <object_component id="oc-142">
         <name>.debug_info</name>
         <load_address>0xe82a</load_address>
         <run_address>0xe82a</run_address>
         <size>0x126</size>
         <input_file_ref idref="fl-d5"/>
      </object_component>
      <object_component id="oc-134">
         <name>.debug_info</name>
         <load_address>0xe950</load_address>
         <run_address>0xe950</run_address>
         <size>0x124</size>
         <input_file_ref idref="fl-d6"/>
      </object_component>
      <object_component id="oc-42">
         <name>.debug_info</name>
         <load_address>0xea74</load_address>
         <run_address>0xea74</run_address>
         <size>0x111</size>
         <input_file_ref idref="fl-d7"/>
      </object_component>
      <object_component id="oc-2ab">
         <name>.debug_info</name>
         <load_address>0xeb85</load_address>
         <run_address>0xeb85</run_address>
         <size>0x2c6</size>
         <input_file_ref idref="fl-d8"/>
      </object_component>
      <object_component id="oc-199">
         <name>.debug_info</name>
         <load_address>0xee4b</load_address>
         <run_address>0xee4b</run_address>
         <size>0x1ab</size>
         <input_file_ref idref="fl-d8"/>
      </object_component>
      <object_component id="oc-7d">
         <name>.debug_info</name>
         <load_address>0xeff6</load_address>
         <run_address>0xeff6</run_address>
         <size>0x3bc</size>
         <input_file_ref idref="fl-d9"/>
      </object_component>
      <object_component id="oc-2b">
         <name>.debug_info</name>
         <load_address>0xf3b2</load_address>
         <run_address>0xf3b2</run_address>
         <size>0x101</size>
         <input_file_ref idref="fl-d9"/>
      </object_component>
      <object_component id="oc-2ad">
         <name>.debug_info</name>
         <load_address>0xf4b3</load_address>
         <run_address>0xf4b3</run_address>
         <size>0x14c</size>
         <input_file_ref idref="fl-d9"/>
      </object_component>
      <object_component id="oc-19d">
         <name>.debug_info</name>
         <load_address>0xf5ff</load_address>
         <run_address>0xf5ff</run_address>
         <size>0x885</size>
         <input_file_ref idref="fl-d9"/>
      </object_component>
      <object_component id="oc-bd">
         <name>.debug_info</name>
         <load_address>0xfe84</load_address>
         <run_address>0xfe84</run_address>
         <size>0x2c</size>
         <input_file_ref idref="fl-d9"/>
      </object_component>
      <object_component id="oc-c2">
         <name>.debug_info</name>
         <load_address>0xfeb0</load_address>
         <run_address>0xfeb0</run_address>
         <size>0x62</size>
         <input_file_ref idref="fl-d9"/>
      </object_component>
      <object_component id="oc-4f">
         <name>.debug_info</name>
         <load_address>0xff12</load_address>
         <run_address>0xff12</run_address>
         <size>0x13f</size>
         <input_file_ref idref="fl-da"/>
      </object_component>
      <object_component id="oc-5a">
         <name>.debug_info</name>
         <load_address>0x10051</load_address>
         <run_address>0x10051</run_address>
         <size>0x138</size>
         <input_file_ref idref="fl-db"/>
      </object_component>
      <object_component id="oc-61">
         <name>.debug_info</name>
         <load_address>0x10189</load_address>
         <run_address>0x10189</run_address>
         <size>0x148</size>
         <input_file_ref idref="fl-dc"/>
      </object_component>
      <object_component id="oc-78">
         <name>.debug_info</name>
         <load_address>0x102d1</load_address>
         <run_address>0x102d1</run_address>
         <size>0x109</size>
         <input_file_ref idref="fl-dd"/>
      </object_component>
      <object_component id="oc-2a9">
         <name>.debug_info</name>
         <load_address>0x103da</load_address>
         <run_address>0x103da</run_address>
         <size>0x284</size>
         <input_file_ref idref="fl-de"/>
      </object_component>
      <object_component id="oc-193">
         <name>.debug_info</name>
         <load_address>0x1065e</load_address>
         <run_address>0x1065e</run_address>
         <size>0x22a</size>
         <input_file_ref idref="fl-de"/>
      </object_component>
      <object_component id="oc-2f8">
         <name>.debug_info</name>
         <load_address>0x10888</load_address>
         <run_address>0x10888</run_address>
         <size>0x17d</size>
         <input_file_ref idref="fl-df"/>
      </object_component>
      <object_component id="oc-29b">
         <name>.debug_info</name>
         <load_address>0x10a05</load_address>
         <run_address>0x10a05</run_address>
         <size>0x362</size>
         <input_file_ref idref="fl-e0"/>
      </object_component>
      <object_component id="oc-17f">
         <name>.debug_info</name>
         <load_address>0x10d67</load_address>
         <run_address>0x10d67</run_address>
         <size>0x35c</size>
         <input_file_ref idref="fl-e0"/>
      </object_component>
      <object_component id="oc-29c">
         <name>.debug_info</name>
         <load_address>0x110c3</load_address>
         <run_address>0x110c3</run_address>
         <size>0x2c</size>
         <input_file_ref idref="fl-e0"/>
      </object_component>
      <object_component id="oc-2a1">
         <name>.debug_info</name>
         <load_address>0x110ef</load_address>
         <run_address>0x110ef</run_address>
         <size>0x69</size>
         <input_file_ref idref="fl-e0"/>
      </object_component>
      <object_component id="oc-162">
         <name>.debug_info</name>
         <load_address>0x11158</load_address>
         <run_address>0x11158</run_address>
         <size>0x2be</size>
         <input_file_ref idref="fl-e1"/>
      </object_component>
      <object_component id="oc-b4">
         <name>.debug_info</name>
         <load_address>0x11416</load_address>
         <run_address>0x11416</run_address>
         <size>0x113</size>
         <input_file_ref idref="fl-e1"/>
      </object_component>
      <object_component id="oc-15b">
         <name>.debug_info</name>
         <load_address>0x11529</load_address>
         <run_address>0x11529</run_address>
         <size>0x21f</size>
         <input_file_ref idref="fl-e1"/>
      </object_component>
      <object_component id="oc-330">
         <name>.debug_info</name>
         <load_address>0x11748</load_address>
         <run_address>0x11748</run_address>
         <size>0x51f</size>
         <input_file_ref idref="fl-e2"/>
      </object_component>
      <object_component id="oc-295">
         <name>.debug_info</name>
         <load_address>0x11c67</load_address>
         <run_address>0x11c67</run_address>
         <size>0x1543</size>
         <input_file_ref idref="fl-e2"/>
      </object_component>
      <object_component id="oc-331">
         <name>.debug_info</name>
         <load_address>0x131aa</load_address>
         <run_address>0x131aa</run_address>
         <size>0x86</size>
         <input_file_ref idref="fl-e2"/>
      </object_component>
      <object_component id="oc-373">
         <name>.debug_info</name>
         <load_address>0x13230</load_address>
         <run_address>0x13230</run_address>
         <size>0x46</size>
         <input_file_ref idref="fl-e2"/>
      </object_component>
      <object_component id="oc-336">
         <name>.debug_info</name>
         <load_address>0x13276</load_address>
         <run_address>0x13276</run_address>
         <size>0x39</size>
         <input_file_ref idref="fl-e2"/>
      </object_component>
      <object_component id="oc-af">
         <name>.debug_info</name>
         <load_address>0x132af</load_address>
         <run_address>0x132af</run_address>
         <size>0x300</size>
         <input_file_ref idref="fl-e3"/>
      </object_component>
      <object_component id="oc-6e">
         <name>.debug_info</name>
         <load_address>0x135af</load_address>
         <run_address>0x135af</run_address>
         <size>0x167</size>
         <input_file_ref idref="fl-e3"/>
      </object_component>
      <object_component id="oc-153">
         <name>.debug_info</name>
         <load_address>0x13716</load_address>
         <run_address>0x13716</run_address>
         <size>0x5e</size>
         <input_file_ref idref="fl-e3"/>
      </object_component>
      <object_component id="oc-36e">
         <name>.debug_info</name>
         <load_address>0x13774</load_address>
         <run_address>0x13774</run_address>
         <size>0x2ae</size>
         <input_file_ref idref="fl-e4"/>
      </object_component>
      <object_component id="oc-326">
         <name>.debug_info</name>
         <load_address>0x13a22</load_address>
         <run_address>0x13a22</run_address>
         <size>0x171</size>
         <input_file_ref idref="fl-e4"/>
      </object_component>
      <object_component id="oc-a7">
         <name>.debug_info</name>
         <load_address>0x13b93</load_address>
         <run_address>0x13b93</run_address>
         <size>0x483</size>
         <input_file_ref idref="fl-e5"/>
      </object_component>
      <object_component id="oc-67">
         <name>.debug_info</name>
         <load_address>0x14016</load_address>
         <run_address>0x14016</run_address>
         <size>0x190</size>
         <input_file_ref idref="fl-e5"/>
      </object_component>
      <object_component id="oc-ce">
         <name>.debug_info</name>
         <load_address>0x141a6</load_address>
         <run_address>0x141a6</run_address>
         <size>0x39</size>
         <input_file_ref idref="fl-e5"/>
      </object_component>
      <object_component id="oc-16d">
         <name>.debug_info</name>
         <load_address>0x141df</load_address>
         <run_address>0x141df</run_address>
         <size>0x39</size>
         <input_file_ref idref="fl-e5"/>
      </object_component>
      <object_component id="oc-d3">
         <name>.debug_info</name>
         <load_address>0x14218</load_address>
         <run_address>0x14218</run_address>
         <size>0xcd</size>
         <input_file_ref idref="fl-e5"/>
      </object_component>
      <object_component id="oc-ca">
         <name>.debug_info</name>
         <load_address>0x142e5</load_address>
         <run_address>0x142e5</run_address>
         <size>0x37a</size>
         <input_file_ref idref="fl-e6"/>
      </object_component>
      <object_component id="oc-9b">
         <name>.debug_info</name>
         <load_address>0x1465f</load_address>
         <run_address>0x1465f</run_address>
         <size>0x183</size>
         <input_file_ref idref="fl-e6"/>
      </object_component>
      <object_component id="oc-168">
         <name>.debug_info</name>
         <load_address>0x147e2</load_address>
         <run_address>0x147e2</run_address>
         <size>0x2c</size>
         <input_file_ref idref="fl-e6"/>
      </object_component>
      <object_component id="oc-388">
         <name>.debug_info</name>
         <load_address>0x1480e</load_address>
         <run_address>0x1480e</run_address>
         <size>0xee</size>
         <input_file_ref idref="fl-e7"/>
      </object_component>
      <object_component id="oc-36b">
         <name>.debug_info</name>
         <load_address>0x148fc</load_address>
         <run_address>0x148fc</run_address>
         <size>0xfa</size>
         <input_file_ref idref="fl-e7"/>
      </object_component>
      <object_component id="oc-30d">
         <name>.debug_info</name>
         <load_address>0x149f6</load_address>
         <run_address>0x149f6</run_address>
         <size>0x144</size>
         <input_file_ref idref="fl-e8"/>
      </object_component>
      <object_component id="oc-2fe">
         <name>.debug_info</name>
         <load_address>0x14b3a</load_address>
         <run_address>0x14b3a</run_address>
         <size>0x120</size>
         <input_file_ref idref="fl-e9"/>
      </object_component>
      <object_component id="oc-302">
         <name>.debug_info</name>
         <load_address>0x14c5a</load_address>
         <run_address>0x14c5a</run_address>
         <size>0x122</size>
         <input_file_ref idref="fl-e9"/>
      </object_component>
      <object_component id="oc-354">
         <name>.debug_info</name>
         <load_address>0x14d7c</load_address>
         <run_address>0x14d7c</run_address>
         <size>0x2e6</size>
         <input_file_ref idref="fl-ea"/>
      </object_component>
      <object_component id="oc-30a">
         <name>.debug_info</name>
         <load_address>0x15062</load_address>
         <run_address>0x15062</run_address>
         <size>0x1c2</size>
         <input_file_ref idref="fl-ea"/>
      </object_component>
      <object_component id="oc-370">
         <name>.debug_info</name>
         <load_address>0x15224</load_address>
         <run_address>0x15224</run_address>
         <size>0x28b</size>
         <input_file_ref idref="fl-eb"/>
      </object_component>
      <object_component id="oc-32b">
         <name>.debug_info</name>
         <load_address>0x154af</load_address>
         <run_address>0x154af</run_address>
         <size>0x1ab</size>
         <input_file_ref idref="fl-eb"/>
      </object_component>
      <object_component id="oc-357">
         <name>.debug_info</name>
         <load_address>0x1565a</load_address>
         <run_address>0x1565a</run_address>
         <size>0x2d9</size>
         <input_file_ref idref="fl-ec"/>
      </object_component>
      <object_component id="oc-315">
         <name>.debug_info</name>
         <load_address>0x15933</load_address>
         <run_address>0x15933</run_address>
         <size>0x18a</size>
         <input_file_ref idref="fl-ec"/>
[...]
      <symbol id="sm-1b4">
         <name>g_pfnVectors</name>
         <value>0x20004000</value>
         <object_component_ref idref="oc-f"/>
      </symbol>
      <symbol id="sm-1f1">
         <name>GetCmd</name>
         <value>0x20006ebf</value>
         <object_component_ref idref="oc-d8"/>
      </symbol>
      <symbol id="sm-1f2">
         <name>Message</name>
         <value>0x20006e5b</value>
         <object_component_ref idref="oc-d8"/>
      </symbol>
      <symbol id="sm-1f3">
         <name>Report</name>
         <value>0x20006ffd</value>
         <object_component_ref idref="oc-d8"/>
      </symbol>
      <symbol id="sm-1f4">
         <name>Error</name>
         <value>0x20006e87</value>
         <object_component_ref idref="oc-d8"/>
      </symbol>
      <symbol id="sm-1f5">
         <name>InitTerm</name>
         <value>0x20006e3d</value>
         <object_component_ref idref="oc-d8"/>
      </symbol>
      <symbol id="sm-1f6">
         <name>ClearTerm</name>
         <value>0x20006e7d</value>
         <object_component_ref idref="oc-d8"/>
      </symbol>
      <symbol id="sm-1f7">
         <name>TrimSpace</name>
         <value>0x20006f65</value>
         <object_component_ref idref="oc-d8"/>
      </symbol>
      <symbol id="sm-20b">
         <name>GPIODirModeSet</name>
         <value>0x2000841d</value>
         <object_component_ref idref="oc-230"/>
      </symbol>
      <symbol id="sm-20c">
         <name>GPIOPinWrite</name>
         <value>0x200085f1</value>
         <object_component_ref idref="oc-253"/>
      </symbol>
      <symbol id="sm-285">
         <name>I2CMasterDataPut</name>
         <value>0x200087a5</value>
         <object_component_ref idref="oc-1d5"/>
      </symbol>
      <symbol id="sm-286">
         <name>I2CMasterInitExpClk</name>
         <value>0x20007ebd</value>
         <object_component_ref idref="oc-1ed"/>
      </symbol>
      <symbol id="sm-287">
         <name>I2CMasterSlaveAddrSet</name>
         <value>0x200085ad</value>
         <object_component_ref idref="oc-1cf"/>
      </symbol>
      <symbol id="sm-288">
         <name>I2CMasterDataGet</name>
         <value>0x200088b1</value>
         <object_component_ref idref="oc-1db"/>
      </symbol>
      <symbol id="sm-289">
         <name>I2CMasterIntEnableEx</name>
         <value>0x20008713</value>
         <object_component_ref idref="oc-1e7"/>
      </symbol>
      <symbol id="sm-28a">
         <name>I2CMasterErr</name>
         <value>0x200084e3</value>
         <object_component_ref idref="oc-1c9"/>
      </symbol>
      <symbol id="sm-28b">
         <name>I2CMasterTimeoutSet</name>
         <value>0x2000889f</value>
         <object_component_ref idref="oc-1b7"/>
      </symbol>
      <symbol id="sm-28c">
         <name>I2CMasterControl</name>
         <value>0x2000888d</value>
         <object_component_ref idref="oc-1bd"/>
      </symbol>
      <symbol id="sm-28d">
         <name>I2CMasterEnable</name>
         <value>0x200087bb</value>
         <object_component_ref idref="oc-1e1"/>
      </symbol>
      <symbol id="sm-28e">
         <name>I2CMasterIntStatusEx</name>
         <value>0x20008631</value>
         <object_component_ref idref="oc-1c3"/>
      </symbol>
      <symbol id="sm-28f">
         <name>I2CMasterIntClear</name>
         <value>0x200087d1</value>
         <object_component_ref idref="oc-1b1"/>
      </symbol>
      <symbol id="sm-2be">
         <name>IntVTableBaseSet</name>
         <value>0x2000883d</value>
         <object_component_ref idref="oc-e4"/>
      </symbol>
      <symbol id="sm-2bf">
         <name>IntEnable</name>
         <value>0x20007a29</value>
         <object_component_ref idref="oc-f0"/>
      </symbol>
      <symbol id="sm-2c0">
         <name>IntMasterEnable</name>
         <value>0x200088e7</value>
         <object_component_ref idref="oc-ea"/>
      </symbol>
      <symbol id="sm-307">
         <name>PinTypeI2C</name>
         <value>0x2000868b</value>
         <object_component_ref idref="oc-236"/>
      </symbol>
      <symbol id="sm-308">
         <name>PinTypeUART</name>
         <value>0x200086f9</value>
         <object_component_ref idref="oc-242"/>
      </symbol>
      <symbol id="sm-309">
         <name>PinTypeGPIO</name>
         <value>0x20008453</value>
         <object_component_ref idref="oc-22a"/>
      </symbol>
      <symbol id="sm-30a">
         <name>PinConfigSet</name>
         <value>0x20007ca1</value>
         <object_component_ref idref="oc-2d3"/>
      </symbol>
      <symbol id="sm-30b">
         <name>PinTypeSPI</name>
         <value>0x200086df</value>
         <object_component_ref idref="oc-23c"/>
      </symbol>
      <symbol id="sm-30c">
         <name>PinModeSet</name>
         <value>0x200083a1</value>
         <object_component_ref idref="oc-224"/>
      </symbol>
      <symbol id="sm-392">
         <name>PRCMPeripheralReset</name>
         <value>0x2000816d</value>
         <object_component_ref idref="oc-108"/>
      </symbol>
      <symbol id="sm-393">
         <name>PRCMPeripheralClkEnable</name>
         <value>0x200083e1</value>
         <object_component_ref idref="oc-102"/>
      </symbol>
      <symbol id="sm-394">
         <name>PRCMPeripheralClockGet</name>
         <value>0x20007c0d</value>
         <object_component_ref idref="oc-114"/>
      </symbol>
      <symbol id="sm-395">
         <name>PRCMCC3200MCUInit</name>
         <value>0x20007469</value>
         <object_component_ref idref="oc-f6"/>
      </symbol>
      <symbol id="sm-396">
         <name>PRCMHIBRegWrite</name>
         <value>0x200087fd</value>
         <object_component_ref idref="oc-21d"/>
      </symbol>
      <symbol id="sm-397">
         <name>PRCMSysResetCauseGet</name>
         <value>0x20008511</value>
         <object_component_ref idref="oc-211"/>
      </symbol>
      <symbol id="sm-398">
         <name>PRCMPeripheralClkDisable</name>
         <value>0x2000853d</value>
         <object_component_ref idref="oc-1f3"/>
      </symbol>
      <symbol id="sm-399">
         <name>PRCMHIBRegRead</name>
         <value>0x200087e7</value>
         <object_component_ref idref="oc-217"/>
      </symbol>
      <symbol id="sm-3de">
         <name>SPICSEnable</name>
         <value>0x20008743</value>
         <object_component_ref idref="oc-259"/>
      </symbol>
      <symbol id="sm-3df">
         <name>SPIDataPut</name>
         <value>0x2000864f</value>
         <object_component_ref idref="oc-25f"/>
      </symbol>
      <symbol id="sm-3e0">
         <name>SPIEnable</name>
         <value>0x2000875b</value>
         <object_component_ref idref="oc-120"/>
      </symbol>
      <symbol id="sm-3e1">
         <name>SPIDataGet</name>
         <value>0x20008611</value>
         <object_component_ref idref="oc-265"/>
      </symbol>
      <symbol id="sm-3e2">
         <name>SPIConfigSetExpClk</name>
         <value>0x20007ad1</value>
         <object_component_ref idref="oc-11a"/>
      </symbol>
      <symbol id="sm-3e3">
         <name>SPIReset</name>
         <value>0x200085cf</value>
         <object_component_ref idref="oc-10e"/>
      </symbol>
      <symbol id="sm-3e4">
         <name>SPICSDisable</name>
         <value>0x2000872b</value>
         <object_component_ref idref="oc-26b"/>
      </symbol>
      <symbol id="sm-420">
         <name>UARTConfigSetExpClk</name>
         <value>0x20007fbb</value>
         <object_component_ref idref="oc-172"/>
      </symbol>
      <symbol id="sm-421">
         <name>UARTDisable</name>
         <value>0x20008485</value>
         <object_component_ref idref="oc-286"/>
      </symbol>
      <symbol id="sm-422">
         <name>UARTCharsAvail</name>
         <value>0x20008773</value>
         <object_component_ref idref="oc-184"/>
      </symbol>
      <symbol id="sm-423">
         <name>UARTCharGetNonBlocking</name>
         <value>0x200086a7</value>
         <object_component_ref idref="oc-18a"/>
      </symbol>
      <symbol id="sm-424">
         <name>UARTCharPut</name>
         <value>0x2000866d</value>
         <object_component_ref idref="oc-178"/>
      </symbol>
      <symbol id="sm-425">
         <name>UARTEnable</name>
         <value>0x20008565</value>
         <object_component_ref idref="oc-28c"/>
      </symbol>
      <symbol id="sm-429">
         <name>UtilsDelay</name>
         <value>0x200088f1</value>
         <object_component_ref idref="oc-2cc"/>
      </symbol>
      <symbol id="sm-433">
         <name>CPUcpsie</name>
         <value>0x20008829</value>
         <object_component_ref idref="oc-201"/>
      </symbol>
      <symbol id="sm-445">
         <name>_c_int00</name>
         <value>0x200081c5</value>
         <object_component_ref idref="oc-24"/>
      </symbol>
      <symbol id="sm-446">
         <name>__stack</name>
         <value>0x2002f800</value>
         <object_component_ref idref="oc-29"/>
      </symbol>
      <symbol id="sm-464">
         <name>__TI_decompress_lzss</name>
         <value>0x200080a1</value>
         <object_component_ref idref="oc-12"/>
      </symbol>
      <symbol id="sm-47b">
         <name>__TI_decompress_none</name>
         <value>0x200088bf</value>
         <object_component_ref idref="oc-18"/>
      </symbol>
      <symbol id="sm-48d">
         <name>__TI_zero_init</name>
         <value>0x200088db</value>
         <object_component_ref idref="oc-1e"/>
      </symbol>
      <symbol id="sm-4ae">
         <name>C$$EXIT</name>
         <value>0x20008219</value>
         <object_component_ref idref="oc-71"/>
      </symbol>
      <symbol id="sm-4af">
         <name>abort</name>
         <value>0x2000821d</value>
         <object_component_ref idref="oc-71"/>
      </symbol>
      <symbol id="sm-4b0">
         <name>exit</name>
         <value>0x20008225</value>
         <object_component_ref idref="oc-71"/>
      </symbol>
      <symbol id="sm-4b1">
         <name>__TI_dtors_ptr</name>
         <value>0x2001781c</value>
         <object_component_ref idref="oc-b0"/>
      </symbol>
      <symbol id="sm-4b2">
         <name>__TI_cleanup_ptr</name>
         <value>0x20017818</value>
         <object_component_ref idref="oc-b0"/>
      </symbol>
      <symbol id="sm-4b3">
         <name>__TI_enable_exit_profile_output</name>
         <value>0x20017820</value>
         <object_component_ref idref="oc-b0"/>
      </symbol>
      <symbol id="sm-4c7">
         <name>__aeabi_ddiv</name>
         <value>0x200075e1</value>
         <object_component_ref idref="oc-137"/>
      </symbol>
      <symbol id="sm-4d2">
         <name>__aeabi_dmul</name>
         <value>0x20007831</value>
         <object_component_ref idref="oc-13c"/>
      </symbol>
      <symbol id="sm-4dc">
         <name>__aeabi_d2iz</name>
         <value>0x20008359</value>
         <object_component_ref idref="oc-141"/>
      </symbol>
      <symbol id="sm-4e6">
         <name>__aeabi_i2d</name>
         <value>0x200084b5</value>
         <object_component_ref idref="oc-132"/>
      </symbol>
      <symbol id="sm-501">
         <name>memcpy</name>
         <value>0x20007b71</value>
         <object_component_ref idref="oc-41"/>
      </symbol>
      <symbol id="sm-502">
         <name>__aeabi_memcpy</name>
         <value>0x20007b71</value>
         <object_component_ref idref="oc-41"/>
      </symbol>
      <symbol id="sm-503">
         <name>__aeabi_memcpy8</name>
         <value>0x20007b71</value>
         <object_component_ref idref="oc-41"/>
      </symbol>
      <symbol id="sm-504">
         <name>__aeabi_memcpy4</name>
         <value>0x20007b71</value>
         <object_component_ref idref="oc-41"/>
      </symbol>
      <symbol id="sm-514">
         <name>memmove</name>
         <value>0x20008589</value>
         <object_component_ref idref="oc-196"/>
      </symbol>
      <symbol id="sm-588">
         <name>_sys_memory</name>
         <value>0x20017000</value>
         <object_component_ref idref="oc-2a"/>
      </symbol>
      <symbol id="sm-589">
         <name>free</name>
         <value>0x20006563</value>
         <object_component_ref idref="oc-19c"/>
      </symbol>
      <symbol id="sm-58a">
         <name>realloc</name>
         <value>0x20006625</value>
         <object_component_ref idref="oc-19c"/>
      </symbol>
      <symbol id="sm-58b">
         <name>memalign</name>
         <value>0x2000672d</value>
         <object_component_ref idref="oc-19c"/>
      </symbol>
      <symbol id="sm-58c">
         <name>calloc</name>
         <value>0x20006819</value>
         <object_component_ref idref="oc-19c"/>
      </symbol>
      <symbol id="sm-58d">
         <name>malloc</name>
         <value>0x200064f9</value>
         <object_component_ref idref="oc-19c"/>
      </symbol>
      <symbol id="sm-58e">
         <name>minit</name>
         <value>0x20006479</value>
         <object_component_ref idref="oc-19c"/>
      </symbol>
      <symbol id="sm-59d">
         <name>__aeabi_memset</name>
         <value>0x20007f43</value>
         <object_component_ref idref="oc-4d"/>
      </symbol>
      <symbol id="sm-59e">
         <name>memset</name>
         <value>0x20007f49</value>
         <object_component_ref idref="oc-4d"/>
      </symbol>
      <symbol id="sm-59f">
         <name>__aeabi_memset8</name>
         <value>0x20007f43</value>
         <object_component_ref idref="oc-4d"/>
      </symbol>
      <symbol id="sm-5a0">
         <name>__aeabi_memset4</name>
         <value>0x20007f43</value>
         <object_component_ref idref="oc-4d"/>
      </symbol>
      <symbol id="sm-5a1">
         <name>__aeabi_memclr8</name>
         <value>0x20007f41</value>
         <object_component_ref idref="oc-4d"/>
      </symbol>
      <symbol id="sm-5a2">
         <name>__aeabi_memclr4</name>
         <value>0x20007f41</value>
         <object_component_ref idref="oc-4d"/>
      </symbol>
      <symbol id="sm-5a3">
         <name>__aeabi_memclr</name>
         <value>0x20007f41</value>
         <object_component_ref idref="oc-4d"/>
      </symbol>
      <symbol id="sm-5ad">
         <name>__mpu_init</name>
         <value>0x2000553f</value>
         <object_component_ref idref="oc-59"/>
      </symbol>
      <symbol id="sm-5b7">
         <name>_system_pre_init</name>
         <value>0x200088f7</value>
         <object_component_ref idref="oc-5f"/>
      </symbol>
      <symbol id="sm-5bf">
         <name>main_func_sp</name>
         <value>0x2001783c</value>
         <object_component_ref idref="oc-77"/>
      </symbol>
      <symbol id="sm-5cd">
         <name>strlen</name>
         <value>0x20008879</value>
         <object_component_ref idref="oc-190"/>
      </symbol>
      <symbol id="sm-5e9">
         <name>__aeabi_uldivmod</name>
         <value>0x200070bd</value>
         <object_component_ref idref="oc-2f7"/>
      </symbol>
      <symbol id="sm-60a">
         <name>vsnprintf</name>
         <value>0x20007d29</value>
         <object_component_ref idref="oc-17e"/>
      </symbol>
      <symbol id="sm-623">
         <name>_nop</name>
         <value>0x2000885f</value>
         <object_component_ref idref="oc-15a"/>
      </symbol>
      <symbol id="sm-624">
         <name>_lock</name>
         <value>0x20017830</value>
         <object_component_ref idref="oc-b3"/>
      </symbol>
      <symbol id="sm-625">
         <name>_unlock</name>
         <value>0x20017834</value>
         <object_component_ref idref="oc-b3"/>
      </symbol>
      <symbol id="sm-626">
         <name>_register_lock</name>
         <value>0x20008857</value>
         <object_component_ref idref="oc-15a"/>
      </symbol>
      <symbol id="sm-627">
         <name>_register_unlock</name>
         <value>0x20008851</value>
         <object_component_ref idref="oc-15a"/>
      </symbol>
      <symbol id="sm-728">
         <name>__TI_printfi</name>
         <value>0x20004c45</value>
         <object_component_ref idref="oc-294"/>
      </symbol>
      <symbol id="sm-73c">
         <name>_args_main</name>
         <value>0x2000878d</value>
         <object_component_ref idref="oc-6b"/>
      </symbol>
      <symbol id="sm-752">
         <name>atoi</name>
         <value>0x200082c1</value>
         <object_component_ref idref="oc-323"/>
      </symbol>
      <symbol id="sm-77c">
         <name>__TI_auto_init</name>
         <value>0x20008031</value>
         <object_component_ref idref="oc-65"/>
      </symbol>
      <symbol id="sm-796">
         <name>copy_in</name>
         <value>0x2000830d</value>
         <object_component_ref idref="oc-9a"/>
      </symbol>
      <symbol id="sm-7a1">
         <name>_ctypes_</name>
         <value>0x20008df7</value>
         <object_component_ref idref="oc-36a"/>
      </symbol>
      <symbol id="sm-7b8">
         <name>__aeabi_dsub</name>
         <value>0x200072b1</value>
         <object_component_ref idref="oc-30c"/>
      </symbol>
      <symbol id="sm-7b9">
         <name>__aeabi_dadd</name>
         <value>0x200072bb</value>
         <object_component_ref idref="oc-30c"/>
      </symbol>
      <symbol id="sm-7db">
         <name>__aeabi_cdcmpeq</name>
         <value>0x20007db1</value>
         <object_component_ref idref="oc-2fc"/>
      </symbol>
      <symbol id="sm-7dc">
         <name>__aeabi_cdcmple</name>
         <value>0x20007db1</value>
         <object_component_ref idref="oc-2fc"/>
      </symbol>
      <symbol id="sm-7dd">
         <name>__aeabi_cdrcmple</name>
         <value>0x20007e37</value>
         <object_component_ref idref="oc-301"/>
      </symbol>
      <symbol id="sm-7ec">
         <name>ltoa</name>
         <value>0x2000826d</value>
         <object_component_ref idref="oc-306"/>
      </symbol>
      <symbol id="sm-7fc">
         <name>memccpy</name>
         <value>0x200086c3</value>
         <object_component_ref idref="oc-329"/>
      </symbol>
      <symbol id="sm-817">
         <name>frexpl</name>
         <value>0x20008109</value>
         <object_component_ref idref="oc-311"/>
      </symbol>
      <symbol id="sm-818">
         <name>frexp</name>
         <value>0x20008109</value>
         <object_component_ref idref="oc-311"/>
      </symbol>
      <symbol id="sm-835">
         <name>scalbn</name>
         <value>0x2000792d</value>
         <object_component_ref idref="oc-317"/>
      </symbol>
      <symbol id="sm-836">
         <name>scalbnl</name>
         <value>0x2000792d</value>
         <object_component_ref idref="oc-317"/>
      </symbol>
      <symbol id="sm-837">
         <name>ldexpl</name>
         <value>0x2000792d</value>
         <object_component_ref idref="oc-317"/>
      </symbol>
      <symbol id="sm-838">
         <name>ldexp</name>
         <value>0x2000792d</value>
         <object_component_ref idref="oc-317"/>
      </symbol>
      <symbol id="sm-842">
         <name>_system_post_cinit</name>
         <value>0x20006477</value>
         <object_component_ref idref="oc-a0"/>
      </symbol>
      <symbol id="sm-852">
         <name>strchr</name>
         <value>0x20008813</value>
         <object_component_ref idref="oc-31d"/>
      </symbol>
      <symbol id="sm-85a">
         <name>errno</name>
         <value>0x20017838</value>
         <object_component_ref idref="oc-363"/>
      </symbol>
      <symbol id="sm-864">
         <name>copysign</name>
         <value>0x20008865</value>
         <object_component_ref idref="oc-35d"/>
      </symbol>
      <symbol id="sm-865">
         <name>copysignl</name>
         <value>0x20008865</value>
         <object_component_ref idref="oc-35d"/>
      </symbol>
      <symbol id="sm-866">
         <name>__TI_static_base__</name>
         <value>0x200090c0</value>
      </symbol>
      <symbol id="sm-869">
         <name>SHT$$INIT_ARRAY$$Limit</name>
         <value>0x0</value>
      </symbol>
      <symbol id="sm-86a">
         <name>SHT$$INIT_ARRAY$$Base</name>
         <value>0x0</value>
      </symbol>
   </symbol_table>
   <title>Link successful</title>
</link_info>
